Archive member included to satisfy reference by file (symbol)

d:/arm_none_gcc/bin/../lib/gcc/arm-none-eabi/10.3.1/../../../../arm-none-eabi/lib/thumb/v7e-m+dp/hard\libc_nano.a(lib_a-exit.o)
                              d:/arm_none_gcc/bin/../lib/gcc/arm-none-eabi/10.3.1/../../../../arm-none-eabi/lib/thumb/v7e-m+dp/hard/rdimon-crt0.o (exit)
d:/arm_none_gcc/bin/../lib/gcc/arm-none-eabi/10.3.1/../../../../arm-none-eabi/lib/thumb/v7e-m+dp/hard\libc_nano.a(lib_a-impure.o)
                              d:/arm_none_gcc/bin/../lib/gcc/arm-none-eabi/10.3.1/../../../../arm-none-eabi/lib/thumb/v7e-m+dp/hard\libc_nano.a(lib_a-exit.o) (_global_impure_ptr)
d:/arm_none_gcc/bin/../lib/gcc/arm-none-eabi/10.3.1/../../../../arm-none-eabi/lib/thumb/v7e-m+dp/hard\libc_nano.a(lib_a-init.o)
                              d:/arm_none_gcc/bin/../lib/gcc/arm-none-eabi/10.3.1/../../../../arm-none-eabi/lib/thumb/v7e-m+dp/hard/rdimon-crt0.o (__libc_init_array)
d:/arm_none_gcc/bin/../lib/gcc/arm-none-eabi/10.3.1/../../../../arm-none-eabi/lib/thumb/v7e-m+dp/hard\libc_nano.a(lib_a-memcpy-stub.o)
                              CMakeFiles/target.elf.dir/app/src/ad9910.c.obj (memcpy)
d:/arm_none_gcc/bin/../lib/gcc/arm-none-eabi/10.3.1/../../../../arm-none-eabi/lib/thumb/v7e-m+dp/hard\libc_nano.a(lib_a-memset.o)
                              d:/arm_none_gcc/bin/../lib/gcc/arm-none-eabi/10.3.1/../../../../arm-none-eabi/lib/thumb/v7e-m+dp/hard/rdimon-crt0.o (memset)
d:/arm_none_gcc/bin/../lib/gcc/arm-none-eabi/10.3.1/../../../../arm-none-eabi/lib/thumb/v7e-m+dp/hard\libc_nano.a(lib_a-snprintf.o)
                              CMakeFiles/target.elf.dir/app/src/test.c.obj (snprintf)
d:/arm_none_gcc/bin/../lib/gcc/arm-none-eabi/10.3.1/../../../../arm-none-eabi/lib/thumb/v7e-m+dp/hard\libc_nano.a(lib_a-sprintf.o)
                              CMakeFiles/target.elf.dir/app/src/lcd_spi_169.c.obj (sprintf)
d:/arm_none_gcc/bin/../lib/gcc/arm-none-eabi/10.3.1/../../../../arm-none-eabi/lib/thumb/v7e-m+dp/hard\libc_nano.a(lib_a-strlen.o)
                              CMakeFiles/target.elf.dir/app/src/test.c.obj (strlen)
d:/arm_none_gcc/bin/../lib/gcc/arm-none-eabi/10.3.1/../../../../arm-none-eabi/lib/thumb/v7e-m+dp/hard\libc_nano.a(lib_a-nano-svfprintf.o)
                              d:/arm_none_gcc/bin/../lib/gcc/arm-none-eabi/10.3.1/../../../../arm-none-eabi/lib/thumb/v7e-m+dp/hard\libc_nano.a(lib_a-snprintf.o) (_svfprintf_r)
d:/arm_none_gcc/bin/../lib/gcc/arm-none-eabi/10.3.1/../../../../arm-none-eabi/lib/thumb/v7e-m+dp/hard\libc_nano.a(lib_a-nano-vfprintf_i.o)
                              d:/arm_none_gcc/bin/../lib/gcc/arm-none-eabi/10.3.1/../../../../arm-none-eabi/lib/thumb/v7e-m+dp/hard\libc_nano.a(lib_a-nano-svfprintf.o) (_printf_i)
d:/arm_none_gcc/bin/../lib/gcc/arm-none-eabi/10.3.1/../../../../arm-none-eabi/lib/thumb/v7e-m+dp/hard\libc_nano.a(lib_a-memchr.o)
                              d:/arm_none_gcc/bin/../lib/gcc/arm-none-eabi/10.3.1/../../../../arm-none-eabi/lib/thumb/v7e-m+dp/hard\libc_nano.a(lib_a-nano-svfprintf.o) (memchr)
d:/arm_none_gcc/bin/../lib/gcc/arm-none-eabi/10.3.1/../../../../arm-none-eabi/lib/thumb/v7e-m+dp/hard\libc_nano.a(lib_a-memmove.o)
                              d:/arm_none_gcc/bin/../lib/gcc/arm-none-eabi/10.3.1/../../../../arm-none-eabi/lib/thumb/v7e-m+dp/hard\libc_nano.a(lib_a-nano-svfprintf.o) (memmove)
d:/arm_none_gcc/bin/../lib/gcc/arm-none-eabi/10.3.1/../../../../arm-none-eabi/lib/thumb/v7e-m+dp/hard\libc_nano.a(lib_a-nano-freer.o)
                              d:/arm_none_gcc/bin/../lib/gcc/arm-none-eabi/10.3.1/../../../../arm-none-eabi/lib/thumb/v7e-m+dp/hard\libc_nano.a(lib_a-nano-svfprintf.o) (_free_r)
d:/arm_none_gcc/bin/../lib/gcc/arm-none-eabi/10.3.1/../../../../arm-none-eabi/lib/thumb/v7e-m+dp/hard\libc_nano.a(lib_a-nano-mallocr.o)
                              d:/arm_none_gcc/bin/../lib/gcc/arm-none-eabi/10.3.1/../../../../arm-none-eabi/lib/thumb/v7e-m+dp/hard\libc_nano.a(lib_a-nano-svfprintf.o) (_malloc_r)
d:/arm_none_gcc/bin/../lib/gcc/arm-none-eabi/10.3.1/../../../../arm-none-eabi/lib/thumb/v7e-m+dp/hard\libc_nano.a(lib_a-nano-reallocr.o)
                              d:/arm_none_gcc/bin/../lib/gcc/arm-none-eabi/10.3.1/../../../../arm-none-eabi/lib/thumb/v7e-m+dp/hard\libc_nano.a(lib_a-nano-svfprintf.o) (_realloc_r)
d:/arm_none_gcc/bin/../lib/gcc/arm-none-eabi/10.3.1/../../../../arm-none-eabi/lib/thumb/v7e-m+dp/hard\libc_nano.a(lib_a-sbrkr.o)
                              d:/arm_none_gcc/bin/../lib/gcc/arm-none-eabi/10.3.1/../../../../arm-none-eabi/lib/thumb/v7e-m+dp/hard\libc_nano.a(lib_a-nano-mallocr.o) (_sbrk_r)
d:/arm_none_gcc/bin/../lib/gcc/arm-none-eabi/10.3.1/../../../../arm-none-eabi/lib/thumb/v7e-m+dp/hard\libc_nano.a(lib_a-mlock.o)
                              d:/arm_none_gcc/bin/../lib/gcc/arm-none-eabi/10.3.1/../../../../arm-none-eabi/lib/thumb/v7e-m+dp/hard\libc_nano.a(lib_a-nano-freer.o) (__malloc_lock)
[...]
Memory Configuration

Name             Origin             Length             Attributes
DTCMRAM          0x20000000         0x00020000         xrw
RAM_D1           0x24000000         0x00080000         xrw
RAM_D2           0x30000000         0x00048000         xrw
RAM_D3           0x38000000         0x00010000         xrw
ITCMRAM          0x00000000         0x00010000         xrw
FLASH            0x08000000         0x00020000         xr
*default*        0x00000000         0xffffffff

Linker script and memory map

LOAD d:/arm_none_gcc/bin/../lib/gcc/arm-none-eabi/10.3.1/thumb/v7e-m+dp/hard/crti.o
LOAD d:/arm_none_gcc/bin/../lib/gcc/arm-none-eabi/10.3.1/thumb/v7e-m+dp/hard/crtbegin.o
LOAD d:/arm_none_gcc/bin/../lib/gcc/arm-none-eabi/10.3.1/../../../../arm-none-eabi/lib/thumb/v7e-m+dp/hard/rdimon-crt0.o
LOAD CMakeFiles/target.elf.dir/mcu/Core/Src/adc.c.obj
LOAD CMakeFiles/target.elf.dir/mcu/Core/Src/dma.c.obj
LOAD CMakeFiles/target.elf.dir/mcu/Core/Src/gpio.c.obj
LOAD CMakeFiles/target.elf.dir/mcu/Core/Src/i2c.c.obj
LOAD CMakeFiles/target.elf.dir/mcu/Core/Src/main.c.obj
LOAD CMakeFiles/target.elf.dir/mcu/Core/Src/spi.c.obj
LOAD CMakeFiles/target.elf.dir/mcu/Core/Src/stm32h7xx_hal_msp.c.obj
LOAD CMakeFiles/target.elf.dir/mcu/Core/Src/stm32h7xx_it.c.obj
LOAD CMakeFiles/target.elf.dir/mcu/Core/Src/system_stm32h7xx.c.obj
LOAD CMakeFiles/target.elf.dir/mcu/Core/Src/tim.c.obj
LOAD CMakeFiles/target.elf.dir/mcu/Core/Src/usart.c.obj
LOAD CMakeFiles/target.elf.dir/mcu/Drivers/STM32H7xx_HAL_Driver/Src/stm32h7xx_hal.c.obj
LOAD CMakeFiles/target.elf.dir/mcu/Drivers/STM32H7xx_HAL_Driver/Src/stm32h7xx_hal_adc.c.obj
LOAD CMakeFiles/target.elf.dir/mcu/Drivers/STM32H7xx_HAL_Driver/Src/stm32h7xx_hal_adc_ex.c.obj
LOAD CMakeFiles/target.elf.dir/mcu/Drivers/STM32H7xx_HAL_Driver/Src/stm32h7xx_hal_cortex.c.obj
LOAD CMakeFiles/target.elf.dir/mcu/Drivers/STM32H7xx_HAL_Driver/Src/stm32h7xx_hal_dma.c.obj
LOAD CMakeFiles/target.elf.dir/mcu/Drivers/STM32H7xx_HAL_Driver/Src/stm32h7xx_hal_dma_ex.c.obj
LOAD CMakeFiles/target.elf.dir/mcu/Drivers/STM32H7xx_HAL_Driver/Src/stm32h7xx_hal_exti.c.obj
LOAD CMakeFiles/target.elf.dir/mcu/Drivers/STM32H7xx_HAL_Driver/Src/stm32h7xx_hal_flash.c.obj
LOAD CMakeFiles/target.elf.dir/mcu/Drivers/STM32H7xx_HAL_Driver/Src/stm32h7xx_hal_flash_ex.c.obj
LOAD CMakeFiles/target.elf.dir/mcu/Drivers/STM32H7xx_HAL_Driver/Src/stm32h7xx_hal_gpio.c.obj
LOAD CMakeFiles/target.elf.dir/mcu/Drivers/STM32H7xx_HAL_Driver/Src/stm32h7xx_hal_hsem.c.obj
LOAD CMakeFiles/target.elf.dir/mcu/Drivers/STM32H7xx_HAL_Driver/Src/stm32h7xx_hal_i2c.c.obj
LOAD CMakeFiles/target.elf.dir/mcu/Drivers/STM32H7xx_HAL_Driver/Src/stm32h7xx_hal_i2c_ex.c.obj
LOAD CMakeFiles/target.elf.dir/mcu/Drivers/STM32H7xx_HAL_Driver/Src/stm32h7xx_hal_mdma.c.obj
LOAD CMakeFiles/target.elf.dir/mcu/Drivers/STM32H7xx_HAL_Driver/Src/stm32h7xx_hal_pwr.c.obj
LOAD CMakeFiles/target.elf.dir/mcu/Drivers/STM32H7xx_HAL_Driver/Src/stm32h7xx_hal_pwr_ex.c.obj
LOAD CMakeFiles/target.elf.dir/mcu/Drivers/STM32H7xx_HAL_Driver/Src/stm32h7xx_hal_rcc.c.obj
LOAD CMakeFiles/target.elf.dir/mcu/Drivers/STM32H7xx_HAL_Driver/Src/stm32h7xx_hal_rcc_ex.c.obj
LOAD CMakeFiles/target.elf.dir/mcu/Drivers/STM32H7xx_HAL_Driver/Src/stm32h7xx_hal_spi.c.obj
LOAD CMakeFiles/target.elf.dir/mcu/Drivers/STM32H7xx_HAL_Driver/Src/stm32h7xx_hal_spi_ex.c.obj
LOAD CMakeFiles/target.elf.dir/mcu/Drivers/STM32H7xx_HAL_Driver/Src/stm32h7xx_hal_tim.c.obj
LOAD CMakeFiles/target.elf.dir/mcu/Drivers/STM32H7xx_HAL_Driver/Src/stm32h7xx_hal_tim_ex.c.obj
LOAD CMakeFiles/target.elf.dir/mcu/Drivers/STM32H7xx_HAL_Driver/Src/stm32h7xx_hal_uart.c.obj
LOAD CMakeFiles/target.elf.dir/mcu/Drivers/STM32H7xx_HAL_Driver/Src/stm32h7xx_hal_uart_ex.c.obj
LOAD CMakeFiles/target.elf.dir/app/src/ad9910.c.obj
LOAD CMakeFiles/target.elf.dir/app/src/apfft.c.obj
LOAD CMakeFiles/target.elf.dir/app/src/lcd_fonts.c.obj
LOAD CMakeFiles/target.elf.dir/app/src/lcd_spi_169.c.obj
LOAD CMakeFiles/target.elf.dir/app/src/my_i2c.c.obj
LOAD CMakeFiles/target.elf.dir/app/src/my_rda5820.c.obj
LOAD CMakeFiles/target.elf.dir/app/src/myfft.c.obj
LOAD CMakeFiles/target.elf.dir/app/src/test.c.obj
LOAD CMakeFiles/target.elf.dir/mcu/user_startup_stm32h750xx.s.obj
LOAD d:/arm_none_gcc/bin/../lib/gcc/arm-none-eabi/10.3.1/../../../../arm-none-eabi/lib/thumb/v7e-m+dp/hard\libc_nano.a
LOAD d:/arm_none_gcc/bin/../lib/gcc/arm-none-eabi/10.3.1/../../../../arm-none-eabi/lib/thumb/v7e-m+dp/hard\libm.a
LOAD d:/arm_none_gcc/bin/../lib/gcc/arm-none-eabi/10.3.1/../../../../arm-none-eabi/lib/thumb/v7e-m+dp/hard\libnosys.a
LOAD D:/hahahahaha/VSCODEproject/H750cmakeproject/1-2demultplex/mcu/Drivers/CMSIS/Lib/GCC\libarm_cortexM7lfdp_math.a
START GROUP
LOAD d:/arm_none_gcc/bin/../lib/gcc/arm-none-eabi/10.3.1/thumb/v7e-m+dp/hard\libgcc.a
LOAD d:/arm_none_gcc/bin/../lib/gcc/arm-none-eabi/10.3.1/../../../../arm-none-eabi/lib/thumb/v7e-m+dp/hard\libg_nano.a
LOAD d:/arm_none_gcc/bin/../lib/gcc/arm-none-eabi/10.3.1/../../../../arm-none-eabi/lib/thumb/v7e-m+dp/hard\libc_nano.a
END GROUP
START GROUP
LOAD d:/arm_none_gcc/bin/../lib/gcc/arm-none-eabi/10.3.1/thumb/v7e-m+dp/hard\libgcc.a
LOAD d:/arm_none_gcc/bin/../lib/gcc/arm-none-eabi/10.3.1/../../../../arm-none-eabi/lib/thumb/v7e-m+dp/hard\libc_nano.a
LOAD d:/arm_none_gcc/bin/../lib/gcc/arm-none-eabi/10.3.1/../../../../arm-none-eabi/lib/thumb/v7e-m+dp/hard\librdimon_nano.a
LOAD d:/arm_none_gcc/bin/../lib/gcc/arm-none-eabi/10.3.1/../../../../arm-none-eabi/lib/thumb/v7e-m+dp/hard\libnosys.a
END GROUP
START GROUP
LOAD d:/arm_none_gcc/bin/../lib/gcc/arm-none-eabi/10.3.1/thumb/v7e-m+dp/hard\libgcc.a
LOAD d:/arm_none_gcc/bin/../lib/gcc/arm-none-eabi/10.3.1/../../../../arm-none-eabi/lib/thumb/v7e-m+dp/hard\libc_nano.a
LOAD d:/arm_none_gcc/bin/../lib/gcc/arm-none-eabi/10.3.1/../../../../arm-none-eabi/lib/thumb/v7e-m+dp/hard\libnosys.a
END GROUP
START GROUP
LOAD d:/arm_none_gcc/bin/../lib/gcc/arm-none-eabi/10.3.1/thumb/v7e-m+dp/hard\libgcc.a
LOAD d:/arm_none_gcc/bin/../lib/gcc/arm-none-eabi/10.3.1/../../../../arm-none-eabi/lib/thumb/v7e-m+dp/hard\libc_nano.a
LOAD d:/arm_none_gcc/bin/../lib/gcc/arm-none-eabi/10.3.1/../../../../arm-none-eabi/lib/thumb/v7e-m+dp/hard\librdimon_nano.a
END GROUP
LOAD d:/arm_none_gcc/bin/../lib/gcc/arm-none-eabi/10.3.1/thumb/v7e-m+dp/hard/crtend.o
LOAD d:/arm_none_gcc/bin/../lib/gcc/arm-none-eabi/10.3.1/thumb/v7e-m+dp/hard/crtn.o
                0x20020000                _estack = (ORIGIN (DTCMRAM) + LENGTH (DTCMRAM))
                0x00000200                _Min_Heap_Size = 0x200
                0x00000400                _Min_Stack_Size = 0x400

.isr_vector     0x08000000      0x298
                0x08000000                . = ALIGN (0x4)
 *(.isr_vector)
 .isr_vector    0x08000000      0x298 CMakeFiles/target.elf.dir/mcu/user_startup_stm32h750xx.s.obj
                0x08000000                g_pfnVectors
                0x08000298                . = ALIGN (0x4)

.text           0x080002a0     0xf598
                0x080002a0                . = ALIGN (0x4)
 *(.text)
 .text          0x080002a0       0x40 d:/arm_none_gcc/bin/../lib/gcc/arm-none-eabi/10.3.1/thumb/v7e-m+dp/hard/crtbegin.o
 .text          0x080002e0       0x10 d:/arm_none_gcc/bin/../lib/gcc/arm-none-eabi/10.3.1/../../../../arm-none-eabi/lib/thumb/v7e-m+dp/hard\libc_nano.a(lib_a-strlen.o)
                0x080002e0                strlen
 .text          0x080002f0       0xa0 d:/arm_none_gcc/bin/../lib/gcc/arm-none-eabi/10.3.1/../../../../arm-none-eabi/lib/thumb/v7e-m+dp/hard\libc_nano.a(lib_a-memchr.o)
                0x080002f0                memchr
 .text          0x08000390       0x30 d:/arm_none_gcc/bin/../lib/gcc/arm-none-eabi/10.3.1/thumb/v7e-m+dp/hard\libgcc.a(_aeabi_uldivmod.o)
                0x08000390                __aeabi_uldivmod
 .text          0x080003c0      0x2d0 d:/arm_none_gcc/bin/../lib/gcc/arm-none-eabi/10.3.1/thumb/v7e-m+dp/hard\libgcc.a(_udivmoddi4.o)
                0x080003c0                __udivmoddi4
 .text          0x08000690        0x4 d:/arm_none_gcc/bin/../lib/gcc/arm-none-eabi/10.3.1/thumb/v7e-m+dp/hard\libgcc.a(_dvmd_tls.o)
                0x08000690                __aeabi_idiv0
                0x08000690                __aeabi_ldiv0
 *(.text*)
 .text.MX_ADC1_Init
                0x08000694       0xf4 CMakeFiles/target.elf.dir/mcu/Core/Src/adc.c.obj
                0x08000694                MX_ADC1_Init
 .text.MX_ADC2_Init
                0x08000788       0xcc CMakeFiles/target.elf.dir/mcu/Core/Src/adc.c.obj
                0x08000788                MX_ADC2_Init
 .text.HAL_ADC_MspInit
                0x08000854      0x17c CMakeFiles/target.elf.dir/mcu/Core/Src/adc.c.obj
                0x08000854                HAL_ADC_MspInit
 .text.MX_DMA_Init
                0x080009d0       0x40 CMakeFiles/target.elf.dir/mcu/Core/Src/dma.c.obj
                0x080009d0                MX_DMA_Init
 .text.MX_GPIO_Init
                0x08000a10      0x15c CMakeFiles/target.elf.dir/mcu/Core/Src/gpio.c.obj
                0x08000a10                MX_GPIO_Init
 .text.MX_I2C1_Init
                0x08000b6c       0x80 CMakeFiles/target.elf.dir/mcu/Core/Src/i2c.c.obj
                0x08000b6c                MX_I2C1_Init
 .text.HAL_I2C_MspInit
                0x08000bec       0xd0 CMakeFiles/target.elf.dir/mcu/Core/Src/i2c.c.obj
                0x08000bec                HAL_I2C_MspInit
 .text.main     0x08000cbc      0x5a4 CMakeFiles/target.elf.dir/mcu/Core/Src/main.c.obj
                0x08000cbc                main
 .text.SystemClock_Config
                0x08001260       0xf8 CMakeFiles/target.elf.dir/mcu/Core/Src/main.c.obj
                0x08001260                SystemClock_Config
 .text.PeriphCommonClock_Config
                0x08001358       0x5e CMakeFiles/target.elf.dir/mcu/Core/Src/main.c.obj
                0x08001358                PeriphCommonClock_Config
 *fill*         0x080013b6        0x2 
 .text.middleValueFilter
                0x080013b8      0x130 CMakeFiles/target.elf.dir/mcu/Core/Src/main.c.obj
                0x080013b8                middleValueFilter
 .text.Error_Handler
                0x080014e8        0xa CMakeFiles/target.elf.dir/mcu/Core/Src/main.c.obj
                0x080014e8                Error_Handler
 *fill*         0x080014f2        0x2 
 .text.MX_SPI1_Init
                0x080014f4       0xb0 CMakeFiles/target.elf.dir/mcu/Core/Src/spi.c.obj
                0x080014f4                MX_SPI1_Init
 .text.MX_SPI3_Init
                0x080015a4       0xb4 CMakeFiles/target.elf.dir/mcu/Core/Src/spi.c.obj
                0x080015a4                MX_SPI3_Init
 .text.MX_SPI4_Init
                0x08001658       0xac CMakeFiles/target.elf.dir/mcu/Core/Src/spi.c.obj
                0x08001658                MX_SPI4_Init
 .text.HAL_SPI_MspInit
                0x08001704      0x2fc CMakeFiles/target.elf.dir/mcu/Core/Src/spi.c.obj
                0x08001704                HAL_SPI_MspInit
 .text.HAL_MspInit
                0x08001a00       0x34 CMakeFiles/target.elf.dir/mcu/Core/Src/stm32h7xx_hal_msp.c.obj
                0x08001a00                HAL_MspInit
 .text.NMI_Handler
                0x08001a34        0x6 CMakeFiles/target.elf.dir/mcu/Core/Src/stm32h7xx_it.c.obj
                0x08001a34                NMI_Handler
 .text.HardFault_Handler
                0x08001a3a        0x6 CMakeFiles/target.elf.dir/mcu/Core/Src/stm32h7xx_it.c.obj
                0x08001a3a                HardFault_Handler
 .text.MemManage_Handler
                0x08001a40        0x6 CMakeFiles/target.elf.dir/mcu/Core/Src/stm32h7xx_it.c.obj
                0x08001a40                MemManage_Handler
 .text.BusFault_Handler
                0x08001a46        0x6 CMakeFiles/target.elf.dir/mcu/Core/Src/stm32h7xx_it.c.obj
                0x08001a46                BusFault_Handler
 .text.UsageFault_Handler
                0x08001a4c        0x6 CMakeFiles/target.elf.dir/mcu/Core/Src/stm32h7xx_it.c.obj
                0x08001a4c                UsageFault_Handler
 .text.SVC_Handler
                0x08001a52        0xe CMakeFiles/target.elf.dir/mcu/Core/Src/stm32h7xx_it.c.obj
                0x08001a52                SVC_Handler
 .text.DebugMon_Handler
                0x08001a60        0xe CMakeFiles/target.elf.dir/mcu/Core/Src/stm32h7xx_it.c.obj
                0x08001a60                DebugMon_Handler
 .text.PendSV_Handler
                0x08001a6e        0xe CMakeFiles/target.elf.dir/mcu/Core/Src/stm32h7xx_it.c.obj
                0x08001a6e                PendSV_Handler
 .text.SysTick_Handler
                0x08001a7c        0xc CMakeFiles/target.elf.dir/mcu/Core/Src/stm32h7xx_it.c.obj
                0x08001a7c                SysTick_Handler
 .text.DMA1_Stream0_IRQHandler
                0x08001a88       0x14 CMakeFiles/target.elf.dir/mcu/Core/Src/stm32h7xx_it.c.obj
                0x08001a88                DMA1_Stream0_IRQHandler
 .text.SystemInit
                0x08001a9c      0x110 CMakeFiles/target.elf.dir/mcu/Core/Src/system_stm32h7xx.c.obj
                0x08001a9c                SystemInit
 .text.MX_TIM6_Init
                0x08001bac       0x6c CMakeFiles/target.elf.dir/mcu/Core/Src/tim.c.obj
                0x08001bac                MX_TIM6_Init
 .text.HAL_TIM_Base_MspInit
                0x08001c18       0x44 CMakeFiles/target.elf.dir/mcu/Core/Src/tim.c.obj
                0x08001c18                HAL_TIM_Base_MspInit
 .text.MX_USART1_UART_Init
                0x08001c5c       0x98 CMakeFiles/target.elf.dir/mcu/Core/Src/usart.c.obj
                0x08001c5c                MX_USART1_UART_Init
 .text.MX_USART2_UART_Init
                0x08001cf4       0x98 CMakeFiles/target.elf.dir/mcu/Core/Src/usart.c.obj
                0x08001cf4                MX_USART2_UART_Init
 .text.HAL_UART_MspInit
                0x08001d8c      0x170 CMakeFiles/target.elf.dir/mcu/Core/Src/usart.c.obj
                0x08001d8c                HAL_UART_MspInit
 .text.HAL_Init
                0x08001efc       0x78 CMakeFiles/target.elf.dir/mcu/Drivers/STM32H7xx_HAL_Driver/Src/stm32h7xx_hal.c.obj
                0x08001efc                HAL_Init
 .text.HAL_InitTick
                0x08001f74       0x6c CMakeFiles/target.elf.dir/mcu/Drivers/STM32H7xx_HAL_Driver/Src/stm32h7xx_hal.c.obj
                0x08001f74                HAL_InitTick
 .text.HAL_IncTick
                0x08001fe0       0x28 CMakeFiles/target.elf.dir/mcu/Drivers/STM32H7xx_HAL_Driver/Src/stm32h7xx_hal.c.obj
                0x08001fe0                HAL_IncTick
 .text.HAL_GetTick
                0x08002008       0x18 CMakeFiles/target.elf.dir/mcu/Drivers/STM32H7xx_HAL_Driver/Src/stm32h7xx_hal.c.obj
                0x08002008                HAL_GetTick
 .text.HAL_Delay
                0x08002020       0x48 CMakeFiles/target.elf.dir/mcu/Drivers/STM32H7xx_HAL_Driver/Src/stm32h7xx_hal.c.obj
                0x08002020                HAL_Delay
 .text.HAL_GetREVID
                0x08002068       0x18 CMakeFiles/target.elf.dir/mcu/Drivers/STM32H7xx_HAL_Driver/Src/stm32h7xx_hal.c.obj
                0x08002068                HAL_GetREVID
 .text.LL_ADC_SetCommonClock
                0x08002080       0x26 CMakeFiles/target.elf.dir/mcu/Drivers/STM32H7xx_HAL_Driver/Src/stm32h7xx_hal_adc.c.obj
 .text.LL_ADC_SetCommonPathInternalCh
                0x080020a6       0x26 CMakeFiles/target.elf.dir/mcu/Drivers/STM32H7xx_HAL_Driver/Src/stm32h7xx_hal_adc.c.obj
 .text.LL_ADC_GetCommonPathInternalCh
                0x080020cc       0x1c CMakeFiles/target.elf.dir/mcu/Drivers/STM32H7xx_HAL_Driver/Src/stm32h7xx_hal_adc.c.obj
 .text.LL_ADC_SetOffset
                0x080020e8       0x40 CMakeFiles/target.elf.dir/mcu/Drivers/STM32H7xx_HAL_Driver/Src/stm32h7xx_hal_adc.c.obj
 .text.LL_ADC_SetDataRightShift
                0x08002128       0x32 CMakeFiles/target.elf.dir/mcu/Drivers/STM32H7xx_HAL_Driver/Src/stm32h7xx_hal_adc.c.obj
 .text.LL_ADC_SetOffsetSignedSaturation
                0x0800215a       0x36 CMakeFiles/target.elf.dir/mcu/Drivers/STM32H7xx_HAL_Driver/Src/stm32h7xx_hal_adc.c.obj
 .text.LL_ADC_REG_IsTriggerSourceSWStart
                0x08002190       0x26 CMakeFiles/target.elf.dir/mcu/Drivers/STM32H7xx_HAL_Driver/Src/stm32h7xx_hal_adc.c.obj
 .text.LL_ADC_REG_SetSequencerRanks
                0x080021b6       0x58 CMakeFiles/target.elf.dir/mcu/Drivers/STM32H7xx_HAL_Driver/Src/stm32h7xx_hal_adc.c.obj
 .text.LL_ADC_REG_SetDataTransferMode
                0x0800220e       0x26 CMakeFiles/target.elf.dir/mcu/Drivers/STM32H7xx_HAL_Driver/Src/stm32h7xx_hal_adc.c.obj
 .text.LL_ADC_SetChannelSamplingTime
                0x08002234       0x56 CMakeFiles/target.elf.dir/mcu/Drivers/STM32H7xx_HAL_Driver/Src/stm32h7xx_hal_adc.c.obj
 *fill*         0x0800228a        0x2 
 .text.LL_ADC_SetChannelSingleDiff
                0x0800228c       0x48 CMakeFiles/target.elf.dir/mcu/Drivers/STM32H7xx_HAL_Driver/Src/stm32h7xx_hal_adc.c.obj
 .text.LL_ADC_GetMultimode
                0x080022d4       0x1c CMakeFiles/target.elf.dir/mcu/Drivers/STM32H7xx_HAL_Driver/Src/stm32h7xx_hal_adc.c.obj
 .text.LL_ADC_GetMultiDMATransfer
                0x080022f0       0x1c CMakeFiles/target.elf.dir/mcu/Drivers/STM32H7xx_HAL_Driver/Src/stm32h7xx_hal_adc.c.obj
 .text.LL_ADC_DisableDeepPowerDown
                0x0800230c       0x24 CMakeFiles/target.elf.dir/mcu/Drivers/STM32H7xx_HAL_Driver/Src/stm32h7xx_hal_adc.c.obj
 .text.LL_ADC_IsDeepPowerDownEnabled
                0x08002330       0x28 CMakeFiles/target.elf.dir/mcu/Drivers/STM32H7xx_HAL_Driver/Src/stm32h7xx_hal_adc.c.obj
 .text.LL_ADC_EnableInternalRegulator
                0x08002358       0x28 CMakeFiles/target.elf.dir/mcu/Drivers/STM32H7xx_HAL_Driver/Src/stm32h7xx_hal_adc.c.obj
 .text.LL_ADC_IsInternalRegulatorEnabled
                0x08002380       0x28 CMakeFiles/target.elf.dir/mcu/Drivers/STM32H7xx_HAL_Driver/Src/stm32h7xx_hal_adc.c.obj
 .text.LL_ADC_Enable
                0x080023a8       0x28 CMakeFiles/target.elf.dir/mcu/Drivers/STM32H7xx_HAL_Driver/Src/stm32h7xx_hal_adc.c.obj
 .text.LL_ADC_Disable
                0x080023d0       0x28 CMakeFiles/target.elf.dir/mcu/Drivers/STM32H7xx_HAL_Driver/Src/stm32h7xx_hal_adc.c.obj
 .text.LL_ADC_IsEnabled
                0x080023f8       0x26 CMakeFiles/target.elf.dir/mcu/Drivers/STM32H7xx_HAL_Driver/Src/stm32h7xx_hal_adc.c.obj
 .text.LL_ADC_IsDisableOngoing
                0x0800241e       0x26 CMakeFiles/target.elf.dir/mcu/Drivers/STM32H7xx_HAL_Driver/Src/stm32h7xx_hal_adc.c.obj
 .text.LL_ADC_REG_StartConversion
                0x08002444       0x28 CMakeFiles/target.elf.dir/mcu/Drivers/STM32H7xx_HAL_Driver/Src/stm32h7xx_hal_adc.c.obj
 .text.LL_ADC_REG_StopConversion
                0x0800246c       0x28 CMakeFiles/target.elf.dir/mcu/Drivers/STM32H7xx_HAL_Driver/Src/stm32h7xx_hal_adc.c.obj
 .text.LL_ADC_REG_IsConversionOngoing
                0x08002494       0x26 CMakeFiles/target.elf.dir/mcu/Drivers/STM32H7xx_HAL_Driver/Src/stm32h7xx_hal_adc.c.obj
 *fill*         0x080024ba        0x2 
 .text.LL_ADC_INJ_StopConversion
                0x080024bc       0x28 CMakeFiles/target.elf.dir/mcu/Drivers/STM32H7xx_HAL_Driver/Src/stm32h7xx_hal_adc.c.obj
 .text.LL_ADC_INJ_IsConversionOngoing
                0x080024e4       0x26 CMakeFiles/target.elf.dir/mcu/Drivers/STM32H7xx_HAL_Driver/Src/stm32h7xx_hal_adc.c.obj
 *fill*         0x0800250a        0x2 
 .text.HAL_ADC_Init
                0x0800250c      0x344 CMakeFiles/target.elf.dir/mcu/Drivers/STM32H7xx_HAL_Driver/Src/stm32h7xx_hal_adc.c.obj
                0x0800250c                HAL_ADC_Init
 .text.HAL_ADC_Start
                0x08002850      0x194 CMakeFiles/target.elf.dir/mcu/Drivers/STM32H7xx_HAL_Driver/Src/stm32h7xx_hal_adc.c.obj
                0x08002850                HAL_ADC_Start
 .text.HAL_ADC_Stop
                0x080029e4       0x68 CMakeFiles/target.elf.dir/mcu/Drivers/STM32H7xx_HAL_Driver/Src/stm32h7xx_hal_adc.c.obj
                0x080029e4                HAL_ADC_Stop
 .text.HAL_ADC_PollForConversion
                0x08002a4c      0x1e8 CMakeFiles/target.elf.dir/mcu/Drivers/STM32H7xx_HAL_Driver/Src/stm32h7xx_hal_adc.c.obj
                0x08002a4c                HAL_ADC_PollForConversion
 .text.HAL_ADC_Start_DMA
                0x08002c34      0x188 CMakeFiles/target.elf.dir/mcu/Drivers/STM32H7xx_HAL_Driver/Src/stm32h7xx_hal_adc.c.obj
                0x08002c34                HAL_ADC_Start_DMA
 .text.HAL_ADC_Stop_DMA
                0x08002dbc       0xc4 CMakeFiles/target.elf.dir/mcu/Drivers/STM32H7xx_HAL_Driver/Src/stm32h7xx_hal_adc.c.obj
                0x08002dbc                HAL_ADC_Stop_DMA
 .text.HAL_ADC_GetValue
                0x08002e80       0x1a CMakeFiles/target.elf.dir/mcu/Drivers/STM32H7xx_HAL_Driver/Src/stm32h7xx_hal_adc.c.obj
                0x08002e80                HAL_ADC_GetValue
 .text.HAL_ADC_ConvCpltCallback
                0x08002e9a       0x14 CMakeFiles/target.elf.dir/mcu/Drivers/STM32H7xx_HAL_Driver/Src/stm32h7xx_hal_adc.c.obj
                0x08002e9a                HAL_ADC_ConvCpltCallback
 .text.HAL_ADC_ConvHalfCpltCallback
                0x08002eae       0x14 CMakeFiles/target.elf.dir/mcu/Drivers/STM32H7xx_HAL_Driver/Src/stm32h7xx_hal_adc.c.obj
                0x08002eae                HAL_ADC_ConvHalfCpltCallback
 .text.HAL_ADC_ErrorCallback
                0x08002ec2       0x14 CMakeFiles/target.elf.dir/mcu/Drivers/STM32H7xx_HAL_Driver/Src/stm32h7xx_hal_adc.c.obj
                0x08002ec2                HAL_ADC_ErrorCallback
 *fill*         0x08002ed6        0x2 
 .text.HAL_ADC_ConfigChannel
                0x08002ed8      0x6a0 CMakeFiles/target.elf.dir/mcu/Drivers/STM32H7xx_HAL_Driver/Src/stm32h7xx_hal_adc.c.obj
                0x08002ed8                HAL_ADC_ConfigChannel
 .text.ADC_ConversionStop
                0x08003578      0x178 CMakeFiles/target.elf.dir/mcu/Drivers/STM32H7xx_HAL_Driver/Src/stm32h7xx_hal_adc.c.obj
                0x08003578                ADC_ConversionStop
 .text.ADC_Enable
                0x080036f0      0x114 CMakeFiles/target.elf.dir/mcu/Drivers/STM32H7xx_HAL_Driver/Src/stm32h7xx_hal_adc.c.obj
                0x080036f0                ADC_Enable
 .text.ADC_Disable
                0x08003804       0xbe CMakeFiles/target.elf.dir/mcu/Drivers/STM32H7xx_HAL_Driver/Src/stm32h7xx_hal_adc.c.obj
                0x08003804                ADC_Disable
 .text.ADC_DMAConvCplt
                0x080038c2       0xd8 CMakeFiles/target.elf.dir/mcu/Drivers/STM32H7xx_HAL_Driver/Src/stm32h7xx_hal_adc.c.obj
                0x080038c2                ADC_DMAConvCplt
 .text.ADC_DMAHalfConvCplt
                0x0800399a       0x1c CMakeFiles/target.elf.dir/mcu/Drivers/STM32H7xx_HAL_Driver/Src/stm32h7xx_hal_adc.c.obj
                0x0800399a                ADC_DMAHalfConvCplt
 .text.ADC_DMAError
                0x080039b6       0x34 CMakeFiles/target.elf.dir/mcu/Drivers/STM32H7xx_HAL_Driver/Src/stm32h7xx_hal_adc.c.obj
                0x080039b6                ADC_DMAError
 *fill*         0x080039ea        0x2 
 .text.ADC_ConfigureBoostMode
                0x080039ec      0x218 CMakeFiles/target.elf.dir/mcu/Drivers/STM32H7xx_HAL_Driver/Src/stm32h7xx_hal_adc.c.obj
                0x080039ec                ADC_ConfigureBoostMode
 .text.LL_ADC_IsEnabled
                0x08003c04       0x26 CMakeFiles/target.elf.dir/mcu/Drivers/STM32H7xx_HAL_Driver/Src/stm32h7xx_hal_adc_ex.c.obj
 *fill*         0x08003c2a        0x2 
 .text.LL_ADC_StartCalibration
                0x08003c2c       0x3c CMakeFiles/target.elf.dir/mcu/Drivers/STM32H7xx_HAL_Driver/Src/stm32h7xx_hal_adc_ex.c.obj
 .text.LL_ADC_IsCalibrationOnGoing
                0x08003c68       0x28 CMakeFiles/target.elf.dir/mcu/Drivers/STM32H7xx_HAL_Driver/Src/stm32h7xx_hal_adc_ex.c.obj
 .text.LL_ADC_REG_IsConversionOngoing
                0x08003c90       0x26 CMakeFiles/target.elf.dir/mcu/Drivers/STM32H7xx_HAL_Driver/Src/stm32h7xx_hal_adc_ex.c.obj
 *fill*         0x08003cb6        0x2 
 .text.HAL_ADCEx_Calibration_Start
                0x08003cb8       0xc8 CMakeFiles/target.elf.dir/mcu/Drivers/STM32H7xx_HAL_Driver/Src/stm32h7xx_hal_adc_ex.c.obj
                0x08003cb8                HAL_ADCEx_Calibration_Start
 .text.HAL_ADCEx_MultiModeConfigChannel
                0x08003d80      0x1bc CMakeFiles/target.elf.dir/mcu/Drivers/STM32H7xx_HAL_Driver/Src/stm32h7xx_hal_adc_ex.c.obj
                0x08003d80                HAL_ADCEx_MultiModeConfigChannel
 .text.__NVIC_SetPriorityGrouping
                0x08003f3c       0x48 CMakeFiles/target.elf.dir/mcu/Drivers/STM32H7xx_HAL_Driver/Src/stm32h7xx_hal_cortex.c.obj
 .text.__NVIC_GetPriorityGrouping
                0x08003f84       0x1c CMakeFiles/target.elf.dir/mcu/Drivers/STM32H7xx_HAL_Driver/Src/stm32h7xx_hal_cortex.c.obj
 .text.__NVIC_EnableIRQ
                0x08003fa0       0x3c CMakeFiles/target.elf.dir/mcu/Drivers/STM32H7xx_HAL_Driver/Src/stm32h7xx_hal_cortex.c.obj
 .text.__NVIC_SetPriority
                0x08003fdc       0x54 CMakeFiles/target.elf.dir/mcu/Drivers/STM32H7xx_HAL_Driver/Src/stm32h7xx_hal_cortex.c.obj
 .text.NVIC_EncodePriority
                0x08004030       0x66 CMakeFiles/target.elf.dir/mcu/Drivers/STM32H7xx_HAL_Driver/Src/stm32h7xx_hal_cortex.c.obj
 *fill*         0x08004096        0x2 
 .text.SysTick_Config
                0x08004098       0x44 CMakeFiles/target.elf.dir/mcu/Drivers/STM32H7xx_HAL_Driver/Src/stm32h7xx_hal_cortex.c.obj
 .text.HAL_NVIC_SetPriorityGrouping
                0x080040dc       0x16 CMakeFiles/target.elf.dir/mcu/Drivers/STM32H7xx_HAL_Driver/Src/stm32h7xx_hal_cortex.c.obj
                0x080040dc                HAL_NVIC_SetPriorityGrouping
 .text.HAL_NVIC_SetPriority
                0x080040f2       0x34 CMakeFiles/target.elf.dir/mcu/Drivers/STM32H7xx_HAL_Driver/Src/stm32h7xx_hal_cortex.c.obj
                0x080040f2                HAL_NVIC_SetPriority
 .text.HAL_NVIC_EnableIRQ
                0x08004126       0x1c CMakeFiles/target.elf.dir/mcu/Drivers/STM32H7xx_HAL_Driver/Src/stm32h7xx_hal_cortex.c.obj
                0x08004126                HAL_NVIC_EnableIRQ
 .text.HAL_SYSTICK_Config
                0x08004142       0x18 CMakeFiles/target.elf.dir/mcu/Drivers/STM32H7xx_HAL_Driver/Src/stm32h7xx_hal_cortex.c.obj
                0x08004142                HAL_SYSTICK_Config
 *fill*         0x0800415a        0x2 
 .text.HAL_DMA_Init
                0x0800415c      0x6b8 CMakeFiles/target.elf.dir/mcu/Drivers/STM32H7xx_HAL_Driver/Src/stm32h7xx_hal_dma.c.obj
                0x0800415c                HAL_DMA_Init
 .text.HAL_DMA_Start_IT
                0x08004814      0x4d4 CMakeFiles/target.elf.dir/mcu/Drivers/STM32H7xx_HAL_Driver/Src/stm32h7xx_hal_dma.c.obj
                0x08004814                HAL_DMA_Start_IT
 .text.HAL_DMA_Abort
                0x08004ce8      0x63c CMakeFiles/target.elf.dir/mcu/Drivers/STM32H7xx_HAL_Driver/Src/stm32h7xx_hal_dma.c.obj
                0x08004ce8                HAL_DMA_Abort
 .text.HAL_DMA_IRQHandler
                0x08005324      0xe54 CMakeFiles/target.elf.dir/mcu/Drivers/STM32H7xx_HAL_Driver/Src/stm32h7xx_hal_dma.c.obj
                0x08005324                HAL_DMA_IRQHandler
 .text.DMA_SetConfig
                0x08006178      0x358 CMakeFiles/target.elf.dir/mcu/Drivers/STM32H7xx_HAL_Driver/Src/stm32h7xx_hal_dma.c.obj
 .text.DMA_CalcBaseAndBitshift
                0x080064d0      0x164 CMakeFiles/target.elf.dir/mcu/Drivers/STM32H7xx_HAL_Driver/Src/stm32h7xx_hal_dma.c.obj
 .text.DMA_CheckFifoParam
                0x08006634       0xf8 CMakeFiles/target.elf.dir/mcu/Drivers/STM32H7xx_HAL_Driver/Src/stm32h7xx_hal_dma.c.obj
 .text.DMA_CalcDMAMUXChannelBaseAndMask
                0x0800672c      0x134 CMakeFiles/target.elf.dir/mcu/Drivers/STM32H7xx_HAL_Driver/Src/stm32h7xx_hal_dma.c.obj
 .text.DMA_CalcDMAMUXRequestGenBaseAndMask
                0x08006860       0xe8 CMakeFiles/target.elf.dir/mcu/Drivers/STM32H7xx_HAL_Driver/Src/stm32h7xx_hal_dma.c.obj
 .text.HAL_GPIO_Init
                0x08006948      0x360 CMakeFiles/target.elf.dir/mcu/Drivers/STM32H7xx_HAL_Driver/Src/stm32h7xx_hal_gpio.c.obj
                0x08006948                HAL_GPIO_Init
 .text.HAL_GPIO_WritePin
                0x08006ca8       0x32 CMakeFiles/target.elf.dir/mcu/Drivers/STM32H7xx_HAL_Driver/Src/stm32h7xx_hal_gpio.c.obj
                0x08006ca8                HAL_GPIO_WritePin
 *fill*         0x08006cda        0x2 
 .text.HAL_I2C_Init
                0x08006cdc      0x120 CMakeFiles/target.elf.dir/mcu/Drivers/STM32H7xx_HAL_Driver/Src/stm32h7xx_hal_i2c.c.obj
                0x08006cdc                HAL_I2C_Init
 .text.HAL_I2CEx_ConfigAnalogFilter
                0x08006dfc       0x96 CMakeFiles/target.elf.dir/mcu/Drivers/STM32H7xx_HAL_Driver/Src/stm32h7xx_hal_i2c_ex.c.obj
                0x08006dfc                HAL_I2CEx_ConfigAnalogFilter
 .text.HAL_I2CEx_ConfigDigitalFilter
                0x08006e92       0x98 CMakeFiles/target.elf.dir/mcu/Drivers/STM32H7xx_HAL_Driver/Src/stm32h7xx_hal_i2c_ex.c.obj
                0x08006e92                HAL_I2CEx_ConfigDigitalFilter
 *fill*         0x08006f2a        0x2 
 .text.HAL_PWREx_ConfigSupply
                0x08006f2c       0x74 CMakeFiles/target.elf.dir/mcu/Drivers/STM32H7xx_HAL_Driver/Src/stm32h7xx_hal_pwr_ex.c.obj
                0x08006f2c                HAL_PWREx_ConfigSupply
 .text.HAL_RCC_OscConfig
                0x08006fa0      0x8b4 CMakeFiles/target.elf.dir/mcu/Drivers/STM32H7xx_HAL_Driver/Src/stm32h7xx_hal_rcc.c.obj
                0x08006fa0                HAL_RCC_OscConfig
 .text.HAL_RCC_ClockConfig
                0x08007854      0x36c CMakeFiles/target.elf.dir/mcu/Drivers/STM32H7xx_HAL_Driver/Src/stm32h7xx_hal_rcc.c.obj
                0x08007854                HAL_RCC_ClockConfig
 .text.HAL_RCC_GetSysClockFreq
                0x08007bc0      0x2f4 CMakeFiles/target.elf.dir/mcu/Drivers/STM32H7xx_HAL_Driver/Src/stm32h7xx_hal_rcc.c.obj
                0x08007bc0                HAL_RCC_GetSysClockFreq
 .text.HAL_RCC_GetHCLKFreq
                0x08007eb4       0x60 CMakeFiles/target.elf.dir/mcu/Drivers/STM32H7xx_HAL_Driver/Src/stm32h7xx_hal_rcc.c.obj
                0x08007eb4                HAL_RCC_GetHCLKFreq
 .text.HAL_RCC_GetPCLK1Freq
                0x08007f14       0x2c CMakeFiles/target.elf.dir/mcu/Drivers/STM32H7xx_HAL_Driver/Src/stm32h7xx_hal_rcc.c.obj
                0x08007f14                HAL_RCC_GetPCLK1Freq
 .text.HAL_RCC_GetPCLK2Freq
                0x08007f40       0x2c CMakeFiles/target.elf.dir/mcu/Drivers/STM32H7xx_HAL_Driver/Src/stm32h7xx_hal_rcc.c.obj
                0x08007f40                HAL_RCC_GetPCLK2Freq
 .text.HAL_RCCEx_PeriphCLKConfig
                0x08007f6c     0x1414 CMakeFiles/target.elf.dir/mcu/Drivers/STM32H7xx_HAL_Driver/Src/stm32h7xx_hal_rcc_ex.c.obj
                0x08007f6c                HAL_RCCEx_PeriphCLKConfig
 .text.HAL_RCCEx_GetPeriphCLKFreq
                0x08009380      0xb00 CMakeFiles/target.elf.dir/mcu/Drivers/STM32H7xx_HAL_Driver/Src/stm32h7xx_hal_rcc_ex.c.obj
                0x08009380                HAL_RCCEx_GetPeriphCLKFreq
 .text.HAL_RCCEx_GetD3PCLK1Freq
                0x08009e80       0x2c CMakeFiles/target.elf.dir/mcu/Drivers/STM32H7xx_HAL_Driver/Src/stm32h7xx_hal_rcc_ex.c.obj
                0x08009e80                HAL_RCCEx_GetD3PCLK1Freq
 .text.HAL_RCCEx_GetPLL2ClockFreq
                0x08009eac      0x2a8 CMakeFiles/target.elf.dir/mcu/Drivers/STM32H7xx_HAL_Driver/Src/stm32h7xx_hal_rcc_ex.c.obj
                0x08009eac                HAL_RCCEx_GetPLL2ClockFreq
 .text.HAL_RCCEx_GetPLL3ClockFreq
                0x0800a154      0x2a8 CMakeFiles/target.elf.dir/mcu/Drivers/STM32H7xx_HAL_Driver/Src/stm32h7xx_hal_rcc_ex.c.obj
                0x0800a154                HAL_RCCEx_GetPLL3ClockFreq
 .text.HAL_RCCEx_GetPLL1ClockFreq
                0x0800a3fc      0x2a4 CMakeFiles/target.elf.dir/mcu/Drivers/STM32H7xx_HAL_Driver/Src/stm32h7xx_hal_rcc_ex.c.obj
                0x0800a3fc                HAL_RCCEx_GetPLL1ClockFreq
 .text.RCCEx_PLL2_Config
                0x0800a6a0      0x164 CMakeFiles/target.elf.dir/mcu/Drivers/STM32H7xx_HAL_Driver/Src/stm32h7xx_hal_rcc_ex.c.obj
 .text.RCCEx_PLL3_Config
                0x0800a804      0x164 CMakeFiles/target.elf.dir/mcu/Drivers/STM32H7xx_HAL_Driver/Src/stm32h7xx_hal_rcc_ex.c.obj
 .text.HAL_SPI_Init
                0x0800a968      0x248 CMakeFiles/target.elf.dir/mcu/Drivers/STM32H7xx_HAL_Driver/Src/stm32h7xx_hal_spi.c.obj
                0x0800a968                HAL_SPI_Init
 .text.HAL_SPI_Transmit
                0x0800abb0      0x3f8 CMakeFiles/target.elf.dir/mcu/Drivers/STM32H7xx_HAL_Driver/Src/stm32h7xx_hal_spi.c.obj
                0x0800abb0                HAL_SPI_Transmit
 .text.SPI_CloseTransfer
                0x0800afa8      0x140 CMakeFiles/target.elf.dir/mcu/Drivers/STM32H7xx_HAL_Driver/Src/stm32h7xx_hal_spi.c.obj
 .text.SPI_WaitOnFlagUntilTimeout
                0x0800b0e8       0x5c CMakeFiles/target.elf.dir/mcu/Drivers/STM32H7xx_HAL_Driver/Src/stm32h7xx_hal_spi.c.obj
 .text.SPI_GetPacketSize
                0x0800b144       0x36 CMakeFiles/target.elf.dir/mcu/Drivers/STM32H7xx_HAL_Driver/Src/stm32h7xx_hal_spi.c.obj
 .text.HAL_TIM_Base_Init
                0x0800b17a       0xae CMakeFiles/target.elf.dir/mcu/Drivers/STM32H7xx_HAL_Driver/Src/stm32h7xx_hal_tim.c.obj
                0x0800b17a                HAL_TIM_Base_Init
 .text.HAL_TIM_Base_Start
                0x0800b228       0xe0 CMakeFiles/target.elf.dir/mcu/Drivers/STM32H7xx_HAL_Driver/Src/stm32h7xx_hal_tim.c.obj
                0x0800b228                HAL_TIM_Base_Start
 .text.HAL_TIM_Base_Stop
                0x0800b308       0x4e CMakeFiles/target.elf.dir/mcu/Drivers/STM32H7xx_HAL_Driver/Src/stm32h7xx_hal_tim.c.obj
                0x0800b308                HAL_TIM_Base_Stop
 *fill*         0x0800b356        0x2 
 .text.TIM_Base_SetConfig
                0x0800b358      0x134 CMakeFiles/target.elf.dir/mcu/Drivers/STM32H7xx_HAL_Driver/Src/stm32h7xx_hal_tim.c.obj
                0x0800b358                TIM_Base_SetConfig
 .text.HAL_TIMEx_MasterConfigSynchronization
                0x0800b48c      0x11c CMakeFiles/target.elf.dir/mcu/Drivers/STM32H7xx_HAL_Driver/Src/stm32h7xx_hal_tim_ex.c.obj
                0x0800b48c                HAL_TIMEx_MasterConfigSynchronization
 .text.HAL_UART_Init
                0x0800b5a8       0xa0 CMakeFiles/target.elf.dir/mcu/Drivers/STM32H7xx_HAL_Driver/Src/stm32h7xx_hal_uart.c.obj
                0x0800b5a8                HAL_UART_Init
 .text.HAL_UART_Transmit
                0x0800b648      0x11c CMakeFiles/target.elf.dir/mcu/Drivers/STM32H7xx_HAL_Driver/Src/stm32h7xx_hal_uart.c.obj
                0x0800b648                HAL_UART_Transmit
 .text.UART_SetConfig
                0x0800b764      0xad0 CMakeFiles/target.elf.dir/mcu/Drivers/STM32H7xx_HAL_Driver/Src/stm32h7xx_hal_uart.c.obj
                0x0800b764                UART_SetConfig
 .text.UART_AdvFeatureConfig
                0x0800c234      0x144 CMakeFiles/target.elf.dir/mcu/Drivers/STM32H7xx_HAL_Driver/Src/stm32h7xx_hal_uart.c.obj
                0x0800c234                UART_AdvFeatureConfig
 .text.UART_CheckIdleState
                0x0800c378      0x154 CMakeFiles/target.elf.dir/mcu/Drivers/STM32H7xx_HAL_Driver/Src/stm32h7xx_hal_uart.c.obj
                0x0800c378                UART_CheckIdleState
 .text.UART_WaitOnFlagUntilTimeout
                0x0800c4cc       0xce CMakeFiles/target.elf.dir/mcu/Drivers/STM32H7xx_HAL_Driver/Src/stm32h7xx_hal_uart.c.obj
                0x0800c4cc                UART_WaitOnFlagUntilTimeout
 *fill*         0x0800c59a        0x2 
 .text.UART_EndRxTransfer
                0x0800c59c       0xcc CMakeFiles/target.elf.dir/mcu/Drivers/STM32H7xx_HAL_Driver/Src/stm32h7xx_hal_uart.c.obj
 .text.HAL_UARTEx_DisableFifoMode
                0x0800c668       0x72 CMakeFiles/target.elf.dir/mcu/Drivers/STM32H7xx_HAL_Driver/Src/stm32h7xx_hal_uart_ex.c.obj
                0x0800c668                HAL_UARTEx_DisableFifoMode
 .text.HAL_UARTEx_SetTxFifoThreshold
                0x0800c6da       0x7c CMakeFiles/target.elf.dir/mcu/Drivers/STM32H7xx_HAL_Driver/Src/stm32h7xx_hal_uart_ex.c.obj
                0x0800c6da                HAL_UARTEx_SetTxFifoThreshold
 .text.HAL_UARTEx_SetRxFifoThreshold
                0x0800c756       0x7c CMakeFiles/target.elf.dir/mcu/Drivers/STM32H7xx_HAL_Driver/Src/stm32h7xx_hal_uart_ex.c.obj
                0x0800c756                HAL_UARTEx_SetRxFifoThreshold
 *fill*         0x0800c7d2        0x2 
 .text.UARTEx_SetNbDataToProcess
                0x0800c7d4       0x9c CMakeFiles/target.elf.dir/mcu/Drivers/STM32H7xx_HAL_Driver/Src/stm32h7xx_hal_uart_ex.c.obj
 .text.__AD9910_writeCFR
                0x0800c870       0x8c CMakeFiles/target.elf.dir/app/src/ad9910.c.obj
 .text.AD9910_init
                0x0800c8fc       0x68 CMakeFiles/target.elf.dir/app/src/ad9910.c.obj
                0x0800c8fc                AD9910_init
 .text.AD9910_setCFR
                0x0800c964      0x138 CMakeFiles/target.elf.dir/app/src/ad9910.c.obj
                0x0800c964                AD9910_setCFR
 *fill*         0x0800ca9c        0x4 
 .text.__AD9910_sendSingleToneProfile
                0x0800caa0      0x164 CMakeFiles/target.elf.dir/app/src/ad9910.c.obj
 .text.SineWave
                0x0800cc04       0x40 CMakeFiles/target.elf.dir/app/src/ad9910.c.obj
                0x0800cc04                SineWave
 .text.LCD_WriteCommand
                0x0800cc44       0x34 CMakeFiles/target.elf.dir/app/src/lcd_spi_169.c.obj
                0x0800cc44                LCD_WriteCommand
 .text.LCD_WriteData_8bit
                0x0800cc78       0x34 CMakeFiles/target.elf.dir/app/src/lcd_spi_169.c.obj
                0x0800cc78                LCD_WriteData_8bit
 .text.LCD_WriteData_16bit
                0x0800ccac       0x48 CMakeFiles/target.elf.dir/app/src/lcd_spi_169.c.obj
                0x0800ccac                LCD_WriteData_16bit
 .text.LCD_WriteBuff
                0x0800ccf4       0x50 CMakeFiles/target.elf.dir/app/src/lcd_spi_169.c.obj
                0x0800ccf4                LCD_WriteBuff
 .text.SPI_LCD_Init
                0x0800cd44      0x1b8 CMakeFiles/target.elf.dir/app/src/lcd_spi_169.c.obj
                0x0800cd44                SPI_LCD_Init
 .text.LCD_SetAddress
                0x0800cefc       0x84 CMakeFiles/target.elf.dir/app/src/lcd_spi_169.c.obj
                0x0800cefc                LCD_SetAddress
 .text.LCD_SetColor
                0x0800cf80       0x60 CMakeFiles/target.elf.dir/app/src/lcd_spi_169.c.obj
                0x0800cf80                LCD_SetColor
 .text.LCD_SetBackColor
                0x0800cfe0       0x60 CMakeFiles/target.elf.dir/app/src/lcd_spi_169.c.obj
                0x0800cfe0                LCD_SetBackColor
 .text.LCD_SetDirection
                0x0800d040       0xd4 CMakeFiles/target.elf.dir/app/src/lcd_spi_169.c.obj
                0x0800d040                LCD_SetDirection
 .text.LCD_SetAsciiFont
                0x0800d114       0x20 CMakeFiles/target.elf.dir/app/src/lcd_spi_169.c.obj
                0x0800d114                LCD_SetAsciiFont
 .text.LCD_Clear
                0x0800d134       0x6c CMakeFiles/target.elf.dir/app/src/lcd_spi_169.c.obj
                0x0800d134                LCD_Clear
 .text.LCD_DisplayChar
                0x0800d1a0      0x114 CMakeFiles/target.elf.dir/app/src/lcd_spi_169.c.obj
                0x0800d1a0                LCD_DisplayChar
 .text.LCD_DisplayString
                0x0800d2b4       0x54 CMakeFiles/target.elf.dir/app/src/lcd_spi_169.c.obj
                0x0800d2b4                LCD_DisplayString
 .text.LCD_ShowNumMode
                0x0800d308       0x20 CMakeFiles/target.elf.dir/app/src/lcd_spi_169.c.obj
                0x0800d308                LCD_ShowNumMode
 .text.LCD_DisplayNumber
                0x0800d328       0x60 CMakeFiles/target.elf.dir/app/src/lcd_spi_169.c.obj
                0x0800d328                LCD_DisplayNumber
 .text.LCD_SPI_WaitOnFlagUntilTimeout
                0x0800d388       0x5c CMakeFiles/target.elf.dir/app/src/lcd_spi_169.c.obj
                0x0800d388                LCD_SPI_WaitOnFlagUntilTimeout
 .text.LCD_SPI_CloseTransfer
                0x0800d3e4      0x140 CMakeFiles/target.elf.dir/app/src/lcd_spi_169.c.obj
                0x0800d3e4                LCD_SPI_CloseTransfer
 .text.LCD_SPI_Transmit
                0x0800d524      0x230 CMakeFiles/target.elf.dir/app/src/lcd_spi_169.c.obj
                0x0800d524                LCD_SPI_Transmit
 .text.Test     0x0800d754      0x1c0 CMakeFiles/target.elf.dir/app/src/test.c.obj
                0x0800d754                Test
 .text.jude_wave
                0x0800d914      0x2e6 CMakeFiles/target.elf.dir/app/src/test.c.obj
                0x0800d914                jude_wave
 *fill*         0x0800dbfa        0x2 
 .text.my_print
                0x0800dbfc       0x28 CMakeFiles/target.elf.dir/app/src/test.c.obj
                0x0800dbfc                my_print
 .text.sendDataViaUSART
                0x0800dc24       0xd8 CMakeFiles/target.elf.dir/app/src/test.c.obj
                0x0800dc24                sendDataViaUSART
 .text.data_initializers
                0x0800dcfc       0x18 CMakeFiles/target.elf.dir/mcu/user_startup_stm32h750xx.s.obj
 .text.Reset_Handler
                0x0800dd14       0x58 CMakeFiles/target.elf.dir/mcu/user_startup_stm32h750xx.s.obj
                0x0800dd14                Reset_Handler
 .text.Default_Handler
                0x0800dd6c        0x2 CMakeFiles/target.elf.dir/mcu/user_startup_stm32h750xx.s.obj
                0x0800dd6c                RTC_Alarm_IRQHandler
                0x0800dd6c                HASH_RNG_IRQHandler
                0x0800dd6c                EXTI2_IRQHandler
                0x0800dd6c                TIM8_CC_IRQHandler
                0x0800dd6c                HRTIM1_Master_IRQHandler
                0x0800dd6c                UART8_IRQHandler
                0x0800dd6c                SPI4_IRQHandler
                0x0800dd6c                TIM1_CC_IRQHandler
                0x0800dd6c                BDMA_Channel6_IRQHandler
                0x0800dd6c                DMA2_Stream5_IRQHandler
                0x0800dd6c                HRTIM1_FLT_IRQHandler
                0x0800dd6c                JPEG_IRQHandler
                0x0800dd6c                DMA1_Stream5_IRQHandler
                0x0800dd6c                BDMA_Channel1_IRQHandler
                0x0800dd6c                HRTIM1_TIMD_IRQHandler
                0x0800dd6c                TAMP_STAMP_IRQHandler
                0x0800dd6c                EXTI3_IRQHandler
                0x0800dd6c                LPTIM4_IRQHandler
                0x0800dd6c                TIM8_TRG_COM_TIM14_IRQHandler
                0x0800dd6c                LPTIM2_IRQHandler
                0x0800dd6c                DFSDM1_FLT1_IRQHandler
                0x0800dd6c                DMAMUX2_OVR_IRQHandler
                0x0800dd6c                TIM8_UP_TIM13_IRQHandler
                0x0800dd6c                I2C3_ER_IRQHandler
                0x0800dd6c                DFSDM1_FLT2_IRQHandler
                0x0800dd6c                MDMA_IRQHandler
                0x0800dd6c                LPTIM3_IRQHandler
                0x0800dd6c                HSEM1_IRQHandler
                0x0800dd6c                EXTI0_IRQHandler
                0x0800dd6c                I2C2_EV_IRQHandler
                0x0800dd6c                DMA1_Stream2_IRQHandler
                0x0800dd6c                FPU_IRQHandler
                0x0800dd6c                OTG_HS_WKUP_IRQHandler
                0x0800dd6c                FDCAN1_IT1_IRQHandler
                0x0800dd6c                LTDC_ER_IRQHandler
                0x0800dd6c                DMA2_Stream2_IRQHandler
                0x0800dd6c                HRTIM1_TIME_IRQHandler
                0x0800dd6c                SPI1_IRQHandler
                0x0800dd6c                TIM6_DAC_IRQHandler
                0x0800dd6c                DCMI_IRQHandler
                0x0800dd6c                HRTIM1_TIMC_IRQHandler
                0x0800dd6c                DMA2_Stream3_IRQHandler
                0x0800dd6c                SAI2_IRQHandler
                0x0800dd6c                DFSDM1_FLT3_IRQHandler
                0x0800dd6c                USART6_IRQHandler
                0x0800dd6c                TIM17_IRQHandler
                0x0800dd6c                USART3_IRQHandler
                0x0800dd6c                BDMA_Channel7_IRQHandler
                0x0800dd6c                CRYP_IRQHandler
                0x0800dd6c                LPTIM5_IRQHandler
                0x0800dd6c                UART5_IRQHandler
                0x0800dd6c                ADC3_IRQHandler
                0x0800dd6c                DMA2_Stream0_IRQHandler
                0x0800dd6c                TIM4_IRQHandler
                0x0800dd6c                BDMA_Channel2_IRQHandler
                0x0800dd6c                QUADSPI_IRQHandler
                0x0800dd6c                I2C1_EV_IRQHandler
                0x0800dd6c                DMA1_Stream6_IRQHandler
                0x0800dd6c                DMAMUX1_OVR_IRQHandler
                0x0800dd6c                DMA1_Stream1_IRQHandler
                0x0800dd6c                TIM16_IRQHandler
                0x0800dd6c                UART4_IRQHandler
                0x0800dd6c                BDMA_Channel5_IRQHandler
                0x0800dd6c                TIM3_IRQHandler
                0x0800dd6c                RCC_IRQHandler
                0x0800dd6c                TIM8_BRK_TIM12_IRQHandler
                0x0800dd6c                TIM1_TRG_COM_IRQHandler
                0x0800dd6c                Default_Handler
                0x0800dd6c                ECC_IRQHandler
                0x0800dd6c                CEC_IRQHandler
                0x0800dd6c                EXTI15_10_IRQHandler
                0x0800dd6c                BDMA_Channel0_IRQHandler
                0x0800dd6c                ADC_IRQHandler
                0x0800dd6c                DMA1_Stream7_IRQHandler
                0x0800dd6c                HRTIM1_TIMA_IRQHandler
                0x0800dd6c                SPI5_IRQHandler
                0x0800dd6c                TIM7_IRQHandler
                0x0800dd6c                SDMMC1_IRQHandler
                0x0800dd6c                TIM5_IRQHandler
                0x0800dd6c                DMA2_Stream7_IRQHandler
                0x0800dd6c                TIM15_IRQHandler
                0x0800dd6c                PVD_AVD_IRQHandler
                0x0800dd6c                I2C3_EV_IRQHandler
                0x0800dd6c                EXTI9_5_IRQHandler
                0x0800dd6c                RTC_WKUP_IRQHandler
                0x0800dd6c                LTDC_IRQHandler
                0x0800dd6c                SAI3_IRQHandler
                0x0800dd6c                ETH_WKUP_IRQHandler
                0x0800dd6c                SPDIF_RX_IRQHandler
                0x0800dd6c                SPI2_IRQHandler
                0x0800dd6c                OTG_HS_EP1_IN_IRQHandler
                0x0800dd6c                CRS_IRQHandler
                0x0800dd6c                EXTI4_IRQHandler
                0x0800dd6c                HRTIM1_TIMB_IRQHandler
                0x0800dd6c                FDCAN2_IT1_IRQHandler
                0x0800dd6c                ETH_IRQHandler
                0x0800dd6c                TIM1_UP_IRQHandler
                0x0800dd6c                BDMA_Channel4_IRQHandler
                0x0800dd6c                OTG_HS_EP1_OUT_IRQHandler
                0x0800dd6c                WWDG_IRQHandler
                0x0800dd6c                SPI6_IRQHandler
                0x0800dd6c                MDIOS_IRQHandler
                0x0800dd6c                I2C4_EV_IRQHandler
                0x0800dd6c                FDCAN2_IT0_IRQHandler
                0x0800dd6c                LPUART1_IRQHandler
                0x0800dd6c                FDCAN1_IT0_IRQHandler
                0x0800dd6c                TIM2_IRQHandler
                0x0800dd6c                OTG_FS_WKUP_IRQHandler
                0x0800dd6c                OTG_HS_IRQHandler
                0x0800dd6c                DMA2D_IRQHandler
                0x0800dd6c                TIM1_BRK_IRQHandler
                0x0800dd6c                EXTI1_IRQHandler
                0x0800dd6c                SDMMC2_IRQHandler
                0x0800dd6c                OTG_FS_EP1_OUT_IRQHandler
                0x0800dd6c                BDMA_Channel3_IRQHandler
                0x0800dd6c                UART7_IRQHandler
                0x0800dd6c                MDIOS_WKUP_IRQHandler
                0x0800dd6c                USART2_IRQHandler
                0x0800dd6c                DFSDM1_FLT0_IRQHandler
                0x0800dd6c                SAI4_IRQHandler
                0x0800dd6c                I2C2_ER_IRQHandler
                0x0800dd6c                DMA2_Stream1_IRQHandler
                0x0800dd6c                FLASH_IRQHandler
                0x0800dd6c                DMA2_Stream4_IRQHandler
                0x0800dd6c                USART1_IRQHandler
                0x0800dd6c                OTG_FS_IRQHandler
                0x0800dd6c                SPI3_IRQHandler
                0x0800dd6c                WAKEUP_PIN_IRQHandler
                0x0800dd6c                DMA1_Stream4_IRQHandler
                0x0800dd6c                OTG_FS_EP1_IN_IRQHandler
                0x0800dd6c                I2C1_ER_IRQHandler
                0x0800dd6c                FMC_IRQHandler
                0x0800dd6c                FDCAN_CAL_IRQHandler
                0x0800dd6c                SWPMI1_IRQHandler
                0x0800dd6c                COMP1_IRQHandler
                0x0800dd6c                LPTIM1_IRQHandler
                0x0800dd6c                I2C4_ER_IRQHandler
                0x0800dd6c                DMA2_Stream6_IRQHandler
                0x0800dd6c                SAI1_IRQHandler
                0x0800dd6c                DMA1_Stream3_IRQHandler
 *fill*         0x0800dd6e        0x2 
 .text.__libc_init_array
                0x0800dd70       0x48 d:/arm_none_gcc/bin/../lib/gcc/arm-none-eabi/10.3.1/../../../../arm-none-eabi/lib/thumb/v7e-m+dp/hard\libc_nano.a(lib_a-init.o)
                0x0800dd70                __libc_init_array
 .text.memcpy   0x0800ddb8       0x1c d:/arm_none_gcc/bin/../lib/gcc/arm-none-eabi/10.3.1/../../../../arm-none-eabi/lib/thumb/v7e-m+dp/hard\libc_nano.a(lib_a-memcpy-stub.o)
                0x0800ddb8                memcpy
 .text.memset   0x0800ddd4       0x10 d:/arm_none_gcc/bin/../lib/gcc/arm-none-eabi/10.3.1/../../../../arm-none-eabi/lib/thumb/v7e-m+dp/hard\libc_nano.a(lib_a-memset.o)
                0x0800ddd4                memset
 .text.snprintf
                0x0800dde4       0x68 d:/arm_none_gcc/bin/../lib/gcc/arm-none-eabi/10.3.1/../../../../arm-none-eabi/lib/thumb/v7e-m+dp/hard\libc_nano.a(lib_a-snprintf.o)
                0x0800dde4                sniprintf
                0x0800dde4                snprintf
 .text.sprintf  0x0800de4c       0x40 d:/arm_none_gcc/bin/../lib/gcc/arm-none-eabi/10.3.1/../../../../arm-none-eabi/lib/thumb/v7e-m+dp/hard\libc_nano.a(lib_a-sprintf.o)
                0x0800de4c                siprintf
                0x0800de4c                sprintf
 .text.__ssputs_r
                0x0800de8c       0xb6 d:/arm_none_gcc/bin/../lib/gcc/arm-none-eabi/10.3.1/../../../../arm-none-eabi/lib/thumb/v7e-m+dp/hard\libc_nano.a(lib_a-nano-svfprintf.o)
                0x0800de8c                __ssputs_r
 *fill*         0x0800df42        0x2 
 .text._svfprintf_r
                0x0800df44      0x200 d:/arm_none_gcc/bin/../lib/gcc/arm-none-eabi/10.3.1/../../../../arm-none-eabi/lib/thumb/v7e-m+dp/hard\libc_nano.a(lib_a-nano-svfprintf.o)
                0x0800df44                _svfiprintf_r
                0x0800df44                _svfprintf_r
 .text._printf_common
                0x0800e144       0xda d:/arm_none_gcc/bin/../lib/gcc/arm-none-eabi/10.3.1/../../../../arm-none-eabi/lib/thumb/v7e-m+dp/hard\libc_nano.a(lib_a-nano-vfprintf_i.o)
                0x0800e144                _printf_common
 *fill*         0x0800e21e        0x2 
 .text._printf_i
                0x0800e220      0x24c d:/arm_none_gcc/bin/../lib/gcc/arm-none-eabi/10.3.1/../../../../arm-none-eabi/lib/thumb/v7e-m+dp/hard\libc_nano.a(lib_a-nano-vfprintf_i.o)
                0x0800e220                _printf_i
 .text.memmove  0x0800e46c       0x34 d:/arm_none_gcc/bin/../lib/gcc/arm-none-eabi/10.3.1/../../../../arm-none-eabi/lib/thumb/v7e-m+dp/hard\libc_nano.a(lib_a-memmove.o)
                0x0800e46c                memmove
 .text._free_r  0x0800e4a0       0x98 d:/arm_none_gcc/bin/../lib/gcc/arm-none-eabi/10.3.1/../../../../arm-none-eabi/lib/thumb/v7e-m+dp/hard\libc_nano.a(lib_a-nano-freer.o)
                0x0800e4a0                _free_r
 .text.sbrk_aligned
                0x0800e538       0x40 d:/arm_none_gcc/bin/../lib/gcc/arm-none-eabi/10.3.1/../../../../arm-none-eabi/lib/thumb/v7e-m+dp/hard\libc_nano.a(lib_a-nano-mallocr.o)
 .text._malloc_r
                0x0800e578       0xe8 d:/arm_none_gcc/bin/../lib/gcc/arm-none-eabi/10.3.1/../../../../arm-none-eabi/lib/thumb/v7e-m+dp/hard\libc_nano.a(lib_a-nano-mallocr.o)
                0x0800e578                _malloc_r
 .text._realloc_r
                0x0800e660       0x5e d:/arm_none_gcc/bin/../lib/gcc/arm-none-eabi/10.3.1/../../../../arm-none-eabi/lib/thumb/v7e-m+dp/hard\libc_nano.a(lib_a-nano-reallocr.o)
                0x0800e660                _realloc_r
 *fill*         0x0800e6be        0x2 
 .text._sbrk_r  0x0800e6c0       0x20 d:/arm_none_gcc/bin/../lib/gcc/arm-none-eabi/10.3.1/../../../../arm-none-eabi/lib/thumb/v7e-m+dp/hard\libc_nano.a(lib_a-sbrkr.o)
                0x0800e6c0                _sbrk_r
 .text.__malloc_lock
                0x0800e6e0        0xc d:/arm_none_gcc/bin/../lib/gcc/arm-none-eabi/10.3.1/../../../../arm-none-eabi/lib/thumb/v7e-m+dp/hard\libc_nano.a(lib_a-mlock.o)
                0x0800e6e0                __malloc_lock
 .text.__malloc_unlock
                0x0800e6ec        0xc d:/arm_none_gcc/bin/../lib/gcc/arm-none-eabi/10.3.1/../../../../arm-none-eabi/lib/thumb/v7e-m+dp/hard\libc_nano.a(lib_a-mlock.o)
                0x0800e6ec                __malloc_unlock
 .text._malloc_usable_size_r
                0x0800e6f8       0x10 d:/arm_none_gcc/bin/../lib/gcc/arm-none-eabi/10.3.1/../../../../arm-none-eabi/lib/thumb/v7e-m+dp/hard\libc_nano.a(lib_a-nano-msizer.o)
                0x0800e6f8                _malloc_usable_size_r
 .text.__retarget_lock_acquire_recursive
                0x0800e708        0x2 d:/arm_none_gcc/bin/../lib/gcc/arm-none-eabi/10.3.1/../../../../arm-none-eabi/lib/thumb/v7e-m+dp/hard\libc_nano.a(lib_a-lock.o)
                0x0800e708                __retarget_lock_acquire_recursive
 .text.__retarget_lock_release_recursive
                0x0800e70a        0x2 d:/arm_none_gcc/bin/../lib/gcc/arm-none-eabi/10.3.1/../../../../arm-none-eabi/lib/thumb/v7e-m+dp/hard\libc_nano.a(lib_a-lock.o)
                0x0800e70a                __retarget_lock_release_recursive
 .text._sbrk    0x0800e70c       0x1c d:/arm_none_gcc/bin/../lib/gcc/arm-none-eabi/10.3.1/../../../../arm-none-eabi/lib/thumb/v7e-m+dp/hard\libnosys.a(sbrk.o)
                0x0800e70c                _sbrk
 .text.arm_var_f32
                0x0800e728      0x148 D:/hahahahaha/VSCODEproject/H750cmakeproject/1-2demultplex/mcu/Drivers/CMSIS/Lib/GCC\libarm_cortexM7lfdp_math.a(arm_var_f32.o)
                0x0800e728                arm_var_f32
 .text.arm_cfft_radix8by2_f32
                0x0800e870      0x198 D:/hahahahaha/VSCODEproject/H750cmakeproject/1-2demultplex/mcu/Drivers/CMSIS/Lib/GCC\libarm_cortexM7lfdp_math.a(arm_cfft_f32.o)
                0x0800e870                arm_cfft_radix8by2_f32
 .text.arm_cfft_radix8by4_f32
                0x0800ea08      0x4b8 D:/hahahahaha/VSCODEproject/H750cmakeproject/1-2demultplex/mcu/Drivers/CMSIS/Lib/GCC\libarm_cortexM7lfdp_math.a(arm_cfft_f32.o)
                0x0800ea08                arm_cfft_radix8by4_f32
 .text.arm_cfft_f32
                0x0800eec0       0xec D:/hahahahaha/VSCODEproject/H750cmakeproject/1-2demultplex/mcu/Drivers/CMSIS/Lib/GCC\libarm_cortexM7lfdp_math.a(arm_cfft_f32.o)
                0x0800eec0                arm_cfft_f32
 .text.arm_bitreversal_32
                0x0800efac       0x50 D:/hahahahaha/VSCODEproject/H750cmakeproject/1-2demultplex/mcu/Drivers/CMSIS/Lib/GCC\libarm_cortexM7lfdp_math.a(arm_bitreversal2.o)
                0x0800efac                arm_bitreversal_32
 .text.arm_cmplx_mag_f32
                0x0800effc      0x248 D:/hahahahaha/VSCODEproject/H750cmakeproject/1-2demultplex/mcu/Drivers/CMSIS/Lib/GCC\libarm_cortexM7lfdp_math.a(arm_cmplx_mag_f32.o)
                0x0800effc                arm_cmplx_mag_f32
 .text.arm_radix8_butterfly_f32
                0x0800f244      0x584 D:/hahahahaha/VSCODEproject/H750cmakeproject/1-2demultplex/mcu/Drivers/CMSIS/Lib/GCC\libarm_cortexM7lfdp_math.a(arm_cfft_radix8_f32.o)
                0x0800f244                arm_radix8_butterfly_f32
 .text.__errno  0x0800f7c8        0xc d:/arm_none_gcc/bin/../lib/gcc/arm-none-eabi/10.3.1/../../../../arm-none-eabi/lib/thumb/v7e-m+dp/hard\libc_nano.a(lib_a-errno.o)
                0x0800f7c8                __errno
 .text.sqrtf    0x0800f7d4       0x44 d:/arm_none_gcc/bin/../lib/gcc/arm-none-eabi/10.3.1/../../../../arm-none-eabi/lib/thumb/v7e-m+dp/hard\libm.a(lib_a-wf_sqrt.o)
                0x0800f7d4                sqrtf
 .text.__ieee754_sqrtf
                0x0800f818        0x8 d:/arm_none_gcc/bin/../lib/gcc/arm-none-eabi/10.3.1/../../../../arm-none-eabi/lib/thumb/v7e-m+dp/hard\libm.a(lib_a-ef_sqrt.o)
                0x0800f818                __ieee754_sqrtf
 *(.glue_7)
 .glue_7        0x0800f820        0x0 linker stubs
 *(.glue_7t)
 .glue_7t       0x0800f820        0x0 linker stubs
 *(.eh_frame)
 .eh_frame      0x0800f820        0x0 d:/arm_none_gcc/bin/../lib/gcc/arm-none-eabi/10.3.1/thumb/v7e-m+dp/hard/crtbegin.o
 *(.init)
 .init          0x0800f820        0x4 d:/arm_none_gcc/bin/../lib/gcc/arm-none-eabi/10.3.1/thumb/v7e-m+dp/hard/crti.o
                0x0800f820                _init
 .init          0x0800f824        0x8 d:/arm_none_gcc/bin/../lib/gcc/arm-none-eabi/10.3.1/thumb/v7e-m+dp/hard/crtn.o
 *(.fini)
 .fini          0x0800f82c        0x4 d:/arm_none_gcc/bin/../lib/gcc/arm-none-eabi/10.3.1/thumb/v7e-m+dp/hard/crti.o
                0x0800f82c                _fini
 .fini          0x0800f830        0x8 d:/arm_none_gcc/bin/../lib/gcc/arm-none-eabi/10.3.1/thumb/v7e-m+dp/hard/crtn.o
                0x0800f838                . = ALIGN (0x4)
                0x0800f838                _etext = .

.vfp11_veneer   0x0800f838        0x0
 .vfp11_veneer  0x0800f838        0x0 linker stubs

.v4_bx          0x0800f838        0x0
 .v4_bx         0x0800f838        0x0 linker stubs

.iplt           0x0800f838        0x0
 .iplt          0x0800f838        0x0 d:/arm_none_gcc/bin/../lib/gcc/arm-none-eabi/10.3.1/thumb/v7e-m+dp/hard/crtbegin.o

.rodata         0x0800f838     0x40f0
                0x0800f838                . = ALIGN (0x4)
 *(.rodata)
 .rodata        0x0800f838       0x1b CMakeFiles/target.elf.dir/app/src/lcd_spi_169.c.obj
 *fill*         0x0800f853        0x1 
 .rodata        0x0800f854        0x4 CMakeFiles/target.elf.dir/app/src/test.c.obj
 *(.rodata*)
 .rodata.D1CorePrescTable
                0x0800f858       0x10 CMakeFiles/target.elf.dir/mcu/Core/Src/system_stm32h7xx.c.obj
                0x0800f858                D1CorePrescTable
 .rodata.flagBitshiftOffset.0
                0x0800f868        0x8 CMakeFiles/target.elf.dir/mcu/Drivers/STM32H7xx_HAL_Driver/Src/stm32h7xx_hal_dma.c.obj
 .rodata.UARTPrescTable
                0x0800f870       0x18 CMakeFiles/target.elf.dir/mcu/Drivers/STM32H7xx_HAL_Driver/Src/stm32h7xx_hal_uart.c.obj
                0x0800f870                UARTPrescTable
 .rodata.numerator.1
                0x0800f888        0x8 CMakeFiles/target.elf.dir/mcu/Drivers/STM32H7xx_HAL_Driver/Src/stm32h7xx_hal_uart_ex.c.obj
 .rodata.denominator.0
                0x0800f890        0x8 CMakeFiles/target.elf.dir/mcu/Drivers/STM32H7xx_HAL_Driver/Src/stm32h7xx_hal_uart_ex.c.obj
 .rodata.ad9910DefSingleModeCFR
                0x0800f898        0xa CMakeFiles/target.elf.dir/app/src/ad9910.c.obj
                0x0800f898                ad9910DefSingleModeCFR
 *fill*         0x0800f8a2        0x2 
 .rodata.ASCII_2412_Table
                0x0800f8a4     0x11d0 CMakeFiles/target.elf.dir/app/src/lcd_fonts.c.obj
                0x0800f8a4                ASCII_2412_Table
 .rodata._svfprintf_r.str1.1
                0x08010a74       0x11 d:/arm_none_gcc/bin/../lib/gcc/arm-none-eabi/10.3.1/../../../../arm-none-eabi/lib/thumb/v7e-m+dp/hard\libc_nano.a(lib_a-nano-svfprintf.o)
 .rodata._printf_i.str1.1
                0x08010a85       0x22 d:/arm_none_gcc/bin/../lib/gcc/arm-none-eabi/10.3.1/../../../../arm-none-eabi/lib/thumb/v7e-m+dp/hard\libc_nano.a(lib_a-nano-vfprintf_i.o)
 *fill*         0x08010aa7        0x1 
 .rodata.arm_cfft_sR_f32_len1024
                0x08010aa8       0x10 D:/hahahahaha/VSCODEproject/H750cmakeproject/1-2demultplex/mcu/Drivers/CMSIS/Lib/GCC\libarm_cortexM7lfdp_math.a(arm_const_structs.o)
                0x08010aa8                arm_cfft_sR_f32_len1024
 .rodata.armBitRevIndexTable1024
                0x08010ab8      0xe10 D:/hahahahaha/VSCODEproject/H750cmakeproject/1-2demultplex/mcu/Drivers/CMSIS/Lib/GCC\libarm_cortexM7lfdp_math.a(arm_common_tables.o)
                0x08010ab8                armBitRevIndexTable1024
 .rodata.twiddleCoef_1024
                0x080118c8     0x2000 D:/hahahahaha/VSCODEproject/H750cmakeproject/1-2demultplex/mcu/Drivers/CMSIS/Lib/GCC\libarm_cortexM7lfdp_math.a(arm_common_tables.o)
                0x080118c8                twiddleCoef_1024
 .rodata.__sf_fake_stderr
                0x080138c8       0x20 d:/arm_none_gcc/bin/../lib/gcc/arm-none-eabi/10.3.1/../../../../arm-none-eabi/lib/thumb/v7e-m+dp/hard\libc_nano.a(lib_a-findfp.o)
                0x080138c8                __sf_fake_stderr
 .rodata.__sf_fake_stdin
                0x080138e8       0x20 d:/arm_none_gcc/bin/../lib/gcc/arm-none-eabi/10.3.1/../../../../arm-none-eabi/lib/thumb/v7e-m+dp/hard\libc_nano.a(lib_a-findfp.o)
                0x080138e8                __sf_fake_stdin
 .rodata.__sf_fake_stdout
                0x08013908       0x20 d:/arm_none_gcc/bin/../lib/gcc/arm-none-eabi/10.3.1/../../../../arm-none-eabi/lib/thumb/v7e-m+dp/hard\libc_nano.a(lib_a-findfp.o)
                0x08013908                __sf_fake_stdout
                0x08013928                . = ALIGN (0x4)

.ARM.extab
 *(.ARM.extab* .gnu.linkonce.armextab.*)

.ARM            0x08013928        0x8
                0x08013928                __exidx_start = .
 *(.ARM.exidx*)
 .ARM.exidx     0x08013928        0x8 d:/arm_none_gcc/bin/../lib/gcc/arm-none-eabi/10.3.1/thumb/v7e-m+dp/hard\libgcc.a(_udivmoddi4.o)
                0x08013930                __exidx_end = .

.rel.dyn        0x08013930        0x0
 .rel.iplt      0x08013930        0x0 d:/arm_none_gcc/bin/../lib/gcc/arm-none-eabi/10.3.1/thumb/v7e-m+dp/hard/crtbegin.o

.preinit_array  0x08013930        0x0
                0x08013930                PROVIDE (__preinit_array_start = .)
 *(.preinit_array*)
                0x08013930                PROVIDE (__preinit_array_end = .)

.init_array     0x08013930        0x4
                0x08013930                PROVIDE (__init_array_start = .)
 *(SORT_BY_NAME(.init_array.*))
 *(.init_array*)
 .init_array    0x08013930        0x4 d:/arm_none_gcc/bin/../lib/gcc/arm-none-eabi/10.3.1/thumb/v7e-m+dp/hard/crtbegin.o
                0x08013934                PROVIDE (__init_array_end = .)

.fini_array     0x08013934        0x4
                [!provide]                PROVIDE (__fini_array_start = .)
 *(SORT_BY_NAME(.fini_array.*))
 *(.fini_array*)
 .fini_array    0x08013934        0x4 d:/arm_none_gcc/bin/../lib/gcc/arm-none-eabi/10.3.1/thumb/v7e-m+dp/hard/crtbegin.o
                [!provide]                PROVIDE (__fini_array_end = .)
                0x08013938                _sidata = LOADADDR (.data)

.data           0x20000000       0x80 load address 0x08013938
                0x20000000                . = ALIGN (0x4)
                0x20000000                _sdata = .
 *(.data)
 *(.data*)
 .data.SystemCoreClock
                0x20000000        0x4 CMakeFiles/target.elf.dir/mcu/Core/Src/system_stm32h7xx.c.obj
                0x20000000                SystemCoreClock
 .data.SystemD2Clock
                0x20000004        0x4 CMakeFiles/target.elf.dir/mcu/Core/Src/system_stm32h7xx.c.obj
                0x20000004                SystemD2Clock
 .data.uwTickPrio
                0x20000008        0x4 CMakeFiles/target.elf.dir/mcu/Drivers/STM32H7xx_HAL_Driver/Src/stm32h7xx_hal.c.obj
                0x20000008                uwTickPrio
 .data.uwTickFreq
                0x2000000c        0x1 CMakeFiles/target.elf.dir/mcu/Drivers/STM32H7xx_HAL_Driver/Src/stm32h7xx_hal.c.obj
                0x2000000c                uwTickFreq
 *fill*         0x2000000d        0x3 
 .data.ASCII_Font24
                0x20000010        0xc CMakeFiles/target.elf.dir/app/src/lcd_fonts.c.obj
                0x20000010                ASCII_Font24
 .data._impure_ptr
                0x2000001c        0x4 d:/arm_none_gcc/bin/../lib/gcc/arm-none-eabi/10.3.1/../../../../arm-none-eabi/lib/thumb/v7e-m+dp/hard\libc_nano.a(lib_a-impure.o)
                0x2000001c                _impure_ptr
 .data.impure_data
                0x20000020       0x60 d:/arm_none_gcc/bin/../lib/gcc/arm-none-eabi/10.3.1/../../../../arm-none-eabi/lib/thumb/v7e-m+dp/hard\libc_nano.a(lib_a-impure.o)
                0x20000080                . = ALIGN (0x4)
                0x20000080                _edata = .

.igot.plt       0x20000080        0x0 load address 0x080139b8
 .igot.plt      0x20000080        0x0 d:/arm_none_gcc/bin/../lib/gcc/arm-none-eabi/10.3.1/thumb/v7e-m+dp/hard/crtbegin.o
                0x20000080                . = ALIGN (0x4)

.bss            0x20000080     0x41c0 load address 0x080139b8
                0x20000080                _sbss = .
                0x20000080                __bss_start__ = _sbss
 *(.bss)
 .bss           0x20000080       0x1c d:/arm_none_gcc/bin/../lib/gcc/arm-none-eabi/10.3.1/thumb/v7e-m+dp/hard/crtbegin.o
 *(.bss*)
 .bss.hadc1     0x2000009c       0x64 CMakeFiles/target.elf.dir/mcu/Core/Src/adc.c.obj
                0x2000009c                hadc1
 .bss.hadc2     0x20000100       0x64 CMakeFiles/target.elf.dir/mcu/Core/Src/adc.c.obj
                0x20000100                hadc2
 .bss.hdma_adc1
                0x20000164       0x78 CMakeFiles/target.elf.dir/mcu/Core/Src/adc.c.obj
                0x20000164                hdma_adc1
 .bss.HAL_RCC_ADC12_CLK_ENABLED
                0x200001dc        0x4 CMakeFiles/target.elf.dir/mcu/Core/Src/adc.c.obj
 .bss.hi2c1     0x200001e0       0x54 CMakeFiles/target.elf.dir/mcu/Core/Src/i2c.c.obj
                0x200001e0                hi2c1
 .bss.input_test
                0x20000234     0x2000 CMakeFiles/target.elf.dir/mcu/Core/Src/main.c.obj
                0x20000234                input_test
 .bss.output_test
                0x20002234     0x1000 CMakeFiles/target.elf.dir/mcu/Core/Src/main.c.obj
                0x20002234                output_test
 .bss.adc2_data
                0x20003234      0x258 CMakeFiles/target.elf.dir/mcu/Core/Src/main.c.obj
                0x20003234                adc2_data
 .bss.var_data  0x2000348c      0x258 CMakeFiles/target.elf.dir/mcu/Core/Src/main.c.obj
                0x2000348c                var_data
 .bss.vol_value
                0x200036e4        0x2 CMakeFiles/target.elf.dir/mcu/Core/Src/main.c.obj
                0x200036e4                vol_value
 *fill*         0x200036e6        0x2 
 .bss.real_vol  0x200036e8        0x4 CMakeFiles/target.elf.dir/mcu/Core/Src/main.c.obj
                0x200036e8                real_vol
 .bss.fqre_a    0x200036ec        0x4 CMakeFiles/target.elf.dir/mcu/Core/Src/main.c.obj
                0x200036ec                fqre_a
 .bss.fqre_b    0x200036f0        0x4 CMakeFiles/target.elf.dir/mcu/Core/Src/main.c.obj
                0x200036f0                fqre_b
 .bss.sendTofpga_a
                0x200036f4        0x4 CMakeFiles/target.elf.dir/mcu/Core/Src/main.c.obj
                0x200036f4                sendTofpga_a
 .bss.micro_a   0x200036f8        0x1 CMakeFiles/target.elf.dir/mcu/Core/Src/main.c.obj
                0x200036f8                micro_a
 *fill*         0x200036f9        0x3 
 .bss.hspi1     0x200036fc       0x88 CMakeFiles/target.elf.dir/mcu/Core/Src/spi.c.obj
                0x200036fc                hspi1
 .bss.hspi3     0x20003784       0x88 CMakeFiles/target.elf.dir/mcu/Core/Src/spi.c.obj
                0x20003784                hspi3
 .bss.hspi4     0x2000380c       0x88 CMakeFiles/target.elf.dir/mcu/Core/Src/spi.c.obj
                0x2000380c                hspi4
 .bss.htim6     0x20003894       0x4c CMakeFiles/target.elf.dir/mcu/Core/Src/tim.c.obj
                0x20003894                htim6
 .bss.huart1    0x200038e0       0x94 CMakeFiles/target.elf.dir/mcu/Core/Src/usart.c.obj
                0x200038e0                huart1
 .bss.huart2    0x20003974       0x94 CMakeFiles/target.elf.dir/mcu/Core/Src/usart.c.obj
                0x20003974                huart2
 .bss.uwTick    0x20003a08        0x4 CMakeFiles/target.elf.dir/mcu/Drivers/STM32H7xx_HAL_Driver/Src/stm32h7xx_hal.c.obj
                0x20003a08                uwTick
 .bss._ad9910CurrentCFR
                0x20003a0c        0xa CMakeFiles/target.elf.dir/app/src/ad9910.c.obj
 *fill*         0x20003a16        0x2 
 .bss.LCD_AsciiFonts
                0x20003a18        0x4 CMakeFiles/target.elf.dir/app/src/lcd_spi_169.c.obj
 .bss.LCD_Buff  0x20003a1c      0x800 CMakeFiles/target.elf.dir/app/src/lcd_spi_169.c.obj
                0x20003a1c                LCD_Buff
 .bss.LCD       0x2000421c       0x10 CMakeFiles/target.elf.dir/app/src/lcd_spi_169.c.obj
                0x2000421c                LCD
 .bss.__malloc_free_list
                0x2000422c        0x4 d:/arm_none_gcc/bin/../lib/gcc/arm-none-eabi/10.3.1/../../../../arm-none-eabi/lib/thumb/v7e-m+dp/hard\libc_nano.a(lib_a-nano-mallocr.o)
                0x2000422c                __malloc_free_list
 .bss.__malloc_sbrk_start
                0x20004230        0x4 d:/arm_none_gcc/bin/../lib/gcc/arm-none-eabi/10.3.1/../../../../arm-none-eabi/lib/thumb/v7e-m+dp/hard\libc_nano.a(lib_a-nano-mallocr.o)
                0x20004230                __malloc_sbrk_start
 .bss.errno     0x20004234        0x4 d:/arm_none_gcc/bin/../lib/gcc/arm-none-eabi/10.3.1/../../../../arm-none-eabi/lib/thumb/v7e-m+dp/hard\libc_nano.a(lib_a-reent.o)
                0x20004234                errno
 .bss.__lock___malloc_recursive_mutex
                0x20004238        0x1 d:/arm_none_gcc/bin/../lib/gcc/arm-none-eabi/10.3.1/../../../../arm-none-eabi/lib/thumb/v7e-m+dp/hard\libc_nano.a(lib_a-lock.o)
                0x20004238                __lock___malloc_recursive_mutex
 *fill*         0x20004239        0x3 
 .bss.heap_end.0
                0x2000423c        0x4 d:/arm_none_gcc/bin/../lib/gcc/arm-none-eabi/10.3.1/../../../../arm-none-eabi/lib/thumb/v7e-m+dp/hard\libnosys.a(sbrk.o)
 *(COMMON)
                0x20004240                . = ALIGN (0x4)
                0x20004240                _ebss = .
                0x20004240                __bss_end__ = _ebss

._user_heap_stack
                0x20004240      0x600 load address 0x080139b8
                0x20004240                . = ALIGN (0x8)
                0x20004240                PROVIDE (end = .)
                [!provide]                PROVIDE (_end = .)
                0x20004440                . = (. + _Min_Heap_Size)
 *fill*         0x20004240      0x200 
                0x20004840                . = (. + _Min_Stack_Size)
 *fill*         0x20004440      0x400 
                0x20004840                . = ALIGN (0x8)
                0x080139b8                _siRAM_D1 = LOADADDR (.RAM_D1)

.RAM_D1         0x24000000      0x800 load address 0x080139b8
                0x24000000                . = ALIGN (0x4)
                0x24000000                _sRAM_D1 = .
 *(.RAM_D1)
 .RAM_D1        0x24000000      0x800 CMakeFiles/target.elf.dir/mcu/Core/Src/main.c.obj
                0x24000000                adc_value
 *(.RAM_D1*)
                0x24000800                . = ALIGN (0x4)
                0x24000800                _eRAM_D1 = .

/DISCARD/
 libc.a(*)
 libm.a(*)
 libgcc.a(*)

.ARM.attributes
                0x00000000       0x2e
 *(.ARM.attributes)
 .ARM.attributes
                0x00000000       0x1e d:/arm_none_gcc/bin/../lib/gcc/arm-none-eabi/10.3.1/thumb/v7e-m+dp/hard/crti.o
 .ARM.attributes
                0x0000001e       0x32 d:/arm_none_gcc/bin/../lib/gcc/arm-none-eabi/10.3.1/thumb/v7e-m+dp/hard/crtbegin.o
 .ARM.attributes
                0x00000050       0x32 CMakeFiles/target.elf.dir/mcu/Core/Src/adc.c.obj
 .ARM.attributes
                0x00000082       0x32 CMakeFiles/target.elf.dir/mcu/Core/Src/dma.c.obj
 .ARM.attributes
                0x000000b4       0x32 CMakeFiles/target.elf.dir/mcu/Core/Src/gpio.c.obj
 .ARM.attributes
                0x000000e6       0x32 CMakeFiles/target.elf.dir/mcu/Core/Src/i2c.c.obj
 .ARM.attributes
                0x00000118       0x32 CMakeFiles/target.elf.dir/mcu/Core/Src/main.c.obj
 .ARM.attributes
                0x0000014a       0x32 CMakeFiles/target.elf.dir/mcu/Core/Src/spi.c.obj
 .ARM.attributes
                0x0000017c       0x32 CMakeFiles/target.elf.dir/mcu/Core/Src/stm32h7xx_hal_msp.c.obj
 .ARM.attributes
                0x000001ae       0x32 CMakeFiles/target.elf.dir/mcu/Core/Src/stm32h7xx_it.c.obj
 .ARM.attributes
                0x000001e0       0x32 CMakeFiles/target.elf.dir/mcu/Core/Src/system_stm32h7xx.c.obj
 .ARM.attributes
                0x00000212       0x32 CMakeFiles/target.elf.dir/mcu/Core/Src/tim.c.obj
 .ARM.attributes
                0x00000244       0x32 CMakeFiles/target.elf.dir/mcu/Core/Src/usart.c.obj
 .ARM.attributes
                0x00000276       0x32 CMakeFiles/target.elf.dir/mcu/Drivers/STM32H7xx_HAL_Driver/Src/stm32h7xx_hal.c.obj
 .ARM.attributes
                0x000002a8       0x32 CMakeFiles/target.elf.dir/mcu/Drivers/STM32H7xx_HAL_Driver/Src/stm32h7xx_hal_adc.c.obj
 .ARM.attributes
                0x000002da       0x32 CMakeFiles/target.elf.dir/mcu/Drivers/STM32H7xx_HAL_Driver/Src/stm32h7xx_hal_adc_ex.c.obj
 .ARM.attributes
                0x0000030c       0x32 CMakeFiles/target.elf.dir/mcu/Drivers/STM32H7xx_HAL_Driver/Src/stm32h7xx_hal_cortex.c.obj
 .ARM.attributes
                0x0000033e       0x32 CMakeFiles/target.elf.dir/mcu/Drivers/STM32H7xx_HAL_Driver/Src/stm32h7xx_hal_dma.c.obj
 .ARM.attributes
                0x00000370       0x32 CMakeFiles/target.elf.dir/mcu/Drivers/STM32H7xx_HAL_Driver/Src/stm32h7xx_hal_gpio.c.obj
 .ARM.attributes
                0x000003a2       0x32 CMakeFiles/target.elf.dir/mcu/Drivers/STM32H7xx_HAL_Driver/Src/stm32h7xx_hal_i2c.c.obj
 .ARM.attributes
                0x000003d4       0x32 CMakeFiles/target.elf.dir/mcu/Drivers/STM32H7xx_HAL_Driver/Src/stm32h7xx_hal_i2c_ex.c.obj
 .ARM.attributes
                0x00000406       0x32 CMakeFiles/target.elf.dir/mcu/Drivers/STM32H7xx_HAL_Driver/Src/stm32h7xx_hal_pwr_ex.c.obj
 .ARM.attributes
                0x00000438       0x32 CMakeFiles/target.elf.dir/mcu/Drivers/STM32H7xx_HAL_Driver/Src/stm32h7xx_hal_rcc.c.obj
 .ARM.attributes
                0x0000046a       0x32 CMakeFiles/target.elf.dir/mcu/Drivers/STM32H7xx_HAL_Driver/Src/stm32h7xx_hal_rcc_ex.c.obj
 .ARM.attributes
                0x0000049c       0x32 CMakeFiles/target.elf.dir/mcu/Drivers/STM32H7xx_HAL_Driver/Src/stm32h7xx_hal_spi.c.obj
 .ARM.attributes
                0x000004ce       0x32 CMakeFiles/target.elf.dir/mcu/Drivers/STM32H7xx_HAL_Driver/Src/stm32h7xx_hal_tim.c.obj
 .ARM.attributes
                0x00000500       0x32 CMakeFiles/target.elf.dir/mcu/Drivers/STM32H7xx_HAL_Driver/Src/stm32h7xx_hal_tim_ex.c.obj
 .ARM.attributes
                0x00000532       0x32 CMakeFiles/target.elf.dir/mcu/Drivers/STM32H7xx_HAL_Driver/Src/stm32h7xx_hal_uart.c.obj
 .ARM.attributes
                0x00000564       0x32 CMakeFiles/target.elf.dir/mcu/Drivers/STM32H7xx_HAL_Driver/Src/stm32h7xx_hal_uart_ex.c.obj
 .ARM.attributes
                0x00000596       0x32 CMakeFiles/target.elf.dir/app/src/ad9910.c.obj
 .ARM.attributes
                0x000005c8       0x32 CMakeFiles/target.elf.dir/app/src/lcd_fonts.c.obj
 .ARM.attributes
                0x000005fa       0x32 CMakeFiles/target.elf.dir/app/src/lcd_spi_169.c.obj
 .ARM.attributes
                0x0000062c       0x32 CMakeFiles/target.elf.dir/app/src/test.c.obj
 .ARM.attributes
                0x0000065e       0x21 CMakeFiles/target.elf.dir/mcu/user_startup_stm32h750xx.s.obj
 .ARM.attributes
                0x0000067f       0x32 d:/arm_none_gcc/bin/../lib/gcc/arm-none-eabi/10.3.1/../../../../arm-none-eabi/lib/thumb/v7e-m+dp/hard\libc_nano.a(lib_a-impure.o)
 .ARM.attributes
                0x000006b1       0x32 d:/arm_none_gcc/bin/../lib/gcc/arm-none-eabi/10.3.1/../../../../arm-none-eabi/lib/thumb/v7e-m+dp/hard\libc_nano.a(lib_a-init.o)
 .ARM.attributes
                0x000006e3       0x32 d:/arm_none_gcc/bin/../lib/gcc/arm-none-eabi/10.3.1/../../../../arm-none-eabi/lib/thumb/v7e-m+dp/hard\libc_nano.a(lib_a-memcpy-stub.o)
 .ARM.attributes
                0x00000715       0x32 d:/arm_none_gcc/bin/../lib/gcc/arm-none-eabi/10.3.1/../../../../arm-none-eabi/lib/thumb/v7e-m+dp/hard\libc_nano.a(lib_a-memset.o)
 .ARM.attributes
                0x00000747       0x32 d:/arm_none_gcc/bin/../lib/gcc/arm-none-eabi/10.3.1/../../../../arm-none-eabi/lib/thumb/v7e-m+dp/hard\libc_nano.a(lib_a-snprintf.o)
 .ARM.attributes
                0x00000779       0x32 d:/arm_none_gcc/bin/../lib/gcc/arm-none-eabi/10.3.1/../../../../arm-none-eabi/lib/thumb/v7e-m+dp/hard\libc_nano.a(lib_a-sprintf.o)
 .ARM.attributes
                0x000007ab       0x17 d:/arm_none_gcc/bin/../lib/gcc/arm-none-eabi/10.3.1/../../../../arm-none-eabi/lib/thumb/v7e-m+dp/hard\libc_nano.a(lib_a-strlen.o)
 .ARM.attributes
                0x000007c2       0x32 d:/arm_none_gcc/bin/../lib/gcc/arm-none-eabi/10.3.1/../../../../arm-none-eabi/lib/thumb/v7e-m+dp/hard\libc_nano.a(lib_a-nano-svfprintf.o)
 .ARM.attributes
                0x000007f4       0x32 d:/arm_none_gcc/bin/../lib/gcc/arm-none-eabi/10.3.1/../../../../arm-none-eabi/lib/thumb/v7e-m+dp/hard\libc_nano.a(lib_a-nano-vfprintf_i.o)
 .ARM.attributes
                0x00000826       0x1c d:/arm_none_gcc/bin/../lib/gcc/arm-none-eabi/10.3.1/../../../../arm-none-eabi/lib/thumb/v7e-m+dp/hard\libc_nano.a(lib_a-memchr.o)
 .ARM.attributes
                0x00000842       0x32 d:/arm_none_gcc/bin/../lib/gcc/arm-none-eabi/10.3.1/../../../../arm-none-eabi/lib/thumb/v7e-m+dp/hard\libc_nano.a(lib_a-memmove.o)
 .ARM.attributes
                0x00000874       0x32 d:/arm_none_gcc/bin/../lib/gcc/arm-none-eabi/10.3.1/../../../../arm-none-eabi/lib/thumb/v7e-m+dp/hard\libc_nano.a(lib_a-nano-freer.o)
 .ARM.attributes
                0x000008a6       0x32 d:/arm_none_gcc/bin/../lib/gcc/arm-none-eabi/10.3.1/../../../../arm-none-eabi/lib/thumb/v7e-m+dp/hard\libc_nano.a(lib_a-nano-mallocr.o)
 .ARM.attributes
                0x000008d8       0x32 d:/arm_none_gcc/bin/../lib/gcc/arm-none-eabi/10.3.1/../../../../arm-none-eabi/lib/thumb/v7e-m+dp/hard\libc_nano.a(lib_a-nano-reallocr.o)
 .ARM.attributes
                0x0000090a       0x32 d:/arm_none_gcc/bin/../lib/gcc/arm-none-eabi/10.3.1/../../../../arm-none-eabi/lib/thumb/v7e-m+dp/hard\libc_nano.a(lib_a-sbrkr.o)
 .ARM.attributes
                0x0000093c       0x32 d:/arm_none_gcc/bin/../lib/gcc/arm-none-eabi/10.3.1/../../../../arm-none-eabi/lib/thumb/v7e-m+dp/hard\libc_nano.a(lib_a-mlock.o)
 .ARM.attributes
                0x0000096e       0x32 d:/arm_none_gcc/bin/../lib/gcc/arm-none-eabi/10.3.1/../../../../arm-none-eabi/lib/thumb/v7e-m+dp/hard\libc_nano.a(lib_a-nano-msizer.o)
 .ARM.attributes
                0x000009a0       0x32 d:/arm_none_gcc/bin/../lib/gcc/arm-none-eabi/10.3.1/../../../../arm-none-eabi/lib/thumb/v7e-m+dp/hard\libc_nano.a(lib_a-reent.o)
 .ARM.attributes
                0x000009d2       0x32 d:/arm_none_gcc/bin/../lib/gcc/arm-none-eabi/10.3.1/../../../../arm-none-eabi/lib/thumb/v7e-m+dp/hard\libc_nano.a(lib_a-lock.o)
 .ARM.attributes
                0x00000a04       0x32 d:/arm_none_gcc/bin/../lib/gcc/arm-none-eabi/10.3.1/../../../../arm-none-eabi/lib/thumb/v7e-m+dp/hard\libnosys.a(sbrk.o)
 .ARM.attributes
                0x00000a36       0x37 D:/hahahahaha/VSCODEproject/H750cmakeproject/1-2demultplex/mcu/Drivers/CMSIS/Lib/GCC\libarm_cortexM7lfdp_math.a(arm_const_structs.o)
 .ARM.attributes
                0x00000a6d       0x37 D:/hahahahaha/VSCODEproject/H750cmakeproject/1-2demultplex/mcu/Drivers/CMSIS/Lib/GCC\libarm_cortexM7lfdp_math.a(arm_common_tables.o)
 .ARM.attributes
                0x00000aa4       0x32 D:/hahahahaha/VSCODEproject/H750cmakeproject/1-2demultplex/mcu/Drivers/CMSIS/Lib/GCC\libarm_cortexM7lfdp_math.a(arm_var_f32.o)
 .ARM.attributes
                0x00000ad6       0x32 D:/hahahahaha/VSCODEproject/H750cmakeproject/1-2demultplex/mcu/Drivers/CMSIS/Lib/GCC\libarm_cortexM7lfdp_math.a(arm_cfft_f32.o)
 .ARM.attributes
                0x00000b08       0x32 D:/hahahahaha/VSCODEproject/H750cmakeproject/1-2demultplex/mcu/Drivers/CMSIS/Lib/GCC\libarm_cortexM7lfdp_math.a(arm_bitreversal2.o)
 .ARM.attributes
                0x00000b3a       0x32 D:/hahahahaha/VSCODEproject/H750cmakeproject/1-2demultplex/mcu/Drivers/CMSIS/Lib/GCC\libarm_cortexM7lfdp_math.a(arm_cmplx_mag_f32.o)
 .ARM.attributes
                0x00000b6c       0x32 D:/hahahahaha/VSCODEproject/H750cmakeproject/1-2demultplex/mcu/Drivers/CMSIS/Lib/GCC\libarm_cortexM7lfdp_math.a(arm_cfft_radix8_f32.o)
 .ARM.attributes
                0x00000b9e       0x1e d:/arm_none_gcc/bin/../lib/gcc/arm-none-eabi/10.3.1/thumb/v7e-m+dp/hard\libgcc.a(_aeabi_uldivmod.o)
 .ARM.attributes
                0x00000bbc       0x32 d:/arm_none_gcc/bin/../lib/gcc/arm-none-eabi/10.3.1/thumb/v7e-m+dp/hard\libgcc.a(_udivmoddi4.o)
 .ARM.attributes
                0x00000bee       0x1e d:/arm_none_gcc/bin/../lib/gcc/arm-none-eabi/10.3.1/thumb/v7e-m+dp/hard\libgcc.a(_dvmd_tls.o)
 .ARM.attributes
                0x00000c0c       0x32 d:/arm_none_gcc/bin/../lib/gcc/arm-none-eabi/10.3.1/../../../../arm-none-eabi/lib/thumb/v7e-m+dp/hard\libc_nano.a(lib_a-errno.o)
 .ARM.attributes
                0x00000c3e       0x32 d:/arm_none_gcc/bin/../lib/gcc/arm-none-eabi/10.3.1/../../../../arm-none-eabi/lib/thumb/v7e-m+dp/hard\libc_nano.a(lib_a-findfp.o)
 .ARM.attributes
                0x00000c70       0x1e d:/arm_none_gcc/bin/../lib/gcc/arm-none-eabi/10.3.1/thumb/v7e-m+dp/hard/crtn.o
OUTPUT(target.elf elf32-littlearm)
LOAD linker stubs
LOAD d:/arm_none_gcc/bin/../lib/gcc/arm-none-eabi/10.3.1/../../../../arm-none-eabi/lib/thumb/v7e-m+dp/hard\libc.a
LOAD d:/arm_none_gcc/bin/../lib/gcc/arm-none-eabi/10.3.1/../../../../arm-none-eabi/lib/thumb/v7e-m+dp/hard\libm.a
LOAD d:/arm_none_gcc/bin/../lib/gcc/arm-none-eabi/10.3.1/thumb/v7e-m+dp/hard\libgcc.a

.debug_info     0x00000000    0x2f045
 .debug_info    0x00000000      0xfe1 CMakeFiles/target.elf.dir/mcu/Core/Src/adc.c.obj
 .debug_info    0x00000fe1      0x82d CMakeFiles/target.elf.dir/mcu/Core/Src/dma.c.obj
 .debug_info    0x0000180e      0x675 CMakeFiles/target.elf.dir/mcu/Core/Src/gpio.c.obj
 .debug_info    0x00001e83      0xfa5 CMakeFiles/target.elf.dir/mcu/Core/Src/i2c.c.obj
 .debug_info    0x00002e28     0x1c04 CMakeFiles/target.elf.dir/mcu/Core/Src/main.c.obj
 .debug_info    0x00004a2c     0x1168 CMakeFiles/target.elf.dir/mcu/Core/Src/spi.c.obj
 .debug_info    0x00005b94      0x4a0 CMakeFiles/target.elf.dir/mcu/Core/Src/stm32h7xx_hal_msp.c.obj
 .debug_info    0x00006034      0x47f CMakeFiles/target.elf.dir/mcu/Core/Src/stm32h7xx_it.c.obj
 .debug_info    0x000064b3      0xd03 CMakeFiles/target.elf.dir/mcu/Core/Src/system_stm32h7xx.c.obj
 .debug_info    0x000071b6      0xc59 CMakeFiles/target.elf.dir/mcu/Core/Src/tim.c.obj
 .debug_info    0x00007e0f     0x10a0 CMakeFiles/target.elf.dir/mcu/Core/Src/usart.c.obj
 .debug_info    0x00008eaf     0x1579 CMakeFiles/target.elf.dir/mcu/Drivers/STM32H7xx_HAL_Driver/Src/stm32h7xx_hal.c.obj
 .debug_info    0x0000a428     0x1ed7 CMakeFiles/target.elf.dir/mcu/Drivers/STM32H7xx_HAL_Driver/Src/stm32h7xx_hal_adc.c.obj
 .debug_info    0x0000c2ff     0x1fff CMakeFiles/target.elf.dir/mcu/Drivers/STM32H7xx_HAL_Driver/Src/stm32h7xx_hal_adc_ex.c.obj
 .debug_info    0x0000e2fe     0x116f CMakeFiles/target.elf.dir/mcu/Drivers/STM32H7xx_HAL_Driver/Src/stm32h7xx_hal_cortex.c.obj
 .debug_info    0x0000f46d      0xcc4 CMakeFiles/target.elf.dir/mcu/Drivers/STM32H7xx_HAL_Driver/Src/stm32h7xx_hal_dma.c.obj
 .debug_info    0x00010131      0xd24 CMakeFiles/target.elf.dir/mcu/Drivers/STM32H7xx_HAL_Driver/Src/stm32h7xx_hal_gpio.c.obj
 .debug_info    0x00010e55     0x23d9 CMakeFiles/target.elf.dir/mcu/Drivers/STM32H7xx_HAL_Driver/Src/stm32h7xx_hal_i2c.c.obj
 .debug_info    0x0001322e      0xe4f CMakeFiles/target.elf.dir/mcu/Drivers/STM32H7xx_HAL_Driver/Src/stm32h7xx_hal_i2c_ex.c.obj
 .debug_info    0x0001407d     0x1083 CMakeFiles/target.elf.dir/mcu/Drivers/STM32H7xx_HAL_Driver/Src/stm32h7xx_hal_pwr_ex.c.obj
 .debug_info    0x00015100      0xef2 CMakeFiles/target.elf.dir/mcu/Drivers/STM32H7xx_HAL_Driver/Src/stm32h7xx_hal_rcc.c.obj
 .debug_info    0x00015ff2     0x1294 CMakeFiles/target.elf.dir/mcu/Drivers/STM32H7xx_HAL_Driver/Src/stm32h7xx_hal_rcc_ex.c.obj
 .debug_info    0x00017286     0x1520 CMakeFiles/target.elf.dir/mcu/Drivers/STM32H7xx_HAL_Driver/Src/stm32h7xx_hal_spi.c.obj
 .debug_info    0x000187a6     0x2d65 CMakeFiles/target.elf.dir/mcu/Drivers/STM32H7xx_HAL_Driver/Src/stm32h7xx_hal_tim.c.obj
 .debug_info    0x0001b50b     0x17f0 CMakeFiles/target.elf.dir/mcu/Drivers/STM32H7xx_HAL_Driver/Src/stm32h7xx_hal_tim_ex.c.obj
 .debug_info    0x0001ccfb     0x4cbf CMakeFiles/target.elf.dir/mcu/Drivers/STM32H7xx_HAL_Driver/Src/stm32h7xx_hal_uart.c.obj
 .debug_info    0x000219ba      0xf7c CMakeFiles/target.elf.dir/mcu/Drivers/STM32H7xx_HAL_Driver/Src/stm32h7xx_hal_uart_ex.c.obj
 .debug_info    0x00022936      0xf4a CMakeFiles/target.elf.dir/app/src/ad9910.c.obj
 .debug_info    0x00023880      0x3af CMakeFiles/target.elf.dir/app/src/lcd_fonts.c.obj
 .debug_info    0x00023c2f     0x1777 CMakeFiles/target.elf.dir/app/src/lcd_spi_169.c.obj
 .debug_info    0x000253a6      0xafd CMakeFiles/target.elf.dir/app/src/test.c.obj
 .debug_info    0x00025ea3       0x22 CMakeFiles/target.elf.dir/mcu/user_startup_stm32h750xx.s.obj
 .debug_info    0x00025ec5     0x1d16 D:/hahahahaha/VSCODEproject/H750cmakeproject/1-2demultplex/mcu/Drivers/CMSIS/Lib/GCC\libarm_cortexM7lfdp_math.a(arm_const_structs.o)
 .debug_info    0x00027bdb     0x1a84 D:/hahahahaha/VSCODEproject/H750cmakeproject/1-2demultplex/mcu/Drivers/CMSIS/Lib/GCC\libarm_cortexM7lfdp_math.a(arm_common_tables.o)
 .debug_info    0x0002965f      0xb3e D:/hahahahaha/VSCODEproject/H750cmakeproject/1-2demultplex/mcu/Drivers/CMSIS/Lib/GCC\libarm_cortexM7lfdp_math.a(arm_var_f32.o)
 .debug_info    0x0002a19d     0x1c58 D:/hahahahaha/VSCODEproject/H750cmakeproject/1-2demultplex/mcu/Drivers/CMSIS/Lib/GCC\libarm_cortexM7lfdp_math.a(arm_cfft_f32.o)
 .debug_info    0x0002bdf5     0x16ac D:/hahahahaha/VSCODEproject/H750cmakeproject/1-2demultplex/mcu/Drivers/CMSIS/Lib/GCC\libarm_cortexM7lfdp_math.a(arm_bitreversal2.o)
 .debug_info    0x0002d4a1      0xcba D:/hahahahaha/VSCODEproject/H750cmakeproject/1-2demultplex/mcu/Drivers/CMSIS/Lib/GCC\libarm_cortexM7lfdp_math.a(arm_cmplx_mag_f32.o)
 .debug_info    0x0002e15b      0xeea D:/hahahahaha/VSCODEproject/H750cmakeproject/1-2demultplex/mcu/Drivers/CMSIS/Lib/GCC\libarm_cortexM7lfdp_math.a(arm_cfft_radix8_f32.o)

.debug_abbrev   0x00000000     0x4e89
 .debug_abbrev  0x00000000      0x1d1 CMakeFiles/target.elf.dir/mcu/Core/Src/adc.c.obj
 .debug_abbrev  0x000001d1       0xfc CMakeFiles/target.elf.dir/mcu/Core/Src/dma.c.obj
 .debug_abbrev  0x000002cd      0x13e CMakeFiles/target.elf.dir/mcu/Core/Src/gpio.c.obj
 .debug_abbrev  0x0000040b      0x1c9 CMakeFiles/target.elf.dir/mcu/Core/Src/i2c.c.obj
 .debug_abbrev  0x000005d4      0x2bd CMakeFiles/target.elf.dir/mcu/Core/Src/main.c.obj
 .debug_abbrev  0x00000891      0x203 CMakeFiles/target.elf.dir/mcu/Core/Src/spi.c.obj
 .debug_abbrev  0x00000a94       0xd7 CMakeFiles/target.elf.dir/mcu/Core/Src/stm32h7xx_hal_msp.c.obj
 .debug_abbrev  0x00000b6b      0x134 CMakeFiles/target.elf.dir/mcu/Core/Src/stm32h7xx_it.c.obj
 .debug_abbrev  0x00000c9f      0x144 CMakeFiles/target.elf.dir/mcu/Core/Src/system_stm32h7xx.c.obj
 .debug_abbrev  0x00000de3      0x1b5 CMakeFiles/target.elf.dir/mcu/Core/Src/tim.c.obj
 .debug_abbrev  0x00000f98      0x1c5 CMakeFiles/target.elf.dir/mcu/Core/Src/usart.c.obj
 .debug_abbrev  0x0000115d      0x23e CMakeFiles/target.elf.dir/mcu/Drivers/STM32H7xx_HAL_Driver/Src/stm32h7xx_hal.c.obj
 .debug_abbrev  0x0000139b      0x27b CMakeFiles/target.elf.dir/mcu/Drivers/STM32H7xx_HAL_Driver/Src/stm32h7xx_hal_adc.c.obj
 .debug_abbrev  0x00001616      0x2c1 CMakeFiles/target.elf.dir/mcu/Drivers/STM32H7xx_HAL_Driver/Src/stm32h7xx_hal_adc_ex.c.obj
 .debug_abbrev  0x000018d7      0x326 CMakeFiles/target.elf.dir/mcu/Drivers/STM32H7xx_HAL_Driver/Src/stm32h7xx_hal_cortex.c.obj
 .debug_abbrev  0x00001bfd      0x221 CMakeFiles/target.elf.dir/mcu/Drivers/STM32H7xx_HAL_Driver/Src/stm32h7xx_hal_dma.c.obj
 .debug_abbrev  0x00001e1e      0x1e9 CMakeFiles/target.elf.dir/mcu/Drivers/STM32H7xx_HAL_Driver/Src/stm32h7xx_hal_gpio.c.obj
 .debug_abbrev  0x00002007      0x214 CMakeFiles/target.elf.dir/mcu/Drivers/STM32H7xx_HAL_Driver/Src/stm32h7xx_hal_i2c.c.obj
 .debug_abbrev  0x0000221b      0x1de CMakeFiles/target.elf.dir/mcu/Drivers/STM32H7xx_HAL_Driver/Src/stm32h7xx_hal_i2c_ex.c.obj
 .debug_abbrev  0x000023f9      0x264 CMakeFiles/target.elf.dir/mcu/Drivers/STM32H7xx_HAL_Driver/Src/stm32h7xx_hal_pwr_ex.c.obj
 .debug_abbrev  0x0000265d      0x26d CMakeFiles/target.elf.dir/mcu/Drivers/STM32H7xx_HAL_Driver/Src/stm32h7xx_hal_rcc.c.obj
 .debug_abbrev  0x000028ca      0x244 CMakeFiles/target.elf.dir/mcu/Drivers/STM32H7xx_HAL_Driver/Src/stm32h7xx_hal_rcc_ex.c.obj
 .debug_abbrev  0x00002b0e      0x273 CMakeFiles/target.elf.dir/mcu/Drivers/STM32H7xx_HAL_Driver/Src/stm32h7xx_hal_spi.c.obj
 .debug_abbrev  0x00002d81      0x235 CMakeFiles/target.elf.dir/mcu/Drivers/STM32H7xx_HAL_Driver/Src/stm32h7xx_hal_tim.c.obj
 .debug_abbrev  0x00002fb6      0x23d CMakeFiles/target.elf.dir/mcu/Drivers/STM32H7xx_HAL_Driver/Src/stm32h7xx_hal_tim_ex.c.obj
 .debug_abbrev  0x000031f3      0x2cc CMakeFiles/target.elf.dir/mcu/Drivers/STM32H7xx_HAL_Driver/Src/stm32h7xx_hal_uart.c.obj
 .debug_abbrev  0x000034bf      0x279 CMakeFiles/target.elf.dir/mcu/Drivers/STM32H7xx_HAL_Driver/Src/stm32h7xx_hal_uart_ex.c.obj
 .debug_abbrev  0x00003738      0x24e CMakeFiles/target.elf.dir/app/src/ad9910.c.obj
 .debug_abbrev  0x00003986       0xd9 CMakeFiles/target.elf.dir/app/src/lcd_fonts.c.obj
 .debug_abbrev  0x00003a5f      0x299 CMakeFiles/target.elf.dir/app/src/lcd_spi_169.c.obj
 .debug_abbrev  0x00003cf8      0x204 CMakeFiles/target.elf.dir/app/src/test.c.obj
 .debug_abbrev  0x00003efc       0x12 CMakeFiles/target.elf.dir/mcu/user_startup_stm32h750xx.s.obj
 .debug_abbrev  0x00003f0e      0x201 D:/hahahahaha/VSCODEproject/H750cmakeproject/1-2demultplex/mcu/Drivers/CMSIS/Lib/GCC\libarm_cortexM7lfdp_math.a(arm_const_structs.o)
 .debug_abbrev  0x0000410f      0x1dd D:/hahahahaha/VSCODEproject/H750cmakeproject/1-2demultplex/mcu/Drivers/CMSIS/Lib/GCC\libarm_cortexM7lfdp_math.a(arm_common_tables.o)
 .debug_abbrev  0x000042ec      0x210 D:/hahahahaha/VSCODEproject/H750cmakeproject/1-2demultplex/mcu/Drivers/CMSIS/Lib/GCC\libarm_cortexM7lfdp_math.a(arm_var_f32.o)
 .debug_abbrev  0x000044fc      0x2e0 D:/hahahahaha/VSCODEproject/H750cmakeproject/1-2demultplex/mcu/Drivers/CMSIS/Lib/GCC\libarm_cortexM7lfdp_math.a(arm_cfft_f32.o)
 .debug_abbrev  0x000047dc      0x21a D:/hahahahaha/VSCODEproject/H750cmakeproject/1-2demultplex/mcu/Drivers/CMSIS/Lib/GCC\libarm_cortexM7lfdp_math.a(arm_bitreversal2.o)
 .debug_abbrev  0x000049f6      0x288 D:/hahahahaha/VSCODEproject/H750cmakeproject/1-2demultplex/mcu/Drivers/CMSIS/Lib/GCC\libarm_cortexM7lfdp_math.a(arm_cmplx_mag_f32.o)
 .debug_abbrev  0x00004c7e      0x20b D:/hahahahaha/VSCODEproject/H750cmakeproject/1-2demultplex/mcu/Drivers/CMSIS/Lib/GCC\libarm_cortexM7lfdp_math.a(arm_cfft_radix8_f32.o)

.debug_aranges  0x00000000     0x1cd0
 .debug_aranges
                0x00000000       0x38 CMakeFiles/target.elf.dir/mcu/Core/Src/adc.c.obj
 .debug_aranges
                0x00000038       0x20 CMakeFiles/target.elf.dir/mcu/Core/Src/dma.c.obj
 .debug_aranges
                0x00000058       0x20 CMakeFiles/target.elf.dir/mcu/Core/Src/gpio.c.obj
 .debug_aranges
                0x00000078       0x30 CMakeFiles/target.elf.dir/mcu/Core/Src/i2c.c.obj
 .debug_aranges
                0x000000a8       0x40 CMakeFiles/target.elf.dir/mcu/Core/Src/main.c.obj
 .debug_aranges
                0x000000e8       0x40 CMakeFiles/target.elf.dir/mcu/Core/Src/spi.c.obj
 .debug_aranges
                0x00000128       0x20 CMakeFiles/target.elf.dir/mcu/Core/Src/stm32h7xx_hal_msp.c.obj
 .debug_aranges
                0x00000148       0x68 CMakeFiles/target.elf.dir/mcu/Core/Src/stm32h7xx_it.c.obj
 .debug_aranges
                0x000001b0       0x28 CMakeFiles/target.elf.dir/mcu/Core/Src/system_stm32h7xx.c.obj
 .debug_aranges
                0x000001d8       0x30 CMakeFiles/target.elf.dir/mcu/Core/Src/tim.c.obj
 .debug_aranges
                0x00000208       0x38 CMakeFiles/target.elf.dir/mcu/Core/Src/usart.c.obj
 .debug_aranges
                0x00000240      0x198 CMakeFiles/target.elf.dir/mcu/Drivers/STM32H7xx_HAL_Driver/Src/stm32h7xx_hal.c.obj
 .debug_aranges
                0x000003d8      0x228 CMakeFiles/target.elf.dir/mcu/Drivers/STM32H7xx_HAL_Driver/Src/stm32h7xx_hal_adc.c.obj
 .debug_aranges
                0x00000600      0x1d8 CMakeFiles/target.elf.dir/mcu/Drivers/STM32H7xx_HAL_Driver/Src/stm32h7xx_hal_adc_ex.c.obj
 .debug_aranges
                0x000007d8      0x120 CMakeFiles/target.elf.dir/mcu/Drivers/STM32H7xx_HAL_Driver/Src/stm32h7xx_hal_cortex.c.obj
 .debug_aranges
                0x000008f8       0xa0 CMakeFiles/target.elf.dir/mcu/Drivers/STM32H7xx_HAL_Driver/Src/stm32h7xx_hal_dma.c.obj
 .debug_aranges