Archive member included to satisfy reference by file (symbol)

d:/arm_none_gcc/bin/../lib/gcc/arm-none-eabi/10.3.1/../../../../arm-none-eabi/lib/thumb/v7e-m+dp/hard\libc_nano.a(lib_a-exit.o)
                              d:/arm_none_gcc/bin/../lib/gcc/arm-none-eabi/10.3.1/../../../../arm-none-eabi/lib/thumb/v7e-m+dp/hard/rdimon-crt0.o (exit)
d:/arm_none_gcc/bin/../lib/gcc/arm-none-eabi/10.3.1/../../../../arm-none-eabi/lib/thumb/v7e-m+dp/hard\libc_nano.a(lib_a-impure.o)
                              d:/arm_none_gcc/bin/../lib/gcc/arm-none-eabi/10.3.1/../../../../arm-none-eabi/lib/thumb/v7e-m+dp/hard\libc_nano.a(lib_a-exit.o) (_global_impure_ptr)
d:/arm_none_gcc/bin/../lib/gcc/arm-none-eabi/10.3.1/../../../../arm-none-eabi/lib/thumb/v7e-m+dp/hard\libc_nano.a(lib_a-init.o)
                              d:/arm_none_gcc/bin/../lib/gcc/arm-none-eabi/10.3.1/../../../../arm-none-eabi/lib/thumb/v7e-m+dp/hard/rdimon-crt0.o (__libc_init_array)
d:/arm_none_gcc/bin/../lib/gcc/arm-none-eabi/10.3.1/../../../../arm-none-eabi/lib/thumb/v7e-m+dp/hard\libc_nano.a(lib_a-memcpy-stub.o)
                              CMakeFiles/target.elf.dir/app/src/ad9910.c.obj (memcpy)
d:/arm_none_gcc/bin/../lib/gcc/arm-none-eabi/10.3.1/../../../../arm-none-eabi/lib/thumb/v7e-m+dp/hard\libc_nano.a(lib_a-memset.o)
                              d:/arm_none_gcc/bin/../lib/gcc/arm-none-eabi/10.3.1/../../../../arm-none-eabi/lib/thumb/v7e-m+dp/hard/rdimon-crt0.o (memset)
d:/arm_none_gcc/bin/../lib/gcc/arm-none-eabi/10.3.1/../../../../arm-none-eabi/lib/thumb/v7e-m+dp/hard\libc_nano.a(lib_a-snprintf.o)
                              CMakeFiles/target.elf.dir/app/src/test.c.obj (snprintf)
d:/arm_none_gcc/bin/../lib/gcc/arm-none-eabi/10.3.1/../../../../arm-none-eabi/lib/thumb/v7e-m+dp/hard\libc_nano.a(lib_a-sprintf.o)
                              CMakeFiles/target.elf.dir/app/src/lcd_spi_169.c.obj (sprintf)
d:/arm_none_gcc/bin/../lib/gcc/arm-none-eabi/10.3.1/../../../../arm-none-eabi/lib/thumb/v7e-m+dp/hard\libc_nano.a(lib_a-strlen.o)
                              CMakeFiles/target.elf.dir/app/src/test.c.obj (strlen)
d:/arm_none_gcc/bin/../lib/gcc/arm-none-eabi/10.3.1/../../../../arm-none-eabi/lib/thumb/v7e-m+dp/hard\libc_nano.a(lib_a-nano-svfprintf.o)
                              d:/arm_none_gcc/bin/../lib/gcc/arm-none-eabi/10.3.1/../../../../arm-none-eabi/lib/thumb/v7e-m+dp/hard\libc_nano.a(lib_a-snprintf.o) (_svfprintf_r)
d:/arm_none_gcc/bin/../lib/gcc/arm-none-eabi/10.3.1/../../../../arm-none-eabi/lib/thumb/v7e-m+dp/hard\libc_nano.a(lib_a-nano-vfprintf_i.o)
                              d:/arm_none_gcc/bin/../lib/gcc/arm-none-eabi/10.3.1/../../../../arm-none-eabi/lib/thumb/v7e-m+dp/hard\libc_nano.a(lib_a-nano-svfprintf.o) (_printf_i)
d:/arm_none_gcc/bin/../lib/gcc/arm-none-eabi/10.3.1/../../../../arm-none-eabi/lib/thumb/v7e-m+dp/hard\libc_nano.a(lib_a-memchr.o)
                              d:/arm_none_gcc/bin/../lib/gcc/arm-none-eabi/10.3.1/../../../../arm-none-eabi/lib/thumb/v7e-m+dp/hard\libc_nano.a(lib_a-nano-svfprintf.o) (memchr)
d:/arm_none_gcc/bin/../lib/gcc/arm-none-eabi/10.3.1/../../../../arm-none-eabi/lib/thumb/v7e-m+dp/hard\libc_nano.a(lib_a-memmove.o)
                              d:/arm_none_gcc/bin/../lib/gcc/arm-none-eabi/10.3.1/../../../../arm-none-eabi/lib/thumb/v7e-m+dp/hard\libc_nano.a(lib_a-nano-svfprintf.o) (memmove)
d:/arm_none_gcc/bin/../lib/gcc/arm-none-eabi/10.3.1/../../../../arm-none-eabi/lib/thumb/v7e-m+dp/hard\libc_nano.a(lib_a-nano-freer.o)
                              d:/arm_none_gcc/bin/../lib/gcc/arm-none-eabi/10.3.1/../../../../arm-none-eabi/lib/thumb/v7e-m+dp/hard\libc_nano.a(lib_a-nano-svfprintf.o) (_free_r)
d:/arm_none_gcc/bin/../lib/gcc/arm-none-eabi/10.3.1/../../../../arm-none-eabi/lib/thumb/v7e-m+dp/hard\libc_nano.a(lib_a-nano-mallocr.o)
                              d:/arm_none_gcc/bin/../lib/gcc/arm-none-eabi/10.3.1/../../../../arm-none-eabi/lib/thumb/v7e-m+dp/hard\libc_nano.a(lib_a-nano-svfprintf.o) (_malloc_r)
d:/arm_none_gcc/bin/../lib/gcc/arm-none-eabi/10.3.1/../../../../arm-none-eabi/lib/thumb/v7e-m+dp/hard\libc_nano.a(lib_a-nano-reallocr.o)
                              d:/arm_none_gcc/bin/../lib/gcc/arm-none-eabi/10.3.1/../../../../arm-none-eabi/lib/thumb/v7e-m+dp/hard\libc_nano.a(lib_a-nano-svfprintf.o) (_realloc_r)
d:/arm_none_gcc/bin/../lib/gcc/arm-none-eabi/10.3.1/../../../../arm-none-eabi/lib/thumb/v7e-m+dp/hard\libc_nano.a(lib_a-sbrkr.o)
                              d:/arm_none_gcc/bin/../lib/gcc/arm-none-eabi/10.3.1/../../../../arm-none-eabi/lib/thumb/v7e-m+dp/hard\libc_nano.a(lib_a-nano-mallocr.o) (_sbrk_r)
d:/arm_none_gcc/bin/../lib/gcc/arm-none-eabi/10.3.1/../../../../arm-none-eabi/lib/thumb/v7e-m+dp/hard\libc_nano.a(lib_a-mlock.o)
                              d:/arm_none_gcc/bin/../lib/gcc/arm-none-eabi/10.3.1/../../../../arm-none-eabi/lib/thumb/v7e-m+dp/hard\libc_nano.a(lib_a-nano-freer.o) (__malloc_lock)
[...]
Memory Configuration

Name             Origin             Length             Attributes
DTCMRAM          0x20000000         0x00020000         xrw
RAM_D1           0x24000000         0x00080000         xrw
RAM_D2           0x30000000         0x00048000         xrw
RAM_D3           0x38000000         0x00010000         xrw
ITCMRAM          0x00000000         0x00010000         xrw
FLASH            0x08000000         0x00020000         xr
*default*        0x00000000         0xffffffff

Linker script and memory map

LOAD d:/arm_none_gcc/bin/../lib/gcc/arm-none-eabi/10.3.1/thumb/v7e-m+dp/hard/crti.o
LOAD d:/arm_none_gcc/bin/../lib/gcc/arm-none-eabi/10.3.1/thumb/v7e-m+dp/hard/crtbegin.o
LOAD d:/arm_none_gcc/bin/../lib/gcc/arm-none-eabi/10.3.1/../../../../arm-none-eabi/lib/thumb/v7e-m+dp/hard/rdimon-crt0.o
LOAD CMakeFiles/target.elf.dir/mcu/Core/Src/adc.c.obj
LOAD CMakeFiles/target.elf.dir/mcu/Core/Src/dma.c.obj
LOAD CMakeFiles/target.elf.dir/mcu/Core/Src/gpio.c.obj
LOAD CMakeFiles/target.elf.dir/mcu/Core/Src/i2c.c.obj
LOAD CMakeFiles/target.elf.dir/mcu/Core/Src/main.c.obj
LOAD CMakeFiles/target.elf.dir/mcu/Core/Src/spi.c.obj
LOAD CMakeFiles/target.elf.dir/mcu/Core/Src/stm32h7xx_hal_msp.c.obj
LOAD CMakeFiles/target.elf.dir/mcu/Core/Src/stm32h7xx_it.c.obj
LOAD CMakeFiles/target.elf.dir/mcu/Core/Src/system_stm32h7xx.c.obj
LOAD CMakeFiles/target.elf.dir/mcu/Core/Src/tim.c.obj
LOAD CMakeFiles/target.elf.dir/mcu/Core/Src/usart.c.obj
LOAD CMakeFiles/target.elf.dir/mcu/Drivers/STM32H7xx_HAL_Driver/Src/stm32h7xx_hal.c.obj
LOAD CMakeFiles/target.elf.dir/mcu/Drivers/STM32H7xx_HAL_Driver/Src/stm32h7xx_hal_adc.c.obj
LOAD CMakeFiles/target.elf.dir/mcu/Drivers/STM32H7xx_HAL_Driver/Src/stm32h7xx_hal_adc_ex.c.obj
LOAD CMakeFiles/target.elf.dir/mcu/Drivers/STM32H7xx_HAL_Driver/Src/stm32h7xx_hal_cortex.c.obj
LOAD CMakeFiles/target.elf.dir/mcu/Drivers/STM32H7xx_HAL_Driver/Src/stm32h7xx_hal_dma.c.obj
LOAD CMakeFiles/target.elf.dir/mcu/Drivers/STM32H7xx_HAL_Driver/Src/stm32h7xx_hal_dma_ex.c.obj
LOAD CMakeFiles/target.elf.dir/mcu/Drivers/STM32H7xx_HAL_Driver/Src/stm32h7xx_hal_exti.c.obj
LOAD CMakeFiles/target.elf.dir/mcu/Drivers/STM32H7xx_HAL_Driver/Src/stm32h7xx_hal_flash.c.obj
LOAD CMakeFiles/target.elf.dir/mcu/Drivers/STM32H7xx_HAL_Driver/Src/stm32h7xx_hal_flash_ex.c.obj
LOAD CMakeFiles/target.elf.dir/mcu/Drivers/STM32H7xx_HAL_Driver/Src/stm32h7xx_hal_gpio.c.obj
LOAD CMakeFiles/target.elf.dir/mcu/Drivers/STM32H7xx_HAL_Driver/Src/stm32h7xx_hal_hsem.c.obj
LOAD CMakeFiles/target.elf.dir/mcu/Drivers/STM32H7xx_HAL_Driver/Src/stm32h7xx_hal_i2c.c.obj
LOAD CMakeFiles/target.elf.dir/mcu/Drivers/STM32H7xx_HAL_Driver/Src/stm32h7xx_hal_i2c_ex.c.obj
LOAD CMakeFiles/target.elf.dir/mcu/Drivers/STM32H7xx_HAL_Driver/Src/stm32h7xx_hal_mdma.c.obj
LOAD CMakeFiles/target.elf.dir/mcu/Drivers/STM32H7xx_HAL_Driver/Src/stm32h7xx_hal_pwr.c.obj
LOAD CMakeFiles/target.elf.dir/mcu/Drivers/STM32H7xx_HAL_Driver/Src/stm32h7xx_hal_pwr_ex.c.obj
LOAD CMakeFiles/target.elf.dir/mcu/Drivers/STM32H7xx_HAL_Driver/Src/stm32h7xx_hal_rcc.c.obj
LOAD CMakeFiles/target.elf.dir/mcu/Drivers/STM32H7xx_HAL_Driver/Src/stm32h7xx_hal_rcc_ex.c.obj
LOAD CMakeFiles/target.elf.dir/mcu/Drivers/STM32H7xx_HAL_Driver/Src/stm32h7xx_hal_spi.c.obj
LOAD CMakeFiles/target.elf.dir/mcu/Drivers/STM32H7xx_HAL_Driver/Src/stm32h7xx_hal_spi_ex.c.obj
LOAD CMakeFiles/target.elf.dir/mcu/Drivers/STM32H7xx_HAL_Driver/Src/stm32h7xx_hal_tim.c.obj
LOAD CMakeFiles/target.elf.dir/mcu/Drivers/STM32H7xx_HAL_Driver/Src/stm32h7xx_hal_tim_ex.c.obj
LOAD CMakeFiles/target.elf.dir/mcu/Drivers/STM32H7xx_HAL_Driver/Src/stm32h7xx_hal_uart.c.obj
LOAD CMakeFiles/target.elf.dir/mcu/Drivers/STM32H7xx_HAL_Driver/Src/stm32h7xx_hal_uart_ex.c.obj
LOAD CMakeFiles/target.elf.dir/app/src/ad9910.c.obj
LOAD CMakeFiles/target.elf.dir/app/src/apfft.c.obj
LOAD CMakeFiles/target.elf.dir/app/src/lcd_fonts.c.obj
LOAD CMakeFiles/target.elf.dir/app/src/lcd_spi_169.c.obj
LOAD CMakeFiles/target.elf.dir/app/src/my_i2c.c.obj
LOAD CMakeFiles/target.elf.dir/app/src/my_rda5820.c.obj
LOAD CMakeFiles/target.elf.dir/app/src/myfft.c.obj
LOAD CMakeFiles/target.elf.dir/app/src/test.c.obj
LOAD CMakeFiles/target.elf.dir/mcu/user_startup_stm32h750xx.s.obj
LOAD d:/arm_none_gcc/bin/../lib/gcc/arm-none-eabi/10.3.1/../../../../arm-none-eabi/lib/thumb/v7e-m+dp/hard\libc_nano.a
LOAD d:/arm_none_gcc/bin/../lib/gcc/arm-none-eabi/10.3.1/../../../../arm-none-eabi/lib/thumb/v7e-m+dp/hard\libm.a
LOAD d:/arm_none_gcc/bin/../lib/gcc/arm-none-eabi/10.3.1/../../../../arm-none-eabi/lib/thumb/v7e-m+dp/hard\libnosys.a
LOAD D:/hahahahaha/VSCODEproject/H750cmakeproject/example/mcu/Drivers/CMSIS/Lib/GCC\libarm_cortexM7lfdp_math.a
START GROUP
LOAD d:/arm_none_gcc/bin/../lib/gcc/arm-none-eabi/10.3.1/thumb/v7e-m+dp/hard\libgcc.a
LOAD d:/arm_none_gcc/bin/../lib/gcc/arm-none-eabi/10.3.1/../../../../arm-none-eabi/lib/thumb/v7e-m+dp/hard\libg_nano.a
LOAD d:/arm_none_gcc/bin/../lib/gcc/arm-none-eabi/10.3.1/../../../../arm-none-eabi/lib/thumb/v7e-m+dp/hard\libc_nano.a
END GROUP
START GROUP
LOAD d:/arm_none_gcc/bin/../lib/gcc/arm-none-eabi/10.3.1/thumb/v7e-m+dp/hard\libgcc.a
LOAD d:/arm_none_gcc/bin/../lib/gcc/arm-none-eabi/10.3.1/../../../../arm-none-eabi/lib/thumb/v7e-m+dp/hard\libc_nano.a
LOAD d:/arm_none_gcc/bin/../lib/gcc/arm-none-eabi/10.3.1/../../../../arm-none-eabi/lib/thumb/v7e-m+dp/hard\librdimon_nano.a
LOAD d:/arm_none_gcc/bin/../lib/gcc/arm-none-eabi/10.3.1/../../../../arm-none-eabi/lib/thumb/v7e-m+dp/hard\libnosys.a
END GROUP
START GROUP
LOAD d:/arm_none_gcc/bin/../lib/gcc/arm-none-eabi/10.3.1/thumb/v7e-m+dp/hard\libgcc.a
LOAD d:/arm_none_gcc/bin/../lib/gcc/arm-none-eabi/10.3.1/../../../../arm-none-eabi/lib/thumb/v7e-m+dp/hard\libc_nano.a
LOAD d:/arm_none_gcc/bin/../lib/gcc/arm-none-eabi/10.3.1/../../../../arm-none-eabi/lib/thumb/v7e-m+dp/hard\libnosys.a
END GROUP
START GROUP
LOAD d:/arm_none_gcc/bin/../lib/gcc/arm-none-eabi/10.3.1/thumb/v7e-m+dp/hard\libgcc.a
LOAD d:/arm_none_gcc/bin/../lib/gcc/arm-none-eabi/10.3.1/../../../../arm-none-eabi/lib/thumb/v7e-m+dp/hard\libc_nano.a
LOAD d:/arm_none_gcc/bin/../lib/gcc/arm-none-eabi/10.3.1/../../../../arm-none-eabi/lib/thumb/v7e-m+dp/hard\librdimon_nano.a
END GROUP
LOAD d:/arm_none_gcc/bin/../lib/gcc/arm-none-eabi/10.3.1/thumb/v7e-m+dp/hard/crtend.o
LOAD d:/arm_none_gcc/bin/../lib/gcc/arm-none-eabi/10.3.1/thumb/v7e-m+dp/hard/crtn.o
                0x20020000                _estack = (ORIGIN (DTCMRAM) + LENGTH (DTCMRAM))
                0x00000200                _Min_Heap_Size = 0x200
                0x00000400                _Min_Stack_Size = 0x400

.isr_vector     0x08000000      0x298
                0x08000000                . = ALIGN (0x4)
 *(.isr_vector)
 .isr_vector    0x08000000      0x298 CMakeFiles/target.elf.dir/mcu/user_startup_stm32h750xx.s.obj
                0x08000000                g_pfnVectors
                0x08000298                . = ALIGN (0x4)

.text           0x080002a0     0xe594
                0x080002a0                . = ALIGN (0x4)
 *(.text)
 .text          0x080002a0       0x40 d:/arm_none_gcc/bin/../lib/gcc/arm-none-eabi/10.3.1/thumb/v7e-m+dp/hard/crtbegin.o
 .text          0x080002e0       0xa0 d:/arm_none_gcc/bin/../lib/gcc/arm-none-eabi/10.3.1/../../../../arm-none-eabi/lib/thumb/v7e-m+dp/hard\libc_nano.a(lib_a-memchr.o)
                0x080002e0                memchr
 .text          0x08000380      0x378 d:/arm_none_gcc/bin/../lib/gcc/arm-none-eabi/10.3.1/thumb/v7e-m+dp/hard\libgcc.a(_arm_addsubdf3.o)
                0x08000380                __aeabi_drsub
                0x08000388                __aeabi_dsub
                0x08000388                __subdf3
                0x0800038c                __aeabi_dadd
                0x0800038c                __adddf3
                0x08000604                __floatunsidf
                0x08000604                __aeabi_ui2d
                0x08000624                __floatsidf
                0x08000624                __aeabi_i2d
                0x08000648                __aeabi_f2d
                0x08000648                __extendsfdf2
                0x0800068c                __floatundidf
                0x0800068c                __aeabi_ul2d
                0x0800069c                __floatdidf
                0x0800069c                __aeabi_l2d
 .text          0x080006f8      0x21c d:/arm_none_gcc/bin/../lib/gcc/arm-none-eabi/10.3.1/thumb/v7e-m+dp/hard\libgcc.a(_arm_addsubsf3.o)
                0x080006f8                __aeabi_frsub
                0x08000700                __subsf3
                0x08000700                __aeabi_fsub
                0x08000704                __aeabi_fadd
                0x08000704                __addsf3
                0x08000864                __aeabi_ui2f
                0x08000864                __floatunsisf
                0x0800086c                __aeabi_i2f
                0x0800086c                __floatsisf
                0x08000888                __aeabi_ul2f
                0x08000888                __floatundisf
                0x08000898                __aeabi_l2f
                0x08000898                __floatdisf
 .text          0x08000914       0x30 d:/arm_none_gcc/bin/../lib/gcc/arm-none-eabi/10.3.1/thumb/v7e-m+dp/hard\libgcc.a(_aeabi_uldivmod.o)
                0x08000914                __aeabi_uldivmod
 .text          0x08000944      0x2d0 d:/arm_none_gcc/bin/../lib/gcc/arm-none-eabi/10.3.1/thumb/v7e-m+dp/hard\libgcc.a(_udivmoddi4.o)
                0x08000944                __udivmoddi4
 .text          0x08000c14        0x4 d:/arm_none_gcc/bin/../lib/gcc/arm-none-eabi/10.3.1/thumb/v7e-m+dp/hard\libgcc.a(_dvmd_tls.o)
                0x08000c14                __aeabi_idiv0
                0x08000c14                __aeabi_ldiv0
 *(.text*)
 .text.MX_ADC1_Init
                0x08000c18       0xf4 CMakeFiles/target.elf.dir/mcu/Core/Src/adc.c.obj
                0x08000c18                MX_ADC1_Init
 .text.MX_ADC2_Init
                0x08000d0c       0xcc CMakeFiles/target.elf.dir/mcu/Core/Src/adc.c.obj
                0x08000d0c                MX_ADC2_Init
 .text.HAL_ADC_MspInit
                0x08000dd8      0x17c CMakeFiles/target.elf.dir/mcu/Core/Src/adc.c.obj
                0x08000dd8                HAL_ADC_MspInit
 .text.MX_DMA_Init
                0x08000f54       0x40 CMakeFiles/target.elf.dir/mcu/Core/Src/dma.c.obj
                0x08000f54                MX_DMA_Init
 .text.MX_GPIO_Init
                0x08000f94      0x15c CMakeFiles/target.elf.dir/mcu/Core/Src/gpio.c.obj
                0x08000f94                MX_GPIO_Init
 .text.MX_I2C1_Init
                0x080010f0       0x80 CMakeFiles/target.elf.dir/mcu/Core/Src/i2c.c.obj
                0x080010f0                MX_I2C1_Init
 .text.HAL_I2C_MspInit
                0x08001170       0xd0 CMakeFiles/target.elf.dir/mcu/Core/Src/i2c.c.obj
                0x08001170                HAL_I2C_MspInit
 .text.main     0x08001240      0x338 CMakeFiles/target.elf.dir/mcu/Core/Src/main.c.obj
                0x08001240                main
 .text.SystemClock_Config
                0x08001578       0xf8 CMakeFiles/target.elf.dir/mcu/Core/Src/main.c.obj
                0x08001578                SystemClock_Config
 .text.PeriphCommonClock_Config
                0x08001670       0x5e CMakeFiles/target.elf.dir/mcu/Core/Src/main.c.obj
                0x08001670                PeriphCommonClock_Config
 *fill*         0x080016ce        0x2 
 .text.HAL_UART_RxCpltCallback
                0x080016d0       0x7c CMakeFiles/target.elf.dir/mcu/Core/Src/main.c.obj
                0x080016d0                HAL_UART_RxCpltCallback
 .text.Error_Handler
                0x0800174c        0xa CMakeFiles/target.elf.dir/mcu/Core/Src/main.c.obj
                0x0800174c                Error_Handler
 *fill*         0x08001756        0x2 
 .text.MX_SPI1_Init
                0x08001758       0xb0 CMakeFiles/target.elf.dir/mcu/Core/Src/spi.c.obj
                0x08001758                MX_SPI1_Init
 .text.MX_SPI3_Init
                0x08001808       0xb4 CMakeFiles/target.elf.dir/mcu/Core/Src/spi.c.obj
                0x08001808                MX_SPI3_Init
 .text.MX_SPI4_Init
                0x080018bc       0xac CMakeFiles/target.elf.dir/mcu/Core/Src/spi.c.obj
                0x080018bc                MX_SPI4_Init
 .text.HAL_SPI_MspInit
                0x08001968      0x2fc CMakeFiles/target.elf.dir/mcu/Core/Src/spi.c.obj
                0x08001968                HAL_SPI_MspInit
 .text.HAL_MspInit
                0x08001c64       0x34 CMakeFiles/target.elf.dir/mcu/Core/Src/stm32h7xx_hal_msp.c.obj
                0x08001c64                HAL_MspInit
 .text.NMI_Handler
                0x08001c98        0x6 CMakeFiles/target.elf.dir/mcu/Core/Src/stm32h7xx_it.c.obj
                0x08001c98                NMI_Handler
 .text.HardFault_Handler
                0x08001c9e        0x6 CMakeFiles/target.elf.dir/mcu/Core/Src/stm32h7xx_it.c.obj
                0x08001c9e                HardFault_Handler
 .text.MemManage_Handler
                0x08001ca4        0x6 CMakeFiles/target.elf.dir/mcu/Core/Src/stm32h7xx_it.c.obj
                0x08001ca4                MemManage_Handler
 .text.BusFault_Handler
                0x08001caa        0x6 CMakeFiles/target.elf.dir/mcu/Core/Src/stm32h7xx_it.c.obj
                0x08001caa                BusFault_Handler
 .text.UsageFault_Handler
                0x08001cb0        0x6 CMakeFiles/target.elf.dir/mcu/Core/Src/stm32h7xx_it.c.obj
                0x08001cb0                UsageFault_Handler
 .text.SVC_Handler
                0x08001cb6        0xe CMakeFiles/target.elf.dir/mcu/Core/Src/stm32h7xx_it.c.obj
                0x08001cb6                SVC_Handler
 .text.DebugMon_Handler
                0x08001cc4        0xe CMakeFiles/target.elf.dir/mcu/Core/Src/stm32h7xx_it.c.obj
                0x08001cc4                DebugMon_Handler
 .text.PendSV_Handler
                0x08001cd2        0xe CMakeFiles/target.elf.dir/mcu/Core/Src/stm32h7xx_it.c.obj
                0x08001cd2                PendSV_Handler
 .text.SysTick_Handler
                0x08001ce0        0xc CMakeFiles/target.elf.dir/mcu/Core/Src/stm32h7xx_it.c.obj
                0x08001ce0                SysTick_Handler
 .text.DMA1_Stream0_IRQHandler
                0x08001cec       0x14 CMakeFiles/target.elf.dir/mcu/Core/Src/stm32h7xx_it.c.obj
                0x08001cec                DMA1_Stream0_IRQHandler
 .text.USART2_IRQHandler
                0x08001d00       0x14 CMakeFiles/target.elf.dir/mcu/Core/Src/stm32h7xx_it.c.obj
                0x08001d00                USART2_IRQHandler
 .text.SystemInit
                0x08001d14      0x110 CMakeFiles/target.elf.dir/mcu/Core/Src/system_stm32h7xx.c.obj
                0x08001d14                SystemInit
 .text.MX_TIM6_Init
                0x08001e24       0x6c CMakeFiles/target.elf.dir/mcu/Core/Src/tim.c.obj
                0x08001e24                MX_TIM6_Init
 .text.HAL_TIM_Base_MspInit
                0x08001e90       0x44 CMakeFiles/target.elf.dir/mcu/Core/Src/tim.c.obj
                0x08001e90                HAL_TIM_Base_MspInit
 .text.MX_USART1_UART_Init
                0x08001ed4       0x98 CMakeFiles/target.elf.dir/mcu/Core/Src/usart.c.obj
                0x08001ed4                MX_USART1_UART_Init
 .text.MX_USART2_UART_Init
                0x08001f6c       0x9c CMakeFiles/target.elf.dir/mcu/Core/Src/usart.c.obj
                0x08001f6c                MX_USART2_UART_Init
 .text.HAL_UART_MspInit
                0x08002008      0x180 CMakeFiles/target.elf.dir/mcu/Core/Src/usart.c.obj
                0x08002008                HAL_UART_MspInit
 .text.HAL_Init
                0x08002188       0x78 CMakeFiles/target.elf.dir/mcu/Drivers/STM32H7xx_HAL_Driver/Src/stm32h7xx_hal.c.obj
                0x08002188                HAL_Init
 .text.HAL_InitTick
                0x08002200       0x6c CMakeFiles/target.elf.dir/mcu/Drivers/STM32H7xx_HAL_Driver/Src/stm32h7xx_hal.c.obj
                0x08002200                HAL_InitTick
 .text.HAL_IncTick
                0x0800226c       0x28 CMakeFiles/target.elf.dir/mcu/Drivers/STM32H7xx_HAL_Driver/Src/stm32h7xx_hal.c.obj
                0x0800226c                HAL_IncTick
 .text.HAL_GetTick
                0x08002294       0x18 CMakeFiles/target.elf.dir/mcu/Drivers/STM32H7xx_HAL_Driver/Src/stm32h7xx_hal.c.obj
                0x08002294                HAL_GetTick
 .text.HAL_Delay
                0x080022ac       0x48 CMakeFiles/target.elf.dir/mcu/Drivers/STM32H7xx_HAL_Driver/Src/stm32h7xx_hal.c.obj
                0x080022ac                HAL_Delay
 .text.HAL_GetREVID
                0x080022f4       0x18 CMakeFiles/target.elf.dir/mcu/Drivers/STM32H7xx_HAL_Driver/Src/stm32h7xx_hal.c.obj
                0x080022f4                HAL_GetREVID
 .text.LL_ADC_SetCommonClock
                0x0800230c       0x26 CMakeFiles/target.elf.dir/mcu/Drivers/STM32H7xx_HAL_Driver/Src/stm32h7xx_hal_adc.c.obj
 .text.LL_ADC_SetCommonPathInternalCh
                0x08002332       0x26 CMakeFiles/target.elf.dir/mcu/Drivers/STM32H7xx_HAL_Driver/Src/stm32h7xx_hal_adc.c.obj
 .text.LL_ADC_GetCommonPathInternalCh
                0x08002358       0x1c CMakeFiles/target.elf.dir/mcu/Drivers/STM32H7xx_HAL_Driver/Src/stm32h7xx_hal_adc.c.obj
 .text.LL_ADC_SetOffset
                0x08002374       0x40 CMakeFiles/target.elf.dir/mcu/Drivers/STM32H7xx_HAL_Driver/Src/stm32h7xx_hal_adc.c.obj
 .text.LL_ADC_SetDataRightShift
                0x080023b4       0x32 CMakeFiles/target.elf.dir/mcu/Drivers/STM32H7xx_HAL_Driver/Src/stm32h7xx_hal_adc.c.obj
 .text.LL_ADC_SetOffsetSignedSaturation
                0x080023e6       0x36 CMakeFiles/target.elf.dir/mcu/Drivers/STM32H7xx_HAL_Driver/Src/stm32h7xx_hal_adc.c.obj
 .text.LL_ADC_REG_SetSequencerRanks
                0x0800241c       0x58 CMakeFiles/target.elf.dir/mcu/Drivers/STM32H7xx_HAL_Driver/Src/stm32h7xx_hal_adc.c.obj
 .text.LL_ADC_SetChannelSamplingTime
                0x08002474       0x56 CMakeFiles/target.elf.dir/mcu/Drivers/STM32H7xx_HAL_Driver/Src/stm32h7xx_hal_adc.c.obj
 *fill*         0x080024ca        0x2 
 .text.LL_ADC_SetChannelSingleDiff
                0x080024cc       0x48 CMakeFiles/target.elf.dir/mcu/Drivers/STM32H7xx_HAL_Driver/Src/stm32h7xx_hal_adc.c.obj
 .text.LL_ADC_DisableDeepPowerDown
                0x08002514       0x24 CMakeFiles/target.elf.dir/mcu/Drivers/STM32H7xx_HAL_Driver/Src/stm32h7xx_hal_adc.c.obj
 .text.LL_ADC_IsDeepPowerDownEnabled
                0x08002538       0x28 CMakeFiles/target.elf.dir/mcu/Drivers/STM32H7xx_HAL_Driver/Src/stm32h7xx_hal_adc.c.obj
 .text.LL_ADC_EnableInternalRegulator
                0x08002560       0x28 CMakeFiles/target.elf.dir/mcu/Drivers/STM32H7xx_HAL_Driver/Src/stm32h7xx_hal_adc.c.obj
 .text.LL_ADC_IsInternalRegulatorEnabled
                0x08002588       0x28 CMakeFiles/target.elf.dir/mcu/Drivers/STM32H7xx_HAL_Driver/Src/stm32h7xx_hal_adc.c.obj
 .text.LL_ADC_IsEnabled
                0x080025b0       0x26 CMakeFiles/target.elf.dir/mcu/Drivers/STM32H7xx_HAL_Driver/Src/stm32h7xx_hal_adc.c.obj
 .text.LL_ADC_REG_IsConversionOngoing
                0x080025d6       0x26 CMakeFiles/target.elf.dir/mcu/Drivers/STM32H7xx_HAL_Driver/Src/stm32h7xx_hal_adc.c.obj
 .text.LL_ADC_INJ_IsConversionOngoing
                0x080025fc       0x26 CMakeFiles/target.elf.dir/mcu/Drivers/STM32H7xx_HAL_Driver/Src/stm32h7xx_hal_adc.c.obj
 *fill*         0x08002622        0x2 
 .text.HAL_ADC_Init
                0x08002624      0x344 CMakeFiles/target.elf.dir/mcu/Drivers/STM32H7xx_HAL_Driver/Src/stm32h7xx_hal_adc.c.obj
                0x08002624                HAL_ADC_Init
 .text.HAL_ADC_ConfigChannel
                0x08002968      0x6a0 CMakeFiles/target.elf.dir/mcu/Drivers/STM32H7xx_HAL_Driver/Src/stm32h7xx_hal_adc.c.obj
                0x08002968                HAL_ADC_ConfigChannel
 .text.ADC_ConfigureBoostMode
                0x08003008      0x218 CMakeFiles/target.elf.dir/mcu/Drivers/STM32H7xx_HAL_Driver/Src/stm32h7xx_hal_adc.c.obj
                0x08003008                ADC_ConfigureBoostMode
 .text.LL_ADC_IsEnabled
                0x08003220       0x26 CMakeFiles/target.elf.dir/mcu/Drivers/STM32H7xx_HAL_Driver/Src/stm32h7xx_hal_adc_ex.c.obj
 .text.LL_ADC_REG_IsConversionOngoing
                0x08003246       0x26 CMakeFiles/target.elf.dir/mcu/Drivers/STM32H7xx_HAL_Driver/Src/stm32h7xx_hal_adc_ex.c.obj
 .text.HAL_ADCEx_MultiModeConfigChannel
                0x0800326c      0x1bc CMakeFiles/target.elf.dir/mcu/Drivers/STM32H7xx_HAL_Driver/Src/stm32h7xx_hal_adc_ex.c.obj
                0x0800326c                HAL_ADCEx_MultiModeConfigChannel
 .text.__NVIC_SetPriorityGrouping
                0x08003428       0x48 CMakeFiles/target.elf.dir/mcu/Drivers/STM32H7xx_HAL_Driver/Src/stm32h7xx_hal_cortex.c.obj
 .text.__NVIC_GetPriorityGrouping
                0x08003470       0x1c CMakeFiles/target.elf.dir/mcu/Drivers/STM32H7xx_HAL_Driver/Src/stm32h7xx_hal_cortex.c.obj
 .text.__NVIC_EnableIRQ
                0x0800348c       0x3c CMakeFiles/target.elf.dir/mcu/Drivers/STM32H7xx_HAL_Driver/Src/stm32h7xx_hal_cortex.c.obj
 .text.__NVIC_SetPriority
                0x080034c8       0x54 CMakeFiles/target.elf.dir/mcu/Drivers/STM32H7xx_HAL_Driver/Src/stm32h7xx_hal_cortex.c.obj
 .text.NVIC_EncodePriority
                0x0800351c       0x66 CMakeFiles/target.elf.dir/mcu/Drivers/STM32H7xx_HAL_Driver/Src/stm32h7xx_hal_cortex.c.obj
 *fill*         0x08003582        0x2 
 .text.SysTick_Config
                0x08003584       0x44 CMakeFiles/target.elf.dir/mcu/Drivers/STM32H7xx_HAL_Driver/Src/stm32h7xx_hal_cortex.c.obj
 .text.HAL_NVIC_SetPriorityGrouping
                0x080035c8       0x16 CMakeFiles/target.elf.dir/mcu/Drivers/STM32H7xx_HAL_Driver/Src/stm32h7xx_hal_cortex.c.obj
                0x080035c8                HAL_NVIC_SetPriorityGrouping
 .text.HAL_NVIC_SetPriority
                0x080035de       0x34 CMakeFiles/target.elf.dir/mcu/Drivers/STM32H7xx_HAL_Driver/Src/stm32h7xx_hal_cortex.c.obj
                0x080035de                HAL_NVIC_SetPriority
 .text.HAL_NVIC_EnableIRQ
                0x08003612       0x1c CMakeFiles/target.elf.dir/mcu/Drivers/STM32H7xx_HAL_Driver/Src/stm32h7xx_hal_cortex.c.obj
                0x08003612                HAL_NVIC_EnableIRQ
 .text.HAL_SYSTICK_Config
                0x0800362e       0x18 CMakeFiles/target.elf.dir/mcu/Drivers/STM32H7xx_HAL_Driver/Src/stm32h7xx_hal_cortex.c.obj
                0x0800362e                HAL_SYSTICK_Config
 *fill*         0x08003646        0x2 
 .text.HAL_DMA_Init
                0x08003648      0x6b8 CMakeFiles/target.elf.dir/mcu/Drivers/STM32H7xx_HAL_Driver/Src/stm32h7xx_hal_dma.c.obj
                0x08003648                HAL_DMA_Init
 .text.HAL_DMA_Abort
                0x08003d00      0x63c CMakeFiles/target.elf.dir/mcu/Drivers/STM32H7xx_HAL_Driver/Src/stm32h7xx_hal_dma.c.obj
                0x08003d00                HAL_DMA_Abort
 .text.HAL_DMA_Abort_IT
                0x0800433c      0x48c CMakeFiles/target.elf.dir/mcu/Drivers/STM32H7xx_HAL_Driver/Src/stm32h7xx_hal_dma.c.obj
                0x0800433c                HAL_DMA_Abort_IT
 .text.HAL_DMA_IRQHandler
                0x080047c8      0xe54 CMakeFiles/target.elf.dir/mcu/Drivers/STM32H7xx_HAL_Driver/Src/stm32h7xx_hal_dma.c.obj
                0x080047c8                HAL_DMA_IRQHandler
 .text.DMA_CalcBaseAndBitshift
                0x0800561c      0x164 CMakeFiles/target.elf.dir/mcu/Drivers/STM32H7xx_HAL_Driver/Src/stm32h7xx_hal_dma.c.obj
 .text.DMA_CheckFifoParam
                0x08005780       0xf8 CMakeFiles/target.elf.dir/mcu/Drivers/STM32H7xx_HAL_Driver/Src/stm32h7xx_hal_dma.c.obj
 .text.DMA_CalcDMAMUXChannelBaseAndMask
                0x08005878      0x134 CMakeFiles/target.elf.dir/mcu/Drivers/STM32H7xx_HAL_Driver/Src/stm32h7xx_hal_dma.c.obj
 .text.DMA_CalcDMAMUXRequestGenBaseAndMask
                0x080059ac       0xe8 CMakeFiles/target.elf.dir/mcu/Drivers/STM32H7xx_HAL_Driver/Src/stm32h7xx_hal_dma.c.obj
 .text.HAL_GPIO_Init
                0x08005a94      0x360 CMakeFiles/target.elf.dir/mcu/Drivers/STM32H7xx_HAL_Driver/Src/stm32h7xx_hal_gpio.c.obj
                0x08005a94                HAL_GPIO_Init
 .text.HAL_GPIO_WritePin
                0x08005df4       0x32 CMakeFiles/target.elf.dir/mcu/Drivers/STM32H7xx_HAL_Driver/Src/stm32h7xx_hal_gpio.c.obj
                0x08005df4                HAL_GPIO_WritePin
 *fill*         0x08005e26        0x2 
 .text.HAL_I2C_Init
                0x08005e28      0x120 CMakeFiles/target.elf.dir/mcu/Drivers/STM32H7xx_HAL_Driver/Src/stm32h7xx_hal_i2c.c.obj
                0x08005e28                HAL_I2C_Init
 .text.HAL_I2CEx_ConfigAnalogFilter
                0x08005f48       0x96 CMakeFiles/target.elf.dir/mcu/Drivers/STM32H7xx_HAL_Driver/Src/stm32h7xx_hal_i2c_ex.c.obj
                0x08005f48                HAL_I2CEx_ConfigAnalogFilter
 .text.HAL_I2CEx_ConfigDigitalFilter
                0x08005fde       0x98 CMakeFiles/target.elf.dir/mcu/Drivers/STM32H7xx_HAL_Driver/Src/stm32h7xx_hal_i2c_ex.c.obj
                0x08005fde                HAL_I2CEx_ConfigDigitalFilter
 *fill*         0x08006076        0x2 
 .text.HAL_PWREx_ConfigSupply
                0x08006078       0x74 CMakeFiles/target.elf.dir/mcu/Drivers/STM32H7xx_HAL_Driver/Src/stm32h7xx_hal_pwr_ex.c.obj
                0x08006078                HAL_PWREx_ConfigSupply
 .text.HAL_RCC_OscConfig
                0x080060ec      0x8b4 CMakeFiles/target.elf.dir/mcu/Drivers/STM32H7xx_HAL_Driver/Src/stm32h7xx_hal_rcc.c.obj
                0x080060ec                HAL_RCC_OscConfig
 .text.HAL_RCC_ClockConfig
                0x080069a0      0x36c CMakeFiles/target.elf.dir/mcu/Drivers/STM32H7xx_HAL_Driver/Src/stm32h7xx_hal_rcc.c.obj
                0x080069a0                HAL_RCC_ClockConfig
 .text.HAL_RCC_GetSysClockFreq
                0x08006d0c      0x2f4 CMakeFiles/target.elf.dir/mcu/Drivers/STM32H7xx_HAL_Driver/Src/stm32h7xx_hal_rcc.c.obj
                0x08006d0c                HAL_RCC_GetSysClockFreq
 .text.HAL_RCC_GetHCLKFreq
                0x08007000       0x60 CMakeFiles/target.elf.dir/mcu/Drivers/STM32H7xx_HAL_Driver/Src/stm32h7xx_hal_rcc.c.obj
                0x08007000                HAL_RCC_GetHCLKFreq
 .text.HAL_RCC_GetPCLK1Freq
                0x08007060       0x2c CMakeFiles/target.elf.dir/mcu/Drivers/STM32H7xx_HAL_Driver/Src/stm32h7xx_hal_rcc.c.obj
                0x08007060                HAL_RCC_GetPCLK1Freq
 .text.HAL_RCC_GetPCLK2Freq
                0x0800708c       0x2c CMakeFiles/target.elf.dir/mcu/Drivers/STM32H7xx_HAL_Driver/Src/stm32h7xx_hal_rcc.c.obj
                0x0800708c                HAL_RCC_GetPCLK2Freq
 .text.HAL_RCCEx_PeriphCLKConfig
                0x080070b8     0x1414 CMakeFiles/target.elf.dir/mcu/Drivers/STM32H7xx_HAL_Driver/Src/stm32h7xx_hal_rcc_ex.c.obj
                0x080070b8                HAL_RCCEx_PeriphCLKConfig
 .text.HAL_RCCEx_GetPeriphCLKFreq
                0x080084cc      0xb00 CMakeFiles/target.elf.dir/mcu/Drivers/STM32H7xx_HAL_Driver/Src/stm32h7xx_hal_rcc_ex.c.obj
                0x080084cc                HAL_RCCEx_GetPeriphCLKFreq
 .text.HAL_RCCEx_GetD3PCLK1Freq
                0x08008fcc       0x2c CMakeFiles/target.elf.dir/mcu/Drivers/STM32H7xx_HAL_Driver/Src/stm32h7xx_hal_rcc_ex.c.obj
                0x08008fcc                HAL_RCCEx_GetD3PCLK1Freq
 .text.HAL_RCCEx_GetPLL2ClockFreq
                0x08008ff8      0x2a8 CMakeFiles/target.elf.dir/mcu/Drivers/STM32H7xx_HAL_Driver/Src/stm32h7xx_hal_rcc_ex.c.obj
                0x08008ff8                HAL_RCCEx_GetPLL2ClockFreq
 .text.HAL_RCCEx_GetPLL3ClockFreq
                0x080092a0      0x2a8 CMakeFiles/target.elf.dir/mcu/Drivers/STM32H7xx_HAL_Driver/Src/stm32h7xx_hal_rcc_ex.c.obj
                0x080092a0                HAL_RCCEx_GetPLL3ClockFreq
 .text.HAL_RCCEx_GetPLL1ClockFreq
                0x08009548      0x2a4 CMakeFiles/target.elf.dir/mcu/Drivers/STM32H7xx_HAL_Driver/Src/stm32h7xx_hal_rcc_ex.c.obj
                0x08009548                HAL_RCCEx_GetPLL1ClockFreq
 .text.RCCEx_PLL2_Config
                0x080097ec      0x164 CMakeFiles/target.elf.dir/mcu/Drivers/STM32H7xx_HAL_Driver/Src/stm32h7xx_hal_rcc_ex.c.obj
 .text.RCCEx_PLL3_Config
                0x08009950      0x164 CMakeFiles/target.elf.dir/mcu/Drivers/STM32H7xx_HAL_Driver/Src/stm32h7xx_hal_rcc_ex.c.obj
 .text.HAL_SPI_Init
                0x08009ab4      0x248 CMakeFiles/target.elf.dir/mcu/Drivers/STM32H7xx_HAL_Driver/Src/stm32h7xx_hal_spi.c.obj
                0x08009ab4                HAL_SPI_Init
 .text.HAL_SPI_Transmit
                0x08009cfc      0x3f8 CMakeFiles/target.elf.dir/mcu/Drivers/STM32H7xx_HAL_Driver/Src/stm32h7xx_hal_spi.c.obj
                0x08009cfc                HAL_SPI_Transmit
 .text.SPI_CloseTransfer
                0x0800a0f4      0x140 CMakeFiles/target.elf.dir/mcu/Drivers/STM32H7xx_HAL_Driver/Src/stm32h7xx_hal_spi.c.obj
 .text.SPI_WaitOnFlagUntilTimeout
                0x0800a234       0x5c CMakeFiles/target.elf.dir/mcu/Drivers/STM32H7xx_HAL_Driver/Src/stm32h7xx_hal_spi.c.obj
 .text.SPI_GetPacketSize
                0x0800a290       0x36 CMakeFiles/target.elf.dir/mcu/Drivers/STM32H7xx_HAL_Driver/Src/stm32h7xx_hal_spi.c.obj
 .text.HAL_TIM_Base_Init
                0x0800a2c6       0xae CMakeFiles/target.elf.dir/mcu/Drivers/STM32H7xx_HAL_Driver/Src/stm32h7xx_hal_tim.c.obj
                0x0800a2c6                HAL_TIM_Base_Init
 .text.TIM_Base_SetConfig
                0x0800a374      0x134 CMakeFiles/target.elf.dir/mcu/Drivers/STM32H7xx_HAL_Driver/Src/stm32h7xx_hal_tim.c.obj
                0x0800a374                TIM_Base_SetConfig
 .text.HAL_TIMEx_MasterConfigSynchronization
                0x0800a4a8      0x11c CMakeFiles/target.elf.dir/mcu/Drivers/STM32H7xx_HAL_Driver/Src/stm32h7xx_hal_tim_ex.c.obj
                0x0800a4a8                HAL_TIMEx_MasterConfigSynchronization
 .text.HAL_UART_Init
                0x0800a5c4       0xa0 CMakeFiles/target.elf.dir/mcu/Drivers/STM32H7xx_HAL_Driver/Src/stm32h7xx_hal_uart.c.obj
                0x0800a5c4                HAL_UART_Init
 .text.HAL_UART_Receive_IT
                0x0800a664       0x98 CMakeFiles/target.elf.dir/mcu/Drivers/STM32H7xx_HAL_Driver/Src/stm32h7xx_hal_uart.c.obj
                0x0800a664                HAL_UART_Receive_IT
 .text.HAL_UART_IRQHandler
                0x0800a6fc      0x774 CMakeFiles/target.elf.dir/mcu/Drivers/STM32H7xx_HAL_Driver/Src/stm32h7xx_hal_uart.c.obj
                0x0800a6fc                HAL_UART_IRQHandler
 .text.HAL_UART_TxCpltCallback
                0x0800ae70       0x14 CMakeFiles/target.elf.dir/mcu/Drivers/STM32H7xx_HAL_Driver/Src/stm32h7xx_hal_uart.c.obj
                0x0800ae70                HAL_UART_TxCpltCallback
 .text.HAL_UART_ErrorCallback
                0x0800ae84       0x14 CMakeFiles/target.elf.dir/mcu/Drivers/STM32H7xx_HAL_Driver/Src/stm32h7xx_hal_uart.c.obj
                0x0800ae84                HAL_UART_ErrorCallback
 .text.HAL_UARTEx_RxEventCallback
                0x0800ae98       0x18 CMakeFiles/target.elf.dir/mcu/Drivers/STM32H7xx_HAL_Driver/Src/stm32h7xx_hal_uart.c.obj
                0x0800ae98                HAL_UARTEx_RxEventCallback
 .text.UART_SetConfig
                0x0800aeb0      0xad0 CMakeFiles/target.elf.dir/mcu/Drivers/STM32H7xx_HAL_Driver/Src/stm32h7xx_hal_uart.c.obj
                0x0800aeb0                UART_SetConfig
 .text.UART_AdvFeatureConfig
                0x0800b980      0x144 CMakeFiles/target.elf.dir/mcu/Drivers/STM32H7xx_HAL_Driver/Src/stm32h7xx_hal_uart.c.obj
                0x0800b980                UART_AdvFeatureConfig
 .text.UART_CheckIdleState
                0x0800bac4      0x154 CMakeFiles/target.elf.dir/mcu/Drivers/STM32H7xx_HAL_Driver/Src/stm32h7xx_hal_uart.c.obj
                0x0800bac4                UART_CheckIdleState
 .text.UART_WaitOnFlagUntilTimeout
                0x0800bc18       0xce CMakeFiles/target.elf.dir/mcu/Drivers/STM32H7xx_HAL_Driver/Src/stm32h7xx_hal_uart.c.obj
                0x0800bc18                UART_WaitOnFlagUntilTimeout
 *fill*         0x0800bce6        0x2 
 .text.UART_Start_Receive_IT
                0x0800bce8      0x244 CMakeFiles/target.elf.dir/mcu/Drivers/STM32H7xx_HAL_Driver/Src/stm32h7xx_hal_uart.c.obj
                0x0800bce8                UART_Start_Receive_IT
 .text.UART_EndRxTransfer
                0x0800bf2c       0xcc CMakeFiles/target.elf.dir/mcu/Drivers/STM32H7xx_HAL_Driver/Src/stm32h7xx_hal_uart.c.obj
 .text.UART_DMAAbortOnError
                0x0800bff8       0x2c CMakeFiles/target.elf.dir/mcu/Drivers/STM32H7xx_HAL_Driver/Src/stm32h7xx_hal_uart.c.obj
 .text.UART_EndTransmit_IT
                0x0800c024       0x56 CMakeFiles/target.elf.dir/mcu/Drivers/STM32H7xx_HAL_Driver/Src/stm32h7xx_hal_uart.c.obj
 *fill*         0x0800c07a        0x2 
 .text.UART_RxISR_8BIT
                0x0800c07c      0x1b8 CMakeFiles/target.elf.dir/mcu/Drivers/STM32H7xx_HAL_Driver/Src/stm32h7xx_hal_uart.c.obj
 .text.UART_RxISR_16BIT
                0x0800c234      0x1b8 CMakeFiles/target.elf.dir/mcu/Drivers/STM32H7xx_HAL_Driver/Src/stm32h7xx_hal_uart.c.obj
 .text.UART_RxISR_8BIT_FIFOEN
                0x0800c3ec      0x360 CMakeFiles/target.elf.dir/mcu/Drivers/STM32H7xx_HAL_Driver/Src/stm32h7xx_hal_uart.c.obj
 .text.UART_RxISR_16BIT_FIFOEN
                0x0800c74c      0x368 CMakeFiles/target.elf.dir/mcu/Drivers/STM32H7xx_HAL_Driver/Src/stm32h7xx_hal_uart.c.obj
 .text.HAL_UARTEx_WakeupCallback
                0x0800cab4       0x14 CMakeFiles/target.elf.dir/mcu/Drivers/STM32H7xx_HAL_Driver/Src/stm32h7xx_hal_uart_ex.c.obj
                0x0800cab4                HAL_UARTEx_WakeupCallback
 .text.HAL_UARTEx_RxFifoFullCallback
                0x0800cac8       0x14 CMakeFiles/target.elf.dir/mcu/Drivers/STM32H7xx_HAL_Driver/Src/stm32h7xx_hal_uart_ex.c.obj
                0x0800cac8                HAL_UARTEx_RxFifoFullCallback
 .text.HAL_UARTEx_TxFifoEmptyCallback
                0x0800cadc       0x14 CMakeFiles/target.elf.dir/mcu/Drivers/STM32H7xx_HAL_Driver/Src/stm32h7xx_hal_uart_ex.c.obj
                0x0800cadc                HAL_UARTEx_TxFifoEmptyCallback
 .text.HAL_UARTEx_DisableFifoMode
                0x0800caf0       0x72 CMakeFiles/target.elf.dir/mcu/Drivers/STM32H7xx_HAL_Driver/Src/stm32h7xx_hal_uart_ex.c.obj
                0x0800caf0                HAL_UARTEx_DisableFifoMode
 .text.HAL_UARTEx_SetTxFifoThreshold
                0x0800cb62       0x7c CMakeFiles/target.elf.dir/mcu/Drivers/STM32H7xx_HAL_Driver/Src/stm32h7xx_hal_uart_ex.c.obj
                0x0800cb62                HAL_UARTEx_SetTxFifoThreshold
 .text.HAL_UARTEx_SetRxFifoThreshold
                0x0800cbde       0x7c CMakeFiles/target.elf.dir/mcu/Drivers/STM32H7xx_HAL_Driver/Src/stm32h7xx_hal_uart_ex.c.obj
                0x0800cbde                HAL_UARTEx_SetRxFifoThreshold
 *fill*         0x0800cc5a        0x2 
 .text.UARTEx_SetNbDataToProcess
                0x0800cc5c       0x9c CMakeFiles/target.elf.dir/mcu/Drivers/STM32H7xx_HAL_Driver/Src/stm32h7xx_hal_uart_ex.c.obj
 .text.LCD_WriteCommand
                0x0800ccf8       0x34 CMakeFiles/target.elf.dir/app/src/lcd_spi_169.c.obj
                0x0800ccf8                LCD_WriteCommand
 .text.LCD_WriteData_8bit
                0x0800cd2c       0x34 CMakeFiles/target.elf.dir/app/src/lcd_spi_169.c.obj
                0x0800cd2c                LCD_WriteData_8bit
 .text.LCD_WriteData_16bit
                0x0800cd60       0x48 CMakeFiles/target.elf.dir/app/src/lcd_spi_169.c.obj
                0x0800cd60                LCD_WriteData_16bit
 .text.LCD_WriteBuff
                0x0800cda8       0x50 CMakeFiles/target.elf.dir/app/src/lcd_spi_169.c.obj
                0x0800cda8                LCD_WriteBuff
 .text.SPI_LCD_Init
                0x0800cdf8      0x1b8 CMakeFiles/target.elf.dir/app/src/lcd_spi_169.c.obj
                0x0800cdf8                SPI_LCD_Init
 .text.LCD_SetAddress
                0x0800cfb0       0x84 CMakeFiles/target.elf.dir/app/src/lcd_spi_169.c.obj
                0x0800cfb0                LCD_SetAddress
 .text.LCD_SetColor
                0x0800d034       0x60 CMakeFiles/target.elf.dir/app/src/lcd_spi_169.c.obj
                0x0800d034                LCD_SetColor
 .text.LCD_SetBackColor
                0x0800d094       0x60 CMakeFiles/target.elf.dir/app/src/lcd_spi_169.c.obj
                0x0800d094                LCD_SetBackColor
 .text.LCD_SetDirection
                0x0800d0f4       0xd4 CMakeFiles/target.elf.dir/app/src/lcd_spi_169.c.obj
                0x0800d0f4                LCD_SetDirection
 .text.LCD_SetAsciiFont
                0x0800d1c8       0x20 CMakeFiles/target.elf.dir/app/src/lcd_spi_169.c.obj
                0x0800d1c8                LCD_SetAsciiFont
 .text.LCD_Clear
                0x0800d1e8       0x6c CMakeFiles/target.elf.dir/app/src/lcd_spi_169.c.obj
                0x0800d1e8                LCD_Clear
 .text.LCD_DisplayChar
                0x0800d254      0x114 CMakeFiles/target.elf.dir/app/src/lcd_spi_169.c.obj
                0x0800d254                LCD_DisplayChar
 .text.LCD_DisplayString
                0x0800d368       0x54 CMakeFiles/target.elf.dir/app/src/lcd_spi_169.c.obj
                0x0800d368                LCD_DisplayString
 .text.LCD_ShowNumMode
                0x0800d3bc       0x20 CMakeFiles/target.elf.dir/app/src/lcd_spi_169.c.obj
                0x0800d3bc                LCD_ShowNumMode
 .text.LCD_DisplayNumber
                0x0800d3dc       0x60 CMakeFiles/target.elf.dir/app/src/lcd_spi_169.c.obj
                0x0800d3dc                LCD_DisplayNumber
 .text.LCD_SPI_WaitOnFlagUntilTimeout
                0x0800d43c       0x5c CMakeFiles/target.elf.dir/app/src/lcd_spi_169.c.obj
                0x0800d43c                LCD_SPI_WaitOnFlagUntilTimeout
 .text.LCD_SPI_CloseTransfer
                0x0800d498      0x140 CMakeFiles/target.elf.dir/app/src/lcd_spi_169.c.obj
                0x0800d498                LCD_SPI_CloseTransfer
 .text.LCD_SPI_Transmit
                0x0800d5d8      0x230 CMakeFiles/target.elf.dir/app/src/lcd_spi_169.c.obj
                0x0800d5d8                LCD_SPI_Transmit
 .text.reverseBitsArray
                0x0800d808       0x74 CMakeFiles/target.elf.dir/app/src/test.c.obj
                0x0800d808                reverseBitsArray
 *fill*         0x0800d87c        0x4 
 .text.get_parameter
                0x0800d880      0x5d8 CMakeFiles/target.elf.dir/app/src/test.c.obj
                0x0800d880                get_parameter
 .text.data_initializers
                0x0800de58       0x18 CMakeFiles/target.elf.dir/mcu/user_startup_stm32h750xx.s.obj
 .text.Reset_Handler
                0x0800de70       0x58 CMakeFiles/target.elf.dir/mcu/user_startup_stm32h750xx.s.obj
                0x0800de70                Reset_Handler
 .text.Default_Handler
                0x0800dec8        0x2 CMakeFiles/target.elf.dir/mcu/user_startup_stm32h750xx.s.obj
                0x0800dec8                RTC_Alarm_IRQHandler
                0x0800dec8                HASH_RNG_IRQHandler
                0x0800dec8                EXTI2_IRQHandler
                0x0800dec8                TIM8_CC_IRQHandler
                0x0800dec8                HRTIM1_Master_IRQHandler
                0x0800dec8                UART8_IRQHandler
                0x0800dec8                SPI4_IRQHandler
                0x0800dec8                TIM1_CC_IRQHandler
                0x0800dec8                BDMA_Channel6_IRQHandler
                0x0800dec8                DMA2_Stream5_IRQHandler
                0x0800dec8                HRTIM1_FLT_IRQHandler
                0x0800dec8                JPEG_IRQHandler
                0x0800dec8                DMA1_Stream5_IRQHandler
                0x0800dec8                BDMA_Channel1_IRQHandler
                0x0800dec8                HRTIM1_TIMD_IRQHandler
                0x0800dec8                TAMP_STAMP_IRQHandler
                0x0800dec8                EXTI3_IRQHandler
                0x0800dec8                LPTIM4_IRQHandler
                0x0800dec8                TIM8_TRG_COM_TIM14_IRQHandler
                0x0800dec8                LPTIM2_IRQHandler
                0x0800dec8                DFSDM1_FLT1_IRQHandler
                0x0800dec8                DMAMUX2_OVR_IRQHandler
                0x0800dec8                TIM8_UP_TIM13_IRQHandler
                0x0800dec8                I2C3_ER_IRQHandler
                0x0800dec8                DFSDM1_FLT2_IRQHandler
                0x0800dec8                MDMA_IRQHandler
                0x0800dec8                LPTIM3_IRQHandler
                0x0800dec8                HSEM1_IRQHandler
                0x0800dec8                EXTI0_IRQHandler
                0x0800dec8                I2C2_EV_IRQHandler
                0x0800dec8                DMA1_Stream2_IRQHandler
                0x0800dec8                FPU_IRQHandler
                0x0800dec8                OTG_HS_WKUP_IRQHandler
                0x0800dec8                FDCAN1_IT1_IRQHandler
                0x0800dec8                LTDC_ER_IRQHandler
                0x0800dec8                DMA2_Stream2_IRQHandler
                0x0800dec8                HRTIM1_TIME_IRQHandler
                0x0800dec8                SPI1_IRQHandler
                0x0800dec8                TIM6_DAC_IRQHandler
                0x0800dec8                DCMI_IRQHandler
                0x0800dec8                HRTIM1_TIMC_IRQHandler
                0x0800dec8                DMA2_Stream3_IRQHandler
                0x0800dec8                SAI2_IRQHandler
                0x0800dec8                DFSDM1_FLT3_IRQHandler
                0x0800dec8                USART6_IRQHandler
                0x0800dec8                TIM17_IRQHandler
                0x0800dec8                USART3_IRQHandler
                0x0800dec8                BDMA_Channel7_IRQHandler
                0x0800dec8                CRYP_IRQHandler
                0x0800dec8                LPTIM5_IRQHandler
                0x0800dec8                UART5_IRQHandler
                0x0800dec8                ADC3_IRQHandler
                0x0800dec8                DMA2_Stream0_IRQHandler
                0x0800dec8                TIM4_IRQHandler
                0x0800dec8                BDMA_Channel2_IRQHandler
                0x0800dec8                QUADSPI_IRQHandler
                0x0800dec8                I2C1_EV_IRQHandler
                0x0800dec8                DMA1_Stream6_IRQHandler
                0x0800dec8                DMAMUX1_OVR_IRQHandler
                0x0800dec8                DMA1_Stream1_IRQHandler
                0x0800dec8                TIM16_IRQHandler
                0x0800dec8                UART4_IRQHandler
                0x0800dec8                BDMA_Channel5_IRQHandler
                0x0800dec8                TIM3_IRQHandler
                0x0800dec8                RCC_IRQHandler
                0x0800dec8                TIM8_BRK_TIM12_IRQHandler
                0x0800dec8                TIM1_TRG_COM_IRQHandler
                0x0800dec8                Default_Handler
                0x0800dec8                ECC_IRQHandler
                0x0800dec8                CEC_IRQHandler
                0x0800dec8                EXTI15_10_IRQHandler
                0x0800dec8                BDMA_Channel0_IRQHandler
                0x0800dec8                ADC_IRQHandler
                0x0800dec8                DMA1_Stream7_IRQHandler
                0x0800dec8                HRTIM1_TIMA_IRQHandler
                0x0800dec8                SPI5_IRQHandler
                0x0800dec8                TIM7_IRQHandler
                0x0800dec8                SDMMC1_IRQHandler
                0x0800dec8                TIM5_IRQHandler
                0x0800dec8                DMA2_Stream7_IRQHandler
                0x0800dec8                TIM15_IRQHandler
                0x0800dec8                PVD_AVD_IRQHandler
                0x0800dec8                I2C3_EV_IRQHandler
                0x0800dec8                EXTI9_5_IRQHandler
                0x0800dec8                RTC_WKUP_IRQHandler
                0x0800dec8                LTDC_IRQHandler
                0x0800dec8                SAI3_IRQHandler
                0x0800dec8                ETH_WKUP_IRQHandler
                0x0800dec8                SPDIF_RX_IRQHandler
                0x0800dec8                SPI2_IRQHandler
                0x0800dec8                OTG_HS_EP1_IN_IRQHandler
                0x0800dec8                CRS_IRQHandler
                0x0800dec8                EXTI4_IRQHandler
                0x0800dec8                HRTIM1_TIMB_IRQHandler
                0x0800dec8                FDCAN2_IT1_IRQHandler
                0x0800dec8                ETH_IRQHandler
                0x0800dec8                TIM1_UP_IRQHandler
                0x0800dec8                BDMA_Channel4_IRQHandler
                0x0800dec8                OTG_HS_EP1_OUT_IRQHandler
                0x0800dec8                WWDG_IRQHandler
                0x0800dec8                SPI6_IRQHandler
                0x0800dec8                MDIOS_IRQHandler
                0x0800dec8                I2C4_EV_IRQHandler
                0x0800dec8                FDCAN2_IT0_IRQHandler
                0x0800dec8                LPUART1_IRQHandler
                0x0800dec8                FDCAN1_IT0_IRQHandler
                0x0800dec8                TIM2_IRQHandler
                0x0800dec8                OTG_FS_WKUP_IRQHandler
                0x0800dec8                OTG_HS_IRQHandler
                0x0800dec8                DMA2D_IRQHandler
                0x0800dec8                TIM1_BRK_IRQHandler
                0x0800dec8                EXTI1_IRQHandler
                0x0800dec8                SDMMC2_IRQHandler
                0x0800dec8                OTG_FS_EP1_OUT_IRQHandler
                0x0800dec8                BDMA_Channel3_IRQHandler
                0x0800dec8                UART7_IRQHandler
                0x0800dec8                MDIOS_WKUP_IRQHandler
                0x0800dec8                DFSDM1_FLT0_IRQHandler
                0x0800dec8                SAI4_IRQHandler
                0x0800dec8                I2C2_ER_IRQHandler
                0x0800dec8                DMA2_Stream1_IRQHandler
                0x0800dec8                FLASH_IRQHandler
                0x0800dec8                DMA2_Stream4_IRQHandler
                0x0800dec8                USART1_IRQHandler
                0x0800dec8                OTG_FS_IRQHandler
                0x0800dec8                SPI3_IRQHandler
                0x0800dec8                WAKEUP_PIN_IRQHandler
                0x0800dec8                DMA1_Stream4_IRQHandler
                0x0800dec8                OTG_FS_EP1_IN_IRQHandler
                0x0800dec8                I2C1_ER_IRQHandler
                0x0800dec8                FMC_IRQHandler
                0x0800dec8                FDCAN_CAL_IRQHandler
                0x0800dec8                SWPMI1_IRQHandler
                0x0800dec8                COMP1_IRQHandler
                0x0800dec8                LPTIM1_IRQHandler
                0x0800dec8                I2C4_ER_IRQHandler
                0x0800dec8                DMA2_Stream6_IRQHandler
                0x0800dec8                SAI1_IRQHandler
                0x0800dec8                DMA1_Stream3_IRQHandler
 *fill*         0x0800deca        0x2 
 .text.__libc_init_array
                0x0800decc       0x48 d:/arm_none_gcc/bin/../lib/gcc/arm-none-eabi/10.3.1/../../../../arm-none-eabi/lib/thumb/v7e-m+dp/hard\libc_nano.a(lib_a-init.o)
                0x0800decc                __libc_init_array
 .text.memcpy   0x0800df14       0x1c d:/arm_none_gcc/bin/../lib/gcc/arm-none-eabi/10.3.1/../../../../arm-none-eabi/lib/thumb/v7e-m+dp/hard\libc_nano.a(lib_a-memcpy-stub.o)
                0x0800df14                memcpy
 .text.memset   0x0800df30       0x10 d:/arm_none_gcc/bin/../lib/gcc/arm-none-eabi/10.3.1/../../../../arm-none-eabi/lib/thumb/v7e-m+dp/hard\libc_nano.a(lib_a-memset.o)
                0x0800df30                memset
 .text.sprintf  0x0800df40       0x40 d:/arm_none_gcc/bin/../lib/gcc/arm-none-eabi/10.3.1/../../../../arm-none-eabi/lib/thumb/v7e-m+dp/hard\libc_nano.a(lib_a-sprintf.o)
                0x0800df40                siprintf
                0x0800df40                sprintf
 .text.__ssputs_r
                0x0800df80       0xb6 d:/arm_none_gcc/bin/../lib/gcc/arm-none-eabi/10.3.1/../../../../arm-none-eabi/lib/thumb/v7e-m+dp/hard\libc_nano.a(lib_a-nano-svfprintf.o)
                0x0800df80                __ssputs_r
 *fill*         0x0800e036        0x2 
 .text._svfprintf_r
                0x0800e038      0x200 d:/arm_none_gcc/bin/../lib/gcc/arm-none-eabi/10.3.1/../../../../arm-none-eabi/lib/thumb/v7e-m+dp/hard\libc_nano.a(lib_a-nano-svfprintf.o)
                0x0800e038                _svfiprintf_r
                0x0800e038                _svfprintf_r
 .text._printf_common
                0x0800e238       0xda d:/arm_none_gcc/bin/../lib/gcc/arm-none-eabi/10.3.1/../../../../arm-none-eabi/lib/thumb/v7e-m+dp/hard\libc_nano.a(lib_a-nano-vfprintf_i.o)
                0x0800e238                _printf_common
 *fill*         0x0800e312        0x2 
 .text._printf_i
                0x0800e314      0x24c d:/arm_none_gcc/bin/../lib/gcc/arm-none-eabi/10.3.1/../../../../arm-none-eabi/lib/thumb/v7e-m+dp/hard\libc_nano.a(lib_a-nano-vfprintf_i.o)
                0x0800e314                _printf_i
 .text.memmove  0x0800e560       0x34 d:/arm_none_gcc/bin/../lib/gcc/arm-none-eabi/10.3.1/../../../../arm-none-eabi/lib/thumb/v7e-m+dp/hard\libc_nano.a(lib_a-memmove.o)
                0x0800e560                memmove
 .text._free_r  0x0800e594       0x98 d:/arm_none_gcc/bin/../lib/gcc/arm-none-eabi/10.3.1/../../../../arm-none-eabi/lib/thumb/v7e-m+dp/hard\libc_nano.a(lib_a-nano-freer.o)
                0x0800e594                _free_r
 .text.sbrk_aligned
                0x0800e62c       0x40 d:/arm_none_gcc/bin/../lib/gcc/arm-none-eabi/10.3.1/../../../../arm-none-eabi/lib/thumb/v7e-m+dp/hard\libc_nano.a(lib_a-nano-mallocr.o)
 .text._malloc_r
                0x0800e66c       0xe8 d:/arm_none_gcc/bin/../lib/gcc/arm-none-eabi/10.3.1/../../../../arm-none-eabi/lib/thumb/v7e-m+dp/hard\libc_nano.a(lib_a-nano-mallocr.o)
                0x0800e66c                _malloc_r
 .text._realloc_r
                0x0800e754       0x5e d:/arm_none_gcc/bin/../lib/gcc/arm-none-eabi/10.3.1/../../../../arm-none-eabi/lib/thumb/v7e-m+dp/hard\libc_nano.a(lib_a-nano-reallocr.o)
                0x0800e754                _realloc_r
 *fill*         0x0800e7b2        0x2 
 .text._sbrk_r  0x0800e7b4       0x20 d:/arm_none_gcc/bin/../lib/gcc/arm-none-eabi/10.3.1/../../../../arm-none-eabi/lib/thumb/v7e-m+dp/hard\libc_nano.a(lib_a-sbrkr.o)
                0x0800e7b4                _sbrk_r
 .text.__malloc_lock
                0x0800e7d4        0xc d:/arm_none_gcc/bin/../lib/gcc/arm-none-eabi/10.3.1/../../../../arm-none-eabi/lib/thumb/v7e-m+dp/hard\libc_nano.a(lib_a-mlock.o)
                0x0800e7d4                __malloc_lock
 .text.__malloc_unlock
                0x0800e7e0        0xc d:/arm_none_gcc/bin/../lib/gcc/arm-none-eabi/10.3.1/../../../../arm-none-eabi/lib/thumb/v7e-m+dp/hard\libc_nano.a(lib_a-mlock.o)
                0x0800e7e0                __malloc_unlock
 .text._malloc_usable_size_r
                0x0800e7ec       0x10 d:/arm_none_gcc/bin/../lib/gcc/arm-none-eabi/10.3.1/../../../../arm-none-eabi/lib/thumb/v7e-m+dp/hard\libc_nano.a(lib_a-nano-msizer.o)
                0x0800e7ec                _malloc_usable_size_r
 .text.__retarget_lock_acquire_recursive
                0x0800e7fc        0x2 d:/arm_none_gcc/bin/../lib/gcc/arm-none-eabi/10.3.1/../../../../arm-none-eabi/lib/thumb/v7e-m+dp/hard\libc_nano.a(lib_a-lock.o)
                0x0800e7fc                __retarget_lock_acquire_recursive
 .text.__retarget_lock_release_recursive
                0x0800e7fe        0x2 d:/arm_none_gcc/bin/../lib/gcc/arm-none-eabi/10.3.1/../../../../arm-none-eabi/lib/thumb/v7e-m+dp/hard\libc_nano.a(lib_a-lock.o)
                0x0800e7fe                __retarget_lock_release_recursive
 .text._sbrk    0x0800e800       0x1c d:/arm_none_gcc/bin/../lib/gcc/arm-none-eabi/10.3.1/../../../../arm-none-eabi/lib/thumb/v7e-m+dp/hard\libnosys.a(sbrk.o)
                0x0800e800                _sbrk
 *(.glue_7)
 .glue_7        0x0800e81c        0x0 linker stubs
 *(.glue_7t)
 .glue_7t       0x0800e81c        0x0 linker stubs
 *(.eh_frame)
 .eh_frame      0x0800e81c        0x0 d:/arm_none_gcc/bin/../lib/gcc/arm-none-eabi/10.3.1/thumb/v7e-m+dp/hard/crtbegin.o
 *(.init)
 .init          0x0800e81c        0x4 d:/arm_none_gcc/bin/../lib/gcc/arm-none-eabi/10.3.1/thumb/v7e-m+dp/hard/crti.o
                0x0800e81c                _init
 .init          0x0800e820        0x8 d:/arm_none_gcc/bin/../lib/gcc/arm-none-eabi/10.3.1/thumb/v7e-m+dp/hard/crtn.o
 *(.fini)
 .fini          0x0800e828        0x4 d:/arm_none_gcc/bin/../lib/gcc/arm-none-eabi/10.3.1/thumb/v7e-m+dp/hard/crti.o
                0x0800e828                _fini
 .fini          0x0800e82c        0x8 d:/arm_none_gcc/bin/../lib/gcc/arm-none-eabi/10.3.1/thumb/v7e-m+dp/hard/crtn.o
                0x0800e834                . = ALIGN (0x4)
                0x0800e834                _etext = .

.vfp11_veneer   0x0800e834        0x0
 .vfp11_veneer  0x0800e834        0x0 linker stubs

.v4_bx          0x0800e834        0x0
 .v4_bx         0x0800e834        0x0 linker stubs

.iplt           0x0800e834        0x0
 .iplt          0x0800e834        0x0 d:/arm_none_gcc/bin/../lib/gcc/arm-none-eabi/10.3.1/thumb/v7e-m+dp/hard/crtbegin.o

.rodata         0x0800e834     0x12f8
                0x0800e834                . = ALIGN (0x4)
 *(.rodata)
 .rodata        0x0800e834       0x38 CMakeFiles/target.elf.dir/mcu/Core/Src/main.c.obj
 .rodata        0x0800e86c       0x1b CMakeFiles/target.elf.dir/app/src/lcd_spi_169.c.obj
 *(.rodata*)
 *fill*         0x0800e887        0x1 
 .rodata.D1CorePrescTable
                0x0800e888       0x10 CMakeFiles/target.elf.dir/mcu/Core/Src/system_stm32h7xx.c.obj
                0x0800e888                D1CorePrescTable
 .rodata.flagBitshiftOffset.0
                0x0800e898        0x8 CMakeFiles/target.elf.dir/mcu/Drivers/STM32H7xx_HAL_Driver/Src/stm32h7xx_hal_dma.c.obj
 .rodata.UARTPrescTable
                0x0800e8a0       0x18 CMakeFiles/target.elf.dir/mcu/Drivers/STM32H7xx_HAL_Driver/Src/stm32h7xx_hal_uart.c.obj
                0x0800e8a0                UARTPrescTable
 .rodata.numerator.1
                0x0800e8b8        0x8 CMakeFiles/target.elf.dir/mcu/Drivers/STM32H7xx_HAL_Driver/Src/stm32h7xx_hal_uart_ex.c.obj
 .rodata.denominator.0
                0x0800e8c0        0x8 CMakeFiles/target.elf.dir/mcu/Drivers/STM32H7xx_HAL_Driver/Src/stm32h7xx_hal_uart_ex.c.obj
 .rodata.ASCII_2412_Table
                0x0800e8c8     0x11d0 CMakeFiles/target.elf.dir/app/src/lcd_fonts.c.obj
                0x0800e8c8                ASCII_2412_Table
 .rodata._svfprintf_r.str1.1
                0x0800fa98       0x11 d:/arm_none_gcc/bin/../lib/gcc/arm-none-eabi/10.3.1/../../../../arm-none-eabi/lib/thumb/v7e-m+dp/hard\libc_nano.a(lib_a-nano-svfprintf.o)
 .rodata._printf_i.str1.1
                0x0800faa9       0x22 d:/arm_none_gcc/bin/../lib/gcc/arm-none-eabi/10.3.1/../../../../arm-none-eabi/lib/thumb/v7e-m+dp/hard\libc_nano.a(lib_a-nano-vfprintf_i.o)
 *fill*         0x0800facb        0x1 
 .rodata.__sf_fake_stderr
                0x0800facc       0x20 d:/arm_none_gcc/bin/../lib/gcc/arm-none-eabi/10.3.1/../../../../arm-none-eabi/lib/thumb/v7e-m+dp/hard\libc_nano.a(lib_a-findfp.o)
                0x0800facc                __sf_fake_stderr
 .rodata.__sf_fake_stdin
                0x0800faec       0x20 d:/arm_none_gcc/bin/../lib/gcc/arm-none-eabi/10.3.1/../../../../arm-none-eabi/lib/thumb/v7e-m+dp/hard\libc_nano.a(lib_a-findfp.o)
                0x0800faec                __sf_fake_stdin
 .rodata.__sf_fake_stdout
                0x0800fb0c       0x20 d:/arm_none_gcc/bin/../lib/gcc/arm-none-eabi/10.3.1/../../../../arm-none-eabi/lib/thumb/v7e-m+dp/hard\libc_nano.a(lib_a-findfp.o)
                0x0800fb0c                __sf_fake_stdout
                0x0800fb2c                . = ALIGN (0x4)

.ARM.extab
 *(.ARM.extab* .gnu.linkonce.armextab.*)

.ARM            0x0800fb2c        0x8
                0x0800fb2c                __exidx_start = .
 *(.ARM.exidx*)
 .ARM.exidx     0x0800fb2c        0x8 d:/arm_none_gcc/bin/../lib/gcc/arm-none-eabi/10.3.1/thumb/v7e-m+dp/hard\libgcc.a(_udivmoddi4.o)
                0x0800fb34                __exidx_end = .

.rel.dyn        0x0800fb34        0x0
 .rel.iplt      0x0800fb34        0x0 d:/arm_none_gcc/bin/../lib/gcc/arm-none-eabi/10.3.1/thumb/v7e-m+dp/hard/crtbegin.o

.preinit_array  0x0800fb34        0x0
                0x0800fb34                PROVIDE (__preinit_array_start = .)
 *(.preinit_array*)
                0x0800fb34                PROVIDE (__preinit_array_end = .)

.init_array     0x0800fb34        0x4
                0x0800fb34                PROVIDE (__init_array_start = .)
 *(SORT_BY_NAME(.init_array.*))
 *(.init_array*)
 .init_array    0x0800fb34        0x4 d:/arm_none_gcc/bin/../lib/gcc/arm-none-eabi/10.3.1/thumb/v7e-m+dp/hard/crtbegin.o
                0x0800fb38                PROVIDE (__init_array_end = .)

.fini_array     0x0800fb38        0x4
                [!provide]                PROVIDE (__fini_array_start = .)
 *(SORT_BY_NAME(.fini_array.*))
 *(.fini_array*)
 .fini_array    0x0800fb38        0x4 d:/arm_none_gcc/bin/../lib/gcc/arm-none-eabi/10.3.1/thumb/v7e-m+dp/hard/crtbegin.o
                [!provide]                PROVIDE (__fini_array_end = .)
                0x0800fb3c                _sidata = LOADADDR (.data)

.data           0x20000000       0x80 load address 0x0800fb3c
                0x20000000                . = ALIGN (0x4)
                0x20000000                _sdata = .
 *(.data)
 *(.data*)
 .data.SystemCoreClock
                0x20000000        0x4 CMakeFiles/target.elf.dir/mcu/Core/Src/system_stm32h7xx.c.obj
                0x20000000                SystemCoreClock
 .data.SystemD2Clock
                0x20000004        0x4 CMakeFiles/target.elf.dir/mcu/Core/Src/system_stm32h7xx.c.obj
                0x20000004                SystemD2Clock
 .data.uwTickPrio
                0x20000008        0x4 CMakeFiles/target.elf.dir/mcu/Drivers/STM32H7xx_HAL_Driver/Src/stm32h7xx_hal.c.obj
                0x20000008                uwTickPrio
 .data.uwTickFreq
                0x2000000c        0x1 CMakeFiles/target.elf.dir/mcu/Drivers/STM32H7xx_HAL_Driver/Src/stm32h7xx_hal.c.obj
                0x2000000c                uwTickFreq
 *fill*         0x2000000d        0x3 
 .data.ASCII_Font24
                0x20000010        0xc CMakeFiles/target.elf.dir/app/src/lcd_fonts.c.obj
                0x20000010                ASCII_Font24
 .data._impure_ptr
                0x2000001c        0x4 d:/arm_none_gcc/bin/../lib/gcc/arm-none-eabi/10.3.1/../../../../arm-none-eabi/lib/thumb/v7e-m+dp/hard\libc_nano.a(lib_a-impure.o)
                0x2000001c                _impure_ptr
 .data.impure_data
                0x20000020       0x60 d:/arm_none_gcc/bin/../lib/gcc/arm-none-eabi/10.3.1/../../../../arm-none-eabi/lib/thumb/v7e-m+dp/hard\libc_nano.a(lib_a-impure.o)
                0x20000080                . = ALIGN (0x4)
                0x20000080                _edata = .

.igot.plt       0x20000080        0x0 load address 0x0800fbbc
 .igot.plt      0x20000080        0x0 d:/arm_none_gcc/bin/../lib/gcc/arm-none-eabi/10.3.1/thumb/v7e-m+dp/hard/crtbegin.o
                0x20000080                . = ALIGN (0x4)

.bss            0x20000080      0xd58 load address 0x0800fbbc
                0x20000080                _sbss = .
                0x20000080                __bss_start__ = _sbss
 *(.bss)
 .bss           0x20000080       0x1c d:/arm_none_gcc/bin/../lib/gcc/arm-none-eabi/10.3.1/thumb/v7e-m+dp/hard/crtbegin.o
 *(.bss*)
 .bss.hadc1     0x2000009c       0x64 CMakeFiles/target.elf.dir/mcu/Core/Src/adc.c.obj
                0x2000009c                hadc1
 .bss.hadc2     0x20000100       0x64 CMakeFiles/target.elf.dir/mcu/Core/Src/adc.c.obj
                0x20000100                hadc2
 .bss.hdma_adc1
                0x20000164       0x78 CMakeFiles/target.elf.dir/mcu/Core/Src/adc.c.obj
                0x20000164                hdma_adc1
 .bss.HAL_RCC_ADC12_CLK_ENABLED
                0x200001dc        0x4 CMakeFiles/target.elf.dir/mcu/Core/Src/adc.c.obj
 .bss.hi2c1     0x200001e0       0x54 CMakeFiles/target.elf.dir/mcu/Core/Src/i2c.c.obj
                0x200001e0                hi2c1
 *fill*         0x20000234        0x4 
 .bss.rx_data   0x20000238       0x10 CMakeFiles/target.elf.dir/mcu/Core/Src/main.c.obj
                0x20000238                rx_data
 .bss.count     0x20000248        0x4 CMakeFiles/target.elf.dir/mcu/Core/Src/main.c.obj
                0x20000248                count
 .bss.buffer_index
                0x2000024c        0x1 CMakeFiles/target.elf.dir/mcu/Core/Src/main.c.obj
                0x2000024c                buffer_index
 *fill*         0x2000024d        0x3 
 .bss.rxBuffer  0x20000250       0x10 CMakeFiles/target.elf.dir/mcu/Core/Src/main.c.obj
                0x20000250                rxBuffer
 .bss.data      0x20000260       0x40 CMakeFiles/target.elf.dir/mcu/Core/Src/main.c.obj
                0x20000260                data
 .bss.hspi1     0x200002a0       0x88 CMakeFiles/target.elf.dir/mcu/Core/Src/spi.c.obj
                0x200002a0                hspi1
 .bss.hspi3     0x20000328       0x88 CMakeFiles/target.elf.dir/mcu/Core/Src/spi.c.obj
                0x20000328                hspi3
 .bss.hspi4     0x200003b0       0x88 CMakeFiles/target.elf.dir/mcu/Core/Src/spi.c.obj
                0x200003b0                hspi4
 .bss.htim6     0x20000438       0x4c CMakeFiles/target.elf.dir/mcu/Core/Src/tim.c.obj
                0x20000438                htim6
 .bss.huart1    0x20000484       0x94 CMakeFiles/target.elf.dir/mcu/Core/Src/usart.c.obj
                0x20000484                huart1
 .bss.huart2    0x20000518       0x94 CMakeFiles/target.elf.dir/mcu/Core/Src/usart.c.obj
                0x20000518                huart2
 .bss.uwTick    0x200005ac        0x4 CMakeFiles/target.elf.dir/mcu/Drivers/STM32H7xx_HAL_Driver/Src/stm32h7xx_hal.c.obj
                0x200005ac                uwTick
 .bss.LCD_AsciiFonts
                0x200005b0        0x4 CMakeFiles/target.elf.dir/app/src/lcd_spi_169.c.obj
 .bss.LCD_Buff  0x200005b4      0x800 CMakeFiles/target.elf.dir/app/src/lcd_spi_169.c.obj
                0x200005b4                LCD_Buff
 .bss.LCD       0x20000db4       0x10 CMakeFiles/target.elf.dir/app/src/lcd_spi_169.c.obj
                0x20000db4                LCD
 .bss.__malloc_free_list
                0x20000dc4        0x4 d:/arm_none_gcc/bin/../lib/gcc/arm-none-eabi/10.3.1/../../../../arm-none-eabi/lib/thumb/v7e-m+dp/hard\libc_nano.a(lib_a-nano-mallocr.o)
                0x20000dc4                __malloc_free_list
 .bss.__malloc_sbrk_start
                0x20000dc8        0x4 d:/arm_none_gcc/bin/../lib/gcc/arm-none-eabi/10.3.1/../../../../arm-none-eabi/lib/thumb/v7e-m+dp/hard\libc_nano.a(lib_a-nano-mallocr.o)
                0x20000dc8                __malloc_sbrk_start
 .bss.errno     0x20000dcc        0x4 d:/arm_none_gcc/bin/../lib/gcc/arm-none-eabi/10.3.1/../../../../arm-none-eabi/lib/thumb/v7e-m+dp/hard\libc_nano.a(lib_a-reent.o)
                0x20000dcc                errno
 .bss.__lock___malloc_recursive_mutex
                0x20000dd0        0x1 d:/arm_none_gcc/bin/../lib/gcc/arm-none-eabi/10.3.1/../../../../arm-none-eabi/lib/thumb/v7e-m+dp/hard\libc_nano.a(lib_a-lock.o)
                0x20000dd0                __lock___malloc_recursive_mutex
 *fill*         0x20000dd1        0x3 
 .bss.heap_end.0
                0x20000dd4        0x4 d:/arm_none_gcc/bin/../lib/gcc/arm-none-eabi/10.3.1/../../../../arm-none-eabi/lib/thumb/v7e-m+dp/hard\libnosys.a(sbrk.o)
 *(COMMON)
                0x20000dd8                . = ALIGN (0x4)
                0x20000dd8                _ebss = .
                0x20000dd8                __bss_end__ = _ebss

._user_heap_stack
                0x20000dd8      0x600 load address 0x0800fbbc
                0x20000dd8                . = ALIGN (0x8)
                0x20000dd8                PROVIDE (end = .)
                [!provide]                PROVIDE (_end = .)
                0x20000fd8                . = (. + _Min_Heap_Size)
 *fill*         0x20000dd8      0x200 
                0x200013d8                . = (. + _Min_Stack_Size)
 *fill*         0x20000fd8      0x400 
                0x200013d8                . = ALIGN (0x8)
                0x0800fbbc                _siRAM_D1 = LOADADDR (.RAM_D1)

.RAM_D1         0x24000000        0x0 load address 0x0800fbbc
                0x24000000                . = ALIGN (0x4)
                0x24000000                _sRAM_D1 = .
 *(.RAM_D1)
 *(.RAM_D1*)
                0x24000000                . = ALIGN (0x4)
                0x24000000                _eRAM_D1 = .

/DISCARD/
 libc.a(*)
 libm.a(*)
 libgcc.a(*)

.ARM.attributes
                0x00000000       0x2e
 *(.ARM.attributes)
 .ARM.attributes
                0x00000000       0x1e d:/arm_none_gcc/bin/../lib/gcc/arm-none-eabi/10.3.1/thumb/v7e-m+dp/hard/crti.o
 .ARM.attributes
                0x0000001e       0x32 d:/arm_none_gcc/bin/../lib/gcc/arm-none-eabi/10.3.1/thumb/v7e-m+dp/hard/crtbegin.o
 .ARM.attributes
                0x00000050       0x32 CMakeFiles/target.elf.dir/mcu/Core/Src/adc.c.obj
 .ARM.attributes
                0x00000082       0x32 CMakeFiles/target.elf.dir/mcu/Core/Src/dma.c.obj
 .ARM.attributes
                0x000000b4       0x32 CMakeFiles/target.elf.dir/mcu/Core/Src/gpio.c.obj
 .ARM.attributes
                0x000000e6       0x32 CMakeFiles/target.elf.dir/mcu/Core/Src/i2c.c.obj
 .ARM.attributes
                0x00000118       0x32 CMakeFiles/target.elf.dir/mcu/Core/Src/main.c.obj
 .ARM.attributes
                0x0000014a       0x32 CMakeFiles/target.elf.dir/mcu/Core/Src/spi.c.obj
 .ARM.attributes
                0x0000017c       0x32 CMakeFiles/target.elf.dir/mcu/Core/Src/stm32h7xx_hal_msp.c.obj
 .ARM.attributes
                0x000001ae       0x32 CMakeFiles/target.elf.dir/mcu/Core/Src/stm32h7xx_it.c.obj
 .ARM.attributes
                0x000001e0       0x32 CMakeFiles/target.elf.dir/mcu/Core/Src/system_stm32h7xx.c.obj
 .ARM.attributes
                0x00000212       0x32 CMakeFiles/target.elf.dir/mcu/Core/Src/tim.c.obj
 .ARM.attributes
                0x00000244       0x32 CMakeFiles/target.elf.dir/mcu/Core/Src/usart.c.obj
 .ARM.attributes
                0x00000276       0x32 CMakeFiles/target.elf.dir/mcu/Drivers/STM32H7xx_HAL_Driver/Src/stm32h7xx_hal.c.obj
 .ARM.attributes
                0x000002a8       0x32 CMakeFiles/target.elf.dir/mcu/Drivers/STM32H7xx_HAL_Driver/Src/stm32h7xx_hal_adc.c.obj
 .ARM.attributes
                0x000002da       0x32 CMakeFiles/target.elf.dir/mcu/Drivers/STM32H7xx_HAL_Driver/Src/stm32h7xx_hal_adc_ex.c.obj
 .ARM.attributes
                0x0000030c       0x32 CMakeFiles/target.elf.dir/mcu/Drivers/STM32H7xx_HAL_Driver/Src/stm32h7xx_hal_cortex.c.obj
 .ARM.attributes
                0x0000033e       0x32 CMakeFiles/target.elf.dir/mcu/Drivers/STM32H7xx_HAL_Driver/Src/stm32h7xx_hal_dma.c.obj
 .ARM.attributes
                0x00000370       0x32 CMakeFiles/target.elf.dir/mcu/Drivers/STM32H7xx_HAL_Driver/Src/stm32h7xx_hal_gpio.c.obj
 .ARM.attributes
                0x000003a2       0x32 CMakeFiles/target.elf.dir/mcu/Drivers/STM32H7xx_HAL_Driver/Src/stm32h7xx_hal_i2c.c.obj
 .ARM.attributes
                0x000003d4       0x32 CMakeFiles/target.elf.dir/mcu/Drivers/STM32H7xx_HAL_Driver/Src/stm32h7xx_hal_i2c_ex.c.obj
 .ARM.attributes
                0x00000406       0x32 CMakeFiles/target.elf.dir/mcu/Drivers/STM32H7xx_HAL_Driver/Src/stm32h7xx_hal_pwr_ex.c.obj
 .ARM.attributes
                0x00000438       0x32 CMakeFiles/target.elf.dir/mcu/Drivers/STM32H7xx_HAL_Driver/Src/stm32h7xx_hal_rcc.c.obj
 .ARM.attributes
                0x0000046a       0x32 CMakeFiles/target.elf.dir/mcu/Drivers/STM32H7xx_HAL_Driver/Src/stm32h7xx_hal_rcc_ex.c.obj
 .ARM.attributes
                0x0000049c       0x32 CMakeFiles/target.elf.dir/mcu/Drivers/STM32H7xx_HAL_Driver/Src/stm32h7xx_hal_spi.c.obj
 .ARM.attributes
                0x000004ce       0x32 CMakeFiles/target.elf.dir/mcu/Drivers/STM32H7xx_HAL_Driver/Src/stm32h7xx_hal_tim.c.obj
 .ARM.attributes
                0x00000500       0x32 CMakeFiles/target.elf.dir/mcu/Drivers/STM32H7xx_HAL_Driver/Src/stm32h7xx_hal_tim_ex.c.obj
 .ARM.attributes
                0x00000532       0x32 CMakeFiles/target.elf.dir/mcu/Drivers/STM32H7xx_HAL_Driver/Src/stm32h7xx_hal_uart.c.obj
 .ARM.attributes
                0x00000564       0x32 CMakeFiles/target.elf.dir/mcu/Drivers/STM32H7xx_HAL_Driver/Src/stm32h7xx_hal_uart_ex.c.obj
 .ARM.attributes
                0x00000596       0x32 CMakeFiles/target.elf.dir/app/src/lcd_fonts.c.obj
 .ARM.attributes
                0x000005c8       0x32 CMakeFiles/target.elf.dir/app/src/lcd_spi_169.c.obj
 .ARM.attributes
                0x000005fa       0x32 CMakeFiles/target.elf.dir/app/src/test.c.obj
 .ARM.attributes
                0x0000062c       0x21 CMakeFiles/target.elf.dir/mcu/user_startup_stm32h750xx.s.obj
 .ARM.attributes
                0x0000064d       0x32 d:/arm_none_gcc/bin/../lib/gcc/arm-none-eabi/10.3.1/../../../../arm-none-eabi/lib/thumb/v7e-m+dp/hard\libc_nano.a(lib_a-impure.o)
 .ARM.attributes
                0x0000067f       0x32 d:/arm_none_gcc/bin/../lib/gcc/arm-none-eabi/10.3.1/../../../../arm-none-eabi/lib/thumb/v7e-m+dp/hard\libc_nano.a(lib_a-init.o)
 .ARM.attributes
                0x000006b1       0x32 d:/arm_none_gcc/bin/../lib/gcc/arm-none-eabi/10.3.1/../../../../arm-none-eabi/lib/thumb/v7e-m+dp/hard\libc_nano.a(lib_a-memcpy-stub.o)
 .ARM.attributes
                0x000006e3       0x32 d:/arm_none_gcc/bin/../lib/gcc/arm-none-eabi/10.3.1/../../../../arm-none-eabi/lib/thumb/v7e-m+dp/hard\libc_nano.a(lib_a-memset.o)
 .ARM.attributes
                0x00000715       0x32 d:/arm_none_gcc/bin/../lib/gcc/arm-none-eabi/10.3.1/../../../../arm-none-eabi/lib/thumb/v7e-m+dp/hard\libc_nano.a(lib_a-sprintf.o)
 .ARM.attributes
                0x00000747       0x32 d:/arm_none_gcc/bin/../lib/gcc/arm-none-eabi/10.3.1/../../../../arm-none-eabi/lib/thumb/v7e-m+dp/hard\libc_nano.a(lib_a-nano-svfprintf.o)
 .ARM.attributes
                0x00000779       0x32 d:/arm_none_gcc/bin/../lib/gcc/arm-none-eabi/10.3.1/../../../../arm-none-eabi/lib/thumb/v7e-m+dp/hard\libc_nano.a(lib_a-nano-vfprintf_i.o)
 .ARM.attributes
                0x000007ab       0x1c d:/arm_none_gcc/bin/../lib/gcc/arm-none-eabi/10.3.1/../../../../arm-none-eabi/lib/thumb/v7e-m+dp/hard\libc_nano.a(lib_a-memchr.o)
 .ARM.attributes
                0x000007c7       0x32 d:/arm_none_gcc/bin/../lib/gcc/arm-none-eabi/10.3.1/../../../../arm-none-eabi/lib/thumb/v7e-m+dp/hard\libc_nano.a(lib_a-memmove.o)
 .ARM.attributes
                0x000007f9       0x32 d:/arm_none_gcc/bin/../lib/gcc/arm-none-eabi/10.3.1/../../../../arm-none-eabi/lib/thumb/v7e-m+dp/hard\libc_nano.a(lib_a-nano-freer.o)
 .ARM.attributes
                0x0000082b       0x32 d:/arm_none_gcc/bin/../lib/gcc/arm-none-eabi/10.3.1/../../../../arm-none-eabi/lib/thumb/v7e-m+dp/hard\libc_nano.a(lib_a-nano-mallocr.o)
 .ARM.attributes
                0x0000085d       0x32 d:/arm_none_gcc/bin/../lib/gcc/arm-none-eabi/10.3.1/../../../../arm-none-eabi/lib/thumb/v7e-m+dp/hard\libc_nano.a(lib_a-nano-reallocr.o)
 .ARM.attributes
                0x0000088f       0x32 d:/arm_none_gcc/bin/../lib/gcc/arm-none-eabi/10.3.1/../../../../arm-none-eabi/lib/thumb/v7e-m+dp/hard\libc_nano.a(lib_a-sbrkr.o)
 .ARM.attributes
                0x000008c1       0x32 d:/arm_none_gcc/bin/../lib/gcc/arm-none-eabi/10.3.1/../../../../arm-none-eabi/lib/thumb/v7e-m+dp/hard\libc_nano.a(lib_a-mlock.o)
 .ARM.attributes
                0x000008f3       0x32 d:/arm_none_gcc/bin/../lib/gcc/arm-none-eabi/10.3.1/../../../../arm-none-eabi/lib/thumb/v7e-m+dp/hard\libc_nano.a(lib_a-nano-msizer.o)
 .ARM.attributes
                0x00000925       0x32 d:/arm_none_gcc/bin/../lib/gcc/arm-none-eabi/10.3.1/../../../../arm-none-eabi/lib/thumb/v7e-m+dp/hard\libc_nano.a(lib_a-reent.o)
 .ARM.attributes
                0x00000957       0x32 d:/arm_none_gcc/bin/../lib/gcc/arm-none-eabi/10.3.1/../../../../arm-none-eabi/lib/thumb/v7e-m+dp/hard\libc_nano.a(lib_a-lock.o)
 .ARM.attributes
                0x00000989       0x32 d:/arm_none_gcc/bin/../lib/gcc/arm-none-eabi/10.3.1/../../../../arm-none-eabi/lib/thumb/v7e-m+dp/hard\libnosys.a(sbrk.o)
 .ARM.attributes
                0x000009bb       0x1e d:/arm_none_gcc/bin/../lib/gcc/arm-none-eabi/10.3.1/thumb/v7e-m+dp/hard\libgcc.a(_arm_addsubdf3.o)
 .ARM.attributes
                0x000009d9       0x1e d:/arm_none_gcc/bin/../lib/gcc/arm-none-eabi/10.3.1/thumb/v7e-m+dp/hard\libgcc.a(_arm_addsubsf3.o)
 .ARM.attributes
                0x000009f7       0x1e d:/arm_none_gcc/bin/../lib/gcc/arm-none-eabi/10.3.1/thumb/v7e-m+dp/hard\libgcc.a(_aeabi_uldivmod.o)
 .ARM.attributes
                0x00000a15       0x32 d:/arm_none_gcc/bin/../lib/gcc/arm-none-eabi/10.3.1/thumb/v7e-m+dp/hard\libgcc.a(_udivmoddi4.o)
 .ARM.attributes
                0x00000a47       0x1e d:/arm_none_gcc/bin/../lib/gcc/arm-none-eabi/10.3.1/thumb/v7e-m+dp/hard\libgcc.a(_dvmd_tls.o)
 .ARM.attributes
                0x00000a65       0x32 d:/arm_none_gcc/bin/../lib/gcc/arm-none-eabi/10.3.1/../../../../arm-none-eabi/lib/thumb/v7e-m+dp/hard\libc_nano.a(lib_a-findfp.o)
 .ARM.attributes
                0x00000a97       0x1e d:/arm_none_gcc/bin/../lib/gcc/arm-none-eabi/10.3.1/thumb/v7e-m+dp/hard/crtn.o
OUTPUT(target.elf elf32-littlearm)
LOAD linker stubs
LOAD d:/arm_none_gcc/bin/../lib/gcc/arm-none-eabi/10.3.1/../../../../arm-none-eabi/lib/thumb/v7e-m+dp/hard\libc.a
LOAD d:/arm_none_gcc/bin/../lib/gcc/arm-none-eabi/10.3.1/../../../../arm-none-eabi/lib/thumb/v7e-m+dp/hard\libm.a
LOAD d:/arm_none_gcc/bin/../lib/gcc/arm-none-eabi/10.3.1/thumb/v7e-m+dp/hard\libgcc.a

.debug_info     0x00000000    0x24cf0
 .debug_info    0x00000000      0xfe1 CMakeFiles/target.elf.dir/mcu/Core/Src/adc.c.obj
 .debug_info    0x00000fe1      0x82d CMakeFiles/target.elf.dir/mcu/Core/Src/dma.c.obj
 .debug_info    0x0000180e      0x675 CMakeFiles/target.elf.dir/mcu/Core/Src/gpio.c.obj
 .debug_info    0x00001e83      0xfa5 CMakeFiles/target.elf.dir/mcu/Core/Src/i2c.c.obj
 .debug_info    0x00002e28     0x1217 CMakeFiles/target.elf.dir/mcu/Core/Src/main.c.obj
 .debug_info    0x0000403f     0x1168 CMakeFiles/target.elf.dir/mcu/Core/Src/spi.c.obj
 .debug_info    0x000051a7      0x4a0 CMakeFiles/target.elf.dir/mcu/Core/Src/stm32h7xx_hal_msp.c.obj
 .debug_info    0x00005647      0x869 CMakeFiles/target.elf.dir/mcu/Core/Src/stm32h7xx_it.c.obj
 .debug_info    0x00005eb0      0xd03 CMakeFiles/target.elf.dir/mcu/Core/Src/system_stm32h7xx.c.obj
 .debug_info    0x00006bb3      0xc59 CMakeFiles/target.elf.dir/mcu/Core/Src/tim.c.obj
 .debug_info    0x0000780c     0x142d CMakeFiles/target.elf.dir/mcu/Core/Src/usart.c.obj
 .debug_info    0x00008c39     0x1579 CMakeFiles/target.elf.dir/mcu/Drivers/STM32H7xx_HAL_Driver/Src/stm32h7xx_hal.c.obj
 .debug_info    0x0000a1b2     0x1ed7 CMakeFiles/target.elf.dir/mcu/Drivers/STM32H7xx_HAL_Driver/Src/stm32h7xx_hal_adc.c.obj
 .debug_info    0x0000c089     0x1fff CMakeFiles/target.elf.dir/mcu/Drivers/STM32H7xx_HAL_Driver/Src/stm32h7xx_hal_adc_ex.c.obj
 .debug_info    0x0000e088     0x116f CMakeFiles/target.elf.dir/mcu/Drivers/STM32H7xx_HAL_Driver/Src/stm32h7xx_hal_cortex.c.obj
 .debug_info    0x0000f1f7      0xcc4 CMakeFiles/target.elf.dir/mcu/Drivers/STM32H7xx_HAL_Driver/Src/stm32h7xx_hal_dma.c.obj
 .debug_info    0x0000febb      0xd24 CMakeFiles/target.elf.dir/mcu/Drivers/STM32H7xx_HAL_Driver/Src/stm32h7xx_hal_gpio.c.obj
 .debug_info    0x00010bdf     0x23d9 CMakeFiles/target.elf.dir/mcu/Drivers/STM32H7xx_HAL_Driver/Src/stm32h7xx_hal_i2c.c.obj
 .debug_info    0x00012fb8      0xe4f CMakeFiles/target.elf.dir/mcu/Drivers/STM32H7xx_HAL_Driver/Src/stm32h7xx_hal_i2c_ex.c.obj
 .debug_info    0x00013e07     0x1083 CMakeFiles/target.elf.dir/mcu/Drivers/STM32H7xx_HAL_Driver/Src/stm32h7xx_hal_pwr_ex.c.obj
 .debug_info    0x00014e8a      0xef2 CMakeFiles/target.elf.dir/mcu/Drivers/STM32H7xx_HAL_Driver/Src/stm32h7xx_hal_rcc.c.obj
 .debug_info    0x00015d7c     0x1294 CMakeFiles/target.elf.dir/mcu/Drivers/STM32H7xx_HAL_Driver/Src/stm32h7xx_hal_rcc_ex.c.obj
 .debug_info    0x00017010     0x1520 CMakeFiles/target.elf.dir/mcu/Drivers/STM32H7xx_HAL_Driver/Src/stm32h7xx_hal_spi.c.obj
 .debug_info    0x00018530     0x2d65 CMakeFiles/target.elf.dir/mcu/Drivers/STM32H7xx_HAL_Driver/Src/stm32h7xx_hal_tim.c.obj
 .debug_info    0x0001b295     0x17f0 CMakeFiles/target.elf.dir/mcu/Drivers/STM32H7xx_HAL_Driver/Src/stm32h7xx_hal_tim_ex.c.obj
 .debug_info    0x0001ca85     0x4cbf CMakeFiles/target.elf.dir/mcu/Drivers/STM32H7xx_HAL_Driver/Src/stm32h7xx_hal_uart.c.obj
 .debug_info    0x00021744      0xf7c CMakeFiles/target.elf.dir/mcu/Drivers/STM32H7xx_HAL_Driver/Src/stm32h7xx_hal_uart_ex.c.obj
 .debug_info    0x000226c0      0x3af CMakeFiles/target.elf.dir/app/src/lcd_fonts.c.obj
 .debug_info    0x00022a6f     0x1777 CMakeFiles/target.elf.dir/app/src/lcd_spi_169.c.obj
 .debug_info    0x000241e6      0xae8 CMakeFiles/target.elf.dir/app/src/test.c.obj
 .debug_info    0x00024cce       0x22 CMakeFiles/target.elf.dir/mcu/user_startup_stm32h750xx.s.obj

.debug_abbrev   0x00000000     0x3c0a
 .debug_abbrev  0x00000000      0x1d1 CMakeFiles/target.elf.dir/mcu/Core/Src/adc.c.obj
 .debug_abbrev  0x000001d1       0xfc CMakeFiles/target.elf.dir/mcu/Core/Src/dma.c.obj
 .debug_abbrev  0x000002cd      0x13e CMakeFiles/target.elf.dir/mcu/Core/Src/gpio.c.obj
 .debug_abbrev  0x0000040b      0x1c9 CMakeFiles/target.elf.dir/mcu/Core/Src/i2c.c.obj
 .debug_abbrev  0x000005d4      0x22b CMakeFiles/target.elf.dir/mcu/Core/Src/main.c.obj
 .debug_abbrev  0x000007ff      0x203 CMakeFiles/target.elf.dir/mcu/Core/Src/spi.c.obj
 .debug_abbrev  0x00000a02       0xd7 CMakeFiles/target.elf.dir/mcu/Core/Src/stm32h7xx_hal_msp.c.obj
 .debug_abbrev  0x00000ad9      0x13b CMakeFiles/target.elf.dir/mcu/Core/Src/stm32h7xx_it.c.obj
 .debug_abbrev  0x00000c14      0x144 CMakeFiles/target.elf.dir/mcu/Core/Src/system_stm32h7xx.c.obj
 .debug_abbrev  0x00000d58      0x1b5 CMakeFiles/target.elf.dir/mcu/Core/Src/tim.c.obj
 .debug_abbrev  0x00000f0d      0x1ce CMakeFiles/target.elf.dir/mcu/Core/Src/usart.c.obj
 .debug_abbrev  0x000010db      0x23e CMakeFiles/target.elf.dir/mcu/Drivers/STM32H7xx_HAL_Driver/Src/stm32h7xx_hal.c.obj
 .debug_abbrev  0x00001319      0x27b CMakeFiles/target.elf.dir/mcu/Drivers/STM32H7xx_HAL_Driver/Src/stm32h7xx_hal_adc.c.obj
 .debug_abbrev  0x00001594      0x2c1 CMakeFiles/target.elf.dir/mcu/Drivers/STM32H7xx_HAL_Driver/Src/stm32h7xx_hal_adc_ex.c.obj
 .debug_abbrev  0x00001855      0x326 CMakeFiles/target.elf.dir/mcu/Drivers/STM32H7xx_HAL_Driver/Src/stm32h7xx_hal_cortex.c.obj
 .debug_abbrev  0x00001b7b      0x221 CMakeFiles/target.elf.dir/mcu/Drivers/STM32H7xx_HAL_Driver/Src/stm32h7xx_hal_dma.c.obj
 .debug_abbrev  0x00001d9c      0x1e9 CMakeFiles/target.elf.dir/mcu/Drivers/STM32H7xx_HAL_Driver/Src/stm32h7xx_hal_gpio.c.obj
 .debug_abbrev  0x00001f85      0x214 CMakeFiles/target.elf.dir/mcu/Drivers/STM32H7xx_HAL_Driver/Src/stm32h7xx_hal_i2c.c.obj
 .debug_abbrev  0x00002199      0x1de CMakeFiles/target.elf.dir/mcu/Drivers/STM32H7xx_HAL_Driver/Src/stm32h7xx_hal_i2c_ex.c.obj
 .debug_abbrev  0x00002377      0x264 CMakeFiles/target.elf.dir/mcu/Drivers/STM32H7xx_HAL_Driver/Src/stm32h7xx_hal_pwr_ex.c.obj
 .debug_abbrev  0x000025db      0x26d CMakeFiles/target.elf.dir/mcu/Drivers/STM32H7xx_HAL_Driver/Src/stm32h7xx_hal_rcc.c.obj
 .debug_abbrev  0x00002848      0x244 CMakeFiles/target.elf.dir/mcu/Drivers/STM32H7xx_HAL_Driver/Src/stm32h7xx_hal_rcc_ex.c.obj
 .debug_abbrev  0x00002a8c      0x273 CMakeFiles/target.elf.dir/mcu/Drivers/STM32H7xx_HAL_Driver/Src/stm32h7xx_hal_spi.c.obj
 .debug_abbrev  0x00002cff      0x235 CMakeFiles/target.elf.dir/mcu/Drivers/STM32H7xx_HAL_Driver/Src/stm32h7xx_hal_tim.c.obj
 .debug_abbrev  0x00002f34      0x23d CMakeFiles/target.elf.dir/mcu/Drivers/STM32H7xx_HAL_Driver/Src/stm32h7xx_hal_tim_ex.c.obj
 .debug_abbrev  0x00003171      0x2cc CMakeFiles/target.elf.dir/mcu/Drivers/STM32H7xx_HAL_Driver/Src/stm32h7xx_hal_uart.c.obj
 .debug_abbrev  0x0000343d      0x279 CMakeFiles/target.elf.dir/mcu/Drivers/STM32H7xx_HAL_Driver/Src/stm32h7xx_hal_uart_ex.c.obj
 .debug_abbrev  0x000036b6       0xd9 CMakeFiles/target.elf.dir/app/src/lcd_fonts.c.obj
 .debug_abbrev  0x0000378f      0x299 CMakeFiles/target.elf.dir/app/src/lcd_spi_169.c.obj
 .debug_abbrev  0x00003a28      0x1d0 CMakeFiles/target.elf.dir/app/src/test.c.obj
 .debug_abbrev  0x00003bf8       0x12 CMakeFiles/target.elf.dir/mcu/user_startup_stm32h750xx.s.obj

.debug_aranges  0x00000000     0x1b68
 .debug_aranges
                0x00000000       0x38 CMakeFiles/target.elf.dir/mcu/Core/Src/adc.c.obj
 .debug_aranges
                0x00000038       0x20 CMakeFiles/target.elf.dir/mcu/Core/Src/dma.c.obj
 .debug_aranges
                0x00000058       0x20 CMakeFiles/target.elf.dir/mcu/Core/Src/gpio.c.obj
 .debug_aranges
                0x00000078       0x30 CMakeFiles/target.elf.dir/mcu/Core/Src/i2c.c.obj
 .debug_aranges
                0x000000a8       0x40 CMakeFiles/target.elf.dir/mcu/Core/Src/main.c.obj
 .debug_aranges
                0x000000e8       0x40 CMakeFiles/target.elf.dir/mcu/Core/Src/spi.c.obj
 .debug_aranges
                0x00000128       0x20 CMakeFiles/target.elf.dir/mcu/Core/Src/stm32h7xx_hal_msp.c.obj
 .debug_aranges
                0x00000148       0x70 CMakeFiles/target.elf.dir/mcu/Core/Src/stm32h7xx_it.c.obj
 .debug_aranges
                0x000001b8       0x28 CMakeFiles/target.elf.dir/mcu/Core/Src/system_stm32h7xx.c.obj
 .debug_aranges
                0x000001e0       0x30 CMakeFiles/target.elf.dir/mcu/Core/Src/tim.c.obj
 .debug_aranges
                0x00000210       0x38 CMakeFiles/target.elf.dir/mcu/Core/Src/usart.c.obj
 .debug_aranges
                0x00000248      0x198 CMakeFiles/target.elf.dir/mcu/Drivers/STM32H7xx_HAL_Driver/Src/stm32h7xx_hal.c.obj
 .debug_aranges
                0x000003e0      0x228 CMakeFiles/target.elf.dir/mcu/Drivers/STM32H7xx_HAL_Driver/Src/stm32h7xx_hal_adc.c.obj
 .debug_aranges
                0x00000608      0x1d8 CMakeFiles/target.elf.dir/mcu/Drivers/STM32H7xx_HAL_Driver/Src/stm32h7xx_hal_adc_ex.c.obj
 .debug_aranges
                0x000007e0      0x120 CMakeFiles/target.elf.dir/mcu/Drivers/STM32H7xx_HAL_Driver/Src/stm32h7xx_hal_cortex.c.obj
 .debug_aranges
                0x00000900       0xa0 CMakeFiles/target.elf.dir/mcu/Drivers/STM32H7xx_HAL_Driver/Src/stm32h7xx_hal_dma.c.obj
 .debug_aranges
                0x000009a0       0x58 CMakeFiles/target.elf.dir/mcu/Drivers/STM32H7xx_HAL_Driver/Src/stm32h7xx_hal_gpio.c.obj
 .debug_aranges
                0x000009f8      0x2a0 CMakeFiles/target.elf.dir/mcu/Drivers/STM32H7xx_HAL_Driver/Src/stm32h7xx_hal_i2c.c.obj
 .debug_aranges
                0x00000c98       0x48 CMakeFiles/target.elf.dir/mcu/Drivers/STM32H7xx_HAL_Driver/Src/stm32h7xx_hal_i2c_ex.c.obj
 .debug_aranges
                0x00000ce0      0x158 CMakeFiles/target.elf.dir/mcu/Drivers/STM32H7xx_HAL_Driver/Src/stm32h7xx_hal_pwr_ex.c.obj
 .debug_aranges
                0x00000e38       0x88 CMakeFiles/target.elf.dir/mcu/Drivers/STM32H7xx_HAL_Driver/Src/stm32h7xx_hal_rcc.c.obj
 .debug_aranges
                0x00000ec0       0xf8 CMakeFiles/target.elf.dir/mcu/Drivers/STM32H7xx_HAL_Driver/Src/stm32h7xx_hal_rcc_ex.c.obj
 .debug_aranges
                0x00000fb8      0x1a8 CMakeFiles/target.elf.dir/mcu/Drivers/STM32H7xx_HAL_Driver/Src/stm32h7xx_hal_spi.c.obj
 .debug_aranges
                0x00001160      0x3e0 CMakeFiles/target.elf.dir/mcu/Drivers/STM32H7xx_HAL_Driver/Src/stm32h7xx_hal_tim.c.obj
 .debug_aranges
                0x00001540      0x188 CMakeFiles/target.elf.dir/mcu/Drivers/STM32H7xx_HAL_Driver/Src/stm32h7xx_hal_tim_ex.c.obj
 .debug_aranges
                0x000016c8      0x248 CMakeFiles/target.elf.dir/mcu/Drivers/STM32H7xx_HAL_Driver/Src/stm32h7xx_hal_uart.c.obj
 .debug_aranges
                0x00001910       0xa8 CMakeFiles/target.elf.dir/mcu/Drivers/STM32H7xx_HAL_Driver/Src/stm32h7xx_hal_uart_ex.c.obj
 .debug_aranges
                0x000019b8       0x18 CMakeFiles/target.elf.dir/app/src/lcd_fonts.c.obj
 .debug_aranges
                0x000019d0      0x130 CMakeFiles/target.elf.dir/app/src/lcd_spi_169.c.obj
 .debug_aranges
                0x00001b00       0x38 CMakeFiles/target.elf.dir/app/src/test.c.obj
 .debug_aranges
                0x00001b38       0x30 CMakeFiles/target.elf.dir/mcu/user_startup_stm32h750xx.s.obj

.debug_ranges   0x00000000     0x19c0
 .debug_ranges  0x00000000       0x28 CMakeFiles/target.elf.dir/mcu/Core/Src/adc.c.obj
 .debug_ranges  0x00000028       0x10 CMakeFiles/target.elf.dir/mcu/Core/Src/dma.c.obj
 .debug_ranges  0x00000038       0x10 CMakeFiles/target.elf.dir/mcu/Core/Src/gpio.c.obj
 .debug_ranges  0x00000048       0x20 CMakeFiles/target.elf.dir/mcu/Core/Src/i2c.c.obj
 .debug_ranges  0x00000068       0x30 CMakeFiles/target.elf.dir/mcu/Core/Src/main.c.obj
 .debug_ranges  0x00000098       0x30 CMakeFiles/target.elf.dir/mcu/Core/Src/spi.c.obj
 .debug_ranges  0x000000c8       0x10 CMakeFiles/target.elf.dir/mcu/Core/Src/stm32h7xx_hal_msp.c.obj
 .debug_ranges  0x000000d8       0x60 CMakeFiles/target.elf.dir/mcu/Core/Src/stm32h7xx_it.c.obj
 .debug_ranges  0x00000138       0x18 CMakeFiles/target.elf.dir/mcu/Core/Src/system_stm32h7xx.c.obj
 .debug_ranges  0x00000150       0x20 CMakeFiles/target.elf.dir/mcu/Core/Src/tim.c.obj
 .debug_ranges  0x00000170       0x28 CMakeFiles/target.elf.dir/mcu/Core/Src/usart.c.obj
 .debug_ranges  0x00000198      0x188 CMakeFiles/target.elf.dir/mcu/Drivers/STM32H7xx_HAL_Driver/Src/stm32h7xx_hal.c.obj
 .debug_ranges  0x00000320      0x218 CMakeFiles/target.elf.dir/mcu/Drivers/STM32H7xx_HAL_Driver/Src/stm32h7xx_hal_adc.c.obj
 .debug_ranges  0x00000538      0x1c8 CMakeFiles/target.elf.dir/mcu/Drivers/STM32H7xx_HAL_Driver/Src/stm32h7xx_hal_adc_ex.c.obj
 .debug_ranges  0x00000700      0x110 CMakeFiles/target.elf.dir/mcu/Drivers/STM32H7xx_HAL_Driver/Src/stm32h7xx_hal_cortex.c.obj
 .debug_ranges  0x00000810       0x90 CMakeFiles/target.elf.dir/mcu/Drivers/STM32H7xx_HAL_Driver/Src/stm32h7xx_hal_dma.c.obj
 .debug_ranges  0x000008a0       0x48 CMakeFiles/target.elf.dir/mcu/Drivers/STM32H7xx_HAL_Driver/Src/stm32h7xx_hal_gpio.c.obj
 .debug_ranges  0x000008e8      0x290 CMakeFiles/target.elf.dir/mcu/Drivers/STM32H7xx_HAL_Driver/Src/stm32h7xx_hal_i2c.c.obj
 .debug_ranges  0x00000b78       0x38 CMakeFiles/target.elf.dir/mcu/Drivers/STM32H7xx_HAL_Driver/Src/stm32h7xx_hal_i2c_ex.c.obj
 .debug_ranges  0x00000bb0      0x148 CMakeFiles/target.elf.dir/mcu/Drivers/STM32H7xx_HAL_Driver/Src/stm32h7xx_hal_pwr_ex.c.obj
 .debug_ranges  0x00000cf8       0x78 CMakeFiles/target.elf.dir/mcu/Drivers/STM32H7xx_HAL_Driver/Src/stm32h7xx_hal_rcc.c.obj
 .debug_ranges  0x00000d70       0xe8 CMakeFiles/target.elf.dir/mcu/Drivers/STM32H7xx_HAL_Driver/Src/stm32h7xx_hal_rcc_ex.c.obj
 .debug_ranges  0x00000e58      0x198 CMakeFiles/target.elf.dir/mcu/Drivers/STM32H7xx_HAL_Driver/Src/stm32h7xx_hal_spi.c.obj
 .debug_ranges  0x00000ff0      0x3d0 CMakeFiles/target.elf.dir/mcu/Drivers/STM32H7xx_HAL_Driver/Src/stm32h7xx_hal_tim.c.obj
 .debug_ranges  0x000013c0      0x178 CMakeFiles/target.elf.dir/mcu/Drivers/STM32H7xx_HAL_Driver/Src/stm32h7xx_hal_tim_ex.c.obj
 .debug_ranges  0x00001538      0x268 CMakeFiles/target.elf.dir/mcu/Drivers/STM32H7xx_HAL_Driver/Src/stm32h7xx_hal_uart.c.obj
 .debug_ranges  0x000017a0       0x98 CMakeFiles/target.elf.dir/mcu/Drivers/STM32H7xx_HAL_Driver/Src/stm32h7xx_hal_uart_ex.c.obj
 .debug_ranges  0x00001838      0x120 CMakeFiles/target.elf.dir/app/src/lcd_spi_169.c.obj
 .debug_ranges  0x00001958       0x40 CMakeFiles/target.elf.dir/app/src/test.c.obj
 .debug_ranges  0x00001998       0x28 CMakeFiles/target.elf.dir/mcu/user_startup_stm32h750xx.s.obj

.debug_line     0x00000000    0x1bcda
 .debug_line    0x00000000      0x424 CMakeFiles/target.elf.dir/mcu/Core/Src/adc.c.obj
 .debug_line    0x00000424      0x16e CMakeFiles/target.elf.dir/mcu/Core/Src/dma.c.obj
 .debug_line    0x00000592      0x211 CMakeFiles/target.elf.dir/mcu/Core/Src/gpio.c.obj
 .debug_line    0x000007a3      0x31d CMakeFiles/target.elf.dir/mcu/Core/Src/i2c.c.obj
 .debug_line    0x00000ac0      0x544 CMakeFiles/target.elf.dir/mcu/Core/Src/main.c.obj
 .debug_line    0x00001004      0x4ab CMakeFiles/target.elf.dir/mcu/Core/Src/spi.c.obj
 .debug_line    0x000014af      0x17b CMakeFiles/target.elf.dir/mcu/Core/Src/stm32h7xx_hal_msp.c.obj
 .debug_line    0x0000162a      0x2fc CMakeFiles/target.elf.dir/mcu/Core/Src/stm32h7xx_it.c.obj
 .debug_line    0x00001926      0x3d8 CMakeFiles/target.elf.dir/mcu/Core/Src/system_stm32h7xx.c.obj
 .debug_line    0x00001cfe      0x2b4 CMakeFiles/target.elf.dir/mcu/Core/Src/tim.c.obj
 .debug_line    0x00001fb2      0x3ce CMakeFiles/target.elf.dir/mcu/Core/Src/usart.c.obj
 .debug_line    0x00002380      0x82a CMakeFiles/target.elf.dir/mcu/Drivers/STM32H7xx_HAL_Driver/Src/stm32h7xx_hal.c.obj
 .debug_line    0x00002baa     0x1dc4 CMakeFiles/target.elf.dir/mcu/Drivers/STM32H7xx_HAL_Driver/Src/stm32h7xx_hal_adc.c.obj
 .debug_line    0x0000496e     0x19a3 CMakeFiles/target.elf.dir/mcu/Drivers/STM32H7xx_HAL_Driver/Src/stm32h7xx_hal_adc_ex.c.obj
 .debug_line    0x00006311      0x819 CMakeFiles/target.elf.dir/mcu/Drivers/STM32H7xx_HAL_Driver/Src/stm32h7xx_hal_cortex.c.obj
 .debug_line    0x00006b2a     0x2120 CMakeFiles/target.elf.dir/mcu/Drivers/STM32H7xx_HAL_Driver/Src/stm32h7xx_hal_dma.c.obj
 .debug_line    0x00008c4a      0x67f CMakeFiles/target.elf.dir/mcu/Drivers/STM32H7xx_HAL_Driver/Src/stm32h7xx_hal_gpio.c.obj
 .debug_line    0x000092c9     0x35ca CMakeFiles/target.elf.dir/mcu/Drivers/STM32H7xx_HAL_Driver/Src/stm32h7xx_hal_i2c.c.obj
 .debug_line    0x0000c893      0x442 CMakeFiles/target.elf.dir/mcu/Drivers/STM32H7xx_HAL_Driver/Src/stm32h7xx_hal_i2c_ex.c.obj
 .debug_line    0x0000ccd5      0x944 CMakeFiles/target.elf.dir/mcu/Drivers/STM32H7xx_HAL_Driver/Src/stm32h7xx_hal_pwr_ex.c.obj
 .debug_line    0x0000d619      0xdfc CMakeFiles/target.elf.dir/mcu/Drivers/STM32H7xx_HAL_Driver/Src/stm32h7xx_hal_rcc.c.obj
 .debug_line    0x0000e415     0x16a2 CMakeFiles/target.elf.dir/mcu/Drivers/STM32H7xx_HAL_Driver/Src/stm32h7xx_hal_rcc_ex.c.obj
 .debug_line    0x0000fab7     0x1906 CMakeFiles/target.elf.dir/mcu/Drivers/STM32H7xx_HAL_Driver/Src/stm32h7xx_hal_spi.c.obj
 .debug_line    0x000113bd     0x38d2 CMakeFiles/target.elf.dir/mcu/Drivers/STM32H7xx_HAL_Driver/Src/stm32h7xx_hal_tim.c.obj
 .debug_line    0x00014c8f     0x17a7 CMakeFiles/target.elf.dir/mcu/Drivers/STM32H7xx_HAL_Driver/Src/stm32h7xx_hal_tim_ex.c.obj
 .debug_line    0x00016436     0x38b7 CMakeFiles/target.elf.dir/mcu/Drivers/STM32H7xx_HAL_Driver/Src/stm32h7xx_hal_uart.c.obj
 .debug_line    0x00019ced      0x8f9 CMakeFiles/target.elf.dir/mcu/Drivers/STM32H7xx_HAL_Driver/Src/stm32h7xx_hal_uart_ex.c.obj
 .debug_line    0x0001a5e6      0x12e CMakeFiles/target.elf.dir/app/src/lcd_fonts.c.obj
 .debug_line    0x0001a714      0xf7b CMakeFiles/target.elf.dir/app/src/lcd_spi_169.c.obj
 .debug_line    0x0001b68f      0x58f CMakeFiles/target.elf.dir/app/src/test.c.obj
 .debug_line    0x0001bc1e       0xbc CMakeFiles/target.elf.dir/mcu/user_startup_stm32h750xx.s.obj

.debug_str      0x00000000     0x9207
 .debug_str     0x00000000      0xa51 CMakeFiles/target.elf.dir/mcu/Core/Src/adc.c.obj
                                0xba6 (size before relaxing)
 .debug_str     0x00000a51      0x858 CMakeFiles/target.elf.dir/mcu/Core/Src/dma.c.obj
                                0xc36 (size before relaxing)
 .debug_str     0x000012a9       0x72 CMakeFiles/target.elf.dir/mcu/Core/Src/gpio.c.obj
                                0x4a9 (size before relaxing)
 .debug_str     0x0000131b      0x664 CMakeFiles/target.elf.dir/mcu/Core/Src/i2c.c.obj
                                0xe1c (size before relaxing)
 .debug_str     0x0000197f      0x547 CMakeFiles/target.elf.dir/mcu/Core/Src/main.c.obj
                                0xe4c (size before relaxing)
 .debug_str     0x00001ec6      0x2de CMakeFiles/target.elf.dir/mcu/Core/Src/spi.c.obj
                                0xe42 (size before relaxing)
 .debug_str     0x000021a4       0x62 CMakeFiles/target.elf.dir/mcu/Core/Src/stm32h7xx_hal_msp.c.obj
                                0x418 (size before relaxing)
 .debug_str     0x00002206      0x10b CMakeFiles/target.elf.dir/mcu/Core/Src/stm32h7xx_it.c.obj
                                0x848 (size before relaxing)
 .debug_str     0x00002311      0x368 CMakeFiles/target.elf.dir/mcu/Core/Src/system_stm32h7xx.c.obj
                                0x755 (size before relaxing)
 .debug_str     0x00002679      0x3d5 CMakeFiles/target.elf.dir/mcu/Core/Src/tim.c.obj
                                0xb05 (size before relaxing)
 .debug_str     0x00002a4e       0xa8 CMakeFiles/target.elf.dir/mcu/Core/Src/usart.c.obj
                               0x1618 (size before relaxing)
 .debug_str     0x00002af6      0x72f CMakeFiles/target.elf.dir/mcu/Drivers/STM32H7xx_HAL_Driver/Src/stm32h7xx_hal.c.obj
                               0x1488 (size before relaxing)
 .debug_str     0x00003225      0x919 CMakeFiles/target.elf.dir/mcu/Drivers/STM32H7xx_HAL_Driver/Src/stm32h7xx_hal_adc.c.obj
                               0x126d (size before relaxing)
 .debug_str     0x00003b3e      0x823 CMakeFiles/target.elf.dir/mcu/Drivers/STM32H7xx_HAL_Driver/Src/stm32h7xx_hal_adc_ex.c.obj
                               0x1402 (size before relaxing)
 .debug_str     0x00004361      0x4d8 CMakeFiles/target.elf.dir/mcu/Drivers/STM32H7xx_HAL_Driver/Src/stm32h7xx_hal_cortex.c.obj
                               0x107d (size before relaxing)
 .debug_str     0x00004839      0x40e CMakeFiles/target.elf.dir/mcu/Drivers/STM32H7xx_HAL_Driver/Src/stm32h7xx_hal_dma.c.obj
                                0x9e5 (size before relaxing)
 .debug_str     0x00004c47      0x14e CMakeFiles/target.elf.dir/mcu/Drivers/STM32H7xx_HAL_Driver/Src/stm32h7xx_hal_gpio.c.obj
                                0x6fa (size before relaxing)