Archive member included to satisfy reference by file (symbol)

d:/arm_none_gcc/bin/../lib/gcc/arm-none-eabi/10.3.1/../../../../arm-none-eabi/lib/thumb/v7e-m+dp/hard\libc_nano.a(lib_a-exit.o)
                              d:/arm_none_gcc/bin/../lib/gcc/arm-none-eabi/10.3.1/../../../../arm-none-eabi/lib/thumb/v7e-m+dp/hard/rdimon-crt0.o (exit)
d:/arm_none_gcc/bin/../lib/gcc/arm-none-eabi/10.3.1/../../../../arm-none-eabi/lib/thumb/v7e-m+dp/hard\libc_nano.a(lib_a-impure.o)
                              d:/arm_none_gcc/bin/../lib/gcc/arm-none-eabi/10.3.1/../../../../arm-none-eabi/lib/thumb/v7e-m+dp/hard\libc_nano.a(lib_a-exit.o) (_global_impure_ptr)
d:/arm_none_gcc/bin/../lib/gcc/arm-none-eabi/10.3.1/../../../../arm-none-eabi/lib/thumb/v7e-m+dp/hard\libc_nano.a(lib_a-init.o)
                              d:/arm_none_gcc/bin/../lib/gcc/arm-none-eabi/10.3.1/../../../../arm-none-eabi/lib/thumb/v7e-m+dp/hard/rdimon-crt0.o (__libc_init_array)
d:/arm_none_gcc/bin/../lib/gcc/arm-none-eabi/10.3.1/../../../../arm-none-eabi/lib/thumb/v7e-m+dp/hard\libc_nano.a(lib_a-memset.o)
                              d:/arm_none_gcc/bin/../lib/gcc/arm-none-eabi/10.3.1/../../../../arm-none-eabi/lib/thumb/v7e-m+dp/hard/rdimon-crt0.o (memset)
d:/arm_none_gcc/bin/../lib/gcc/arm-none-eabi/10.3.1/../../../../arm-none-eabi/lib/thumb/v7e-m+dp/hard\libnosys.a(_exit.o)
                              d:/arm_none_gcc/bin/../lib/gcc/arm-none-eabi/10.3.1/../../../../arm-none-eabi/lib/thumb/v7e-m+dp/hard\libc_nano.a(lib_a-exit.o) (_exit)
D:/hahahahaha/VSCODEproject/H750cmakeproject/stm32-cmake-templete-master/mcu/Drivers/CMSIS/Lib/GCC\libarm_cortexM7lfdp_math.a(arm_cmplx_mag_f32.o)
                              CMakeFiles/target.elf.dir/mcu/Core/Src/main.c.obj (arm_cmplx_mag_f32)
d:/arm_none_gcc/bin/../lib/gcc/arm-none-eabi/10.3.1/../../../../arm-none-eabi/lib/thumb/v7e-m+dp/hard\librdimon_nano.a(rdimon-syscalls.o)
                              d:/arm_none_gcc/bin/../lib/gcc/arm-none-eabi/10.3.1/../../../../arm-none-eabi/lib/thumb/v7e-m+dp/hard/rdimon-crt0.o (initialise_monitor_handles)
d:/arm_none_gcc/bin/../lib/gcc/arm-none-eabi/10.3.1/../../../../arm-none-eabi/lib/thumb/v7e-m+dp/hard\libc_nano.a(lib_a-errno.o)
                              d:/arm_none_gcc/bin/../lib/gcc/arm-none-eabi/10.3.1/../../../../arm-none-eabi/lib/thumb/v7e-m+dp/hard\librdimon_nano.a(rdimon-syscalls.o) (__errno)
d:/arm_none_gcc/bin/../lib/gcc/arm-none-eabi/10.3.1/../../../../arm-none-eabi/lib/thumb/v7e-m+dp/hard\libc_nano.a(lib_a-findfp.o)
                              d:/arm_none_gcc/bin/../lib/gcc/arm-none-eabi/10.3.1/../../../../arm-none-eabi/lib/thumb/v7e-m+dp/hard\librdimon_nano.a(rdimon-syscalls.o) (__sinit)
d:/arm_none_gcc/bin/../lib/gcc/arm-none-eabi/10.3.1/../../../../arm-none-eabi/lib/thumb/v7e-m+dp/hard\libc_nano.a(lib_a-fwalk.o)
                              d:/arm_none_gcc/bin/../lib/gcc/arm-none-eabi/10.3.1/../../../../arm-none-eabi/lib/thumb/v7e-m+dp/hard\libc_nano.a(lib_a-findfp.o) (_fwalk)
d:/arm_none_gcc/bin/../lib/gcc/arm-none-eabi/10.3.1/../../../../arm-none-eabi/lib/thumb/v7e-m+dp/hard\libc_nano.a(lib_a-lock.o)
                              d:/arm_none_gcc/bin/../lib/gcc/arm-none-eabi/10.3.1/../../../../arm-none-eabi/lib/thumb/v7e-m+dp/hard\libc_nano.a(lib_a-findfp.o) (__retarget_lock_init_recursive)
d:/arm_none_gcc/bin/../lib/gcc/arm-none-eabi/10.3.1/../../../../arm-none-eabi/lib/thumb/v7e-m+dp/hard\libc_nano.a(lib_a-nano-mallocr.o)
                              d:/arm_none_gcc/bin/../lib/gcc/arm-none-eabi/10.3.1/../../../../arm-none-eabi/lib/thumb/v7e-m+dp/hard\libc_nano.a(lib_a-findfp.o) (_malloc_r)
d:/arm_none_gcc/bin/../lib/gcc/arm-none-eabi/10.3.1/../../../../arm-none-eabi/lib/thumb/v7e-m+dp/hard\libc_nano.a(lib_a-sbrkr.o)
                              d:/arm_none_gcc/bin/../lib/gcc/arm-none-eabi/10.3.1/../../../../arm-none-eabi/lib/thumb/v7e-m+dp/hard\libc_nano.a(lib_a-nano-mallocr.o) (_sbrk_r)
d:/arm_none_gcc/bin/../lib/gcc/arm-none-eabi/10.3.1/../../../../arm-none-eabi/lib/thumb/v7e-m+dp/hard\libc_nano.a(lib_a-stdio.o)
                              d:/arm_none_gcc/bin/../lib/gcc/arm-none-eabi/10.3.1/../../../../arm-none-eabi/lib/thumb/v7e-m+dp/hard\libc_nano.a(lib_a-findfp.o) (__sread)
d:/arm_none_gcc/bin/../lib/gcc/arm-none-eabi/10.3.1/../../../../arm-none-eabi/lib/thumb/v7e-m+dp/hard\libc_nano.a(lib_a-strlen.o)
                              d:/arm_none_gcc/bin/../lib/gcc/arm-none-eabi/10.3.1/../../../../arm-none-eabi/lib/thumb/v7e-m+dp/hard\librdimon_nano.a(rdimon-syscalls.o) (strlen)
d:/arm_none_gcc/bin/../lib/gcc/arm-none-eabi/10.3.1/../../../../arm-none-eabi/lib/thumb/v7e-m+dp/hard\libc_nano.a(lib_a-writer.o)
                              d:/arm_none_gcc/bin/../lib/gcc/arm-none-eabi/10.3.1/../../../../arm-none-eabi/lib/thumb/v7e-m+dp/hard\libc_nano.a(lib_a-stdio.o) (_write_r)
d:/arm_none_gcc/bin/../lib/gcc/arm-none-eabi/10.3.1/../../../../arm-none-eabi/lib/thumb/v7e-m+dp/hard\libc_nano.a(lib_a-closer.o)
[...]
Memory Configuration

Name             Origin             Length             Attributes
DTCMRAM          0x20000000         0x00020000         xrw
RAM_D1           0x24000000         0x00080000         xrw
RAM_D2           0x30000000         0x00048000         xrw
RAM_D3           0x38000000         0x00010000         xrw
ITCMRAM          0x00000000         0x00010000         xrw
FLASH            0x08000000         0x00020000         xr
*default*        0x00000000         0xffffffff

Linker script and memory map

LOAD d:/arm_none_gcc/bin/../lib/gcc/arm-none-eabi/10.3.1/thumb/v7e-m+dp/hard/crti.o
LOAD d:/arm_none_gcc/bin/../lib/gcc/arm-none-eabi/10.3.1/thumb/v7e-m+dp/hard/crtbegin.o
LOAD d:/arm_none_gcc/bin/../lib/gcc/arm-none-eabi/10.3.1/../../../../arm-none-eabi/lib/thumb/v7e-m+dp/hard/rdimon-crt0.o
LOAD CMakeFiles/target.elf.dir/mcu/Core/Src/gpio.c.obj
LOAD CMakeFiles/target.elf.dir/mcu/Core/Src/main.c.obj
LOAD CMakeFiles/target.elf.dir/mcu/Core/Src/stm32h7xx_hal_msp.c.obj
LOAD CMakeFiles/target.elf.dir/mcu/Core/Src/stm32h7xx_it.c.obj
LOAD CMakeFiles/target.elf.dir/mcu/Core/Src/system_stm32h7xx.c.obj
LOAD CMakeFiles/target.elf.dir/mcu/Drivers/STM32H7xx_HAL_Driver/Src/stm32h7xx_hal.c.obj
LOAD CMakeFiles/target.elf.dir/mcu/Drivers/STM32H7xx_HAL_Driver/Src/stm32h7xx_hal_cortex.c.obj
LOAD CMakeFiles/target.elf.dir/mcu/Drivers/STM32H7xx_HAL_Driver/Src/stm32h7xx_hal_dma.c.obj
LOAD CMakeFiles/target.elf.dir/mcu/Drivers/STM32H7xx_HAL_Driver/Src/stm32h7xx_hal_dma_ex.c.obj
LOAD CMakeFiles/target.elf.dir/mcu/Drivers/STM32H7xx_HAL_Driver/Src/stm32h7xx_hal_exti.c.obj
LOAD CMakeFiles/target.elf.dir/mcu/Drivers/STM32H7xx_HAL_Driver/Src/stm32h7xx_hal_flash.c.obj
LOAD CMakeFiles/target.elf.dir/mcu/Drivers/STM32H7xx_HAL_Driver/Src/stm32h7xx_hal_flash_ex.c.obj
LOAD CMakeFiles/target.elf.dir/mcu/Drivers/STM32H7xx_HAL_Driver/Src/stm32h7xx_hal_gpio.c.obj
LOAD CMakeFiles/target.elf.dir/mcu/Drivers/STM32H7xx_HAL_Driver/Src/stm32h7xx_hal_hsem.c.obj
LOAD CMakeFiles/target.elf.dir/mcu/Drivers/STM32H7xx_HAL_Driver/Src/stm32h7xx_hal_i2c.c.obj
LOAD CMakeFiles/target.elf.dir/mcu/Drivers/STM32H7xx_HAL_Driver/Src/stm32h7xx_hal_i2c_ex.c.obj
LOAD CMakeFiles/target.elf.dir/mcu/Drivers/STM32H7xx_HAL_Driver/Src/stm32h7xx_hal_mdma.c.obj
LOAD CMakeFiles/target.elf.dir/mcu/Drivers/STM32H7xx_HAL_Driver/Src/stm32h7xx_hal_pwr.c.obj
LOAD CMakeFiles/target.elf.dir/mcu/Drivers/STM32H7xx_HAL_Driver/Src/stm32h7xx_hal_pwr_ex.c.obj
LOAD CMakeFiles/target.elf.dir/mcu/Drivers/STM32H7xx_HAL_Driver/Src/stm32h7xx_hal_rcc.c.obj
LOAD CMakeFiles/target.elf.dir/mcu/Drivers/STM32H7xx_HAL_Driver/Src/stm32h7xx_hal_rcc_ex.c.obj
LOAD CMakeFiles/target.elf.dir/mcu/Drivers/STM32H7xx_HAL_Driver/Src/stm32h7xx_hal_tim.c.obj
LOAD CMakeFiles/target.elf.dir/mcu/Drivers/STM32H7xx_HAL_Driver/Src/stm32h7xx_hal_tim_ex.c.obj
LOAD CMakeFiles/target.elf.dir/app/src/test.c.obj
LOAD CMakeFiles/target.elf.dir/mcu/startup_stm32h750xx.s.obj
LOAD d:/arm_none_gcc/bin/../lib/gcc/arm-none-eabi/10.3.1/../../../../arm-none-eabi/lib/thumb/v7e-m+dp/hard\libc_nano.a
LOAD d:/arm_none_gcc/bin/../lib/gcc/arm-none-eabi/10.3.1/../../../../arm-none-eabi/lib/thumb/v7e-m+dp/hard\libm.a
LOAD d:/arm_none_gcc/bin/../lib/gcc/arm-none-eabi/10.3.1/../../../../arm-none-eabi/lib/thumb/v7e-m+dp/hard\libnosys.a
LOAD D:/hahahahaha/VSCODEproject/H750cmakeproject/stm32-cmake-templete-master/mcu/Drivers/CMSIS/Lib/GCC\libarm_cortexM7lfdp_math.a
START GROUP
LOAD d:/arm_none_gcc/bin/../lib/gcc/arm-none-eabi/10.3.1/thumb/v7e-m+dp/hard\libgcc.a
LOAD d:/arm_none_gcc/bin/../lib/gcc/arm-none-eabi/10.3.1/../../../../arm-none-eabi/lib/thumb/v7e-m+dp/hard\libg_nano.a
LOAD d:/arm_none_gcc/bin/../lib/gcc/arm-none-eabi/10.3.1/../../../../arm-none-eabi/lib/thumb/v7e-m+dp/hard\libc_nano.a
END GROUP
START GROUP
LOAD d:/arm_none_gcc/bin/../lib/gcc/arm-none-eabi/10.3.1/thumb/v7e-m+dp/hard\libgcc.a
LOAD d:/arm_none_gcc/bin/../lib/gcc/arm-none-eabi/10.3.1/../../../../arm-none-eabi/lib/thumb/v7e-m+dp/hard\libc_nano.a
LOAD d:/arm_none_gcc/bin/../lib/gcc/arm-none-eabi/10.3.1/../../../../arm-none-eabi/lib/thumb/v7e-m+dp/hard\librdimon_nano.a
LOAD d:/arm_none_gcc/bin/../lib/gcc/arm-none-eabi/10.3.1/../../../../arm-none-eabi/lib/thumb/v7e-m+dp/hard\libnosys.a
END GROUP
START GROUP
LOAD d:/arm_none_gcc/bin/../lib/gcc/arm-none-eabi/10.3.1/thumb/v7e-m+dp/hard\libgcc.a
LOAD d:/arm_none_gcc/bin/../lib/gcc/arm-none-eabi/10.3.1/../../../../arm-none-eabi/lib/thumb/v7e-m+dp/hard\libc_nano.a
LOAD d:/arm_none_gcc/bin/../lib/gcc/arm-none-eabi/10.3.1/../../../../arm-none-eabi/lib/thumb/v7e-m+dp/hard\libnosys.a
END GROUP
START GROUP
LOAD d:/arm_none_gcc/bin/../lib/gcc/arm-none-eabi/10.3.1/thumb/v7e-m+dp/hard\libgcc.a
LOAD d:/arm_none_gcc/bin/../lib/gcc/arm-none-eabi/10.3.1/../../../../arm-none-eabi/lib/thumb/v7e-m+dp/hard\libc_nano.a
LOAD d:/arm_none_gcc/bin/../lib/gcc/arm-none-eabi/10.3.1/../../../../arm-none-eabi/lib/thumb/v7e-m+dp/hard\librdimon_nano.a
END GROUP
LOAD d:/arm_none_gcc/bin/../lib/gcc/arm-none-eabi/10.3.1/thumb/v7e-m+dp/hard/crtend.o
LOAD d:/arm_none_gcc/bin/../lib/gcc/arm-none-eabi/10.3.1/thumb/v7e-m+dp/hard/crtn.o
                0x20020000                _estack = (ORIGIN (DTCMRAM) + LENGTH (DTCMRAM))
                0x00000200                _Min_Heap_Size = 0x200
                0x00000400                _Min_Stack_Size = 0x400

.isr_vector     0x08000000      0x298
                0x08000000                . = ALIGN (0x4)
 *(.isr_vector)
 .isr_vector    0x08000000      0x298 CMakeFiles/target.elf.dir/mcu/startup_stm32h750xx.s.obj
                0x08000000                g_pfnVectors
                0x08000298                . = ALIGN (0x4)

.text           0x08000298     0x1d84
                0x08000298                . = ALIGN (0x4)
 *(.text)
 .text          0x08000298       0x40 d:/arm_none_gcc/bin/../lib/gcc/arm-none-eabi/10.3.1/thumb/v7e-m+dp/hard/crtbegin.o
 *(.text*)
 .text.MX_GPIO_Init
                0x080002d8       0xa8 CMakeFiles/target.elf.dir/mcu/Core/Src/gpio.c.obj
                0x080002d8                MX_GPIO_Init
 .text.main     0x08000380       0x26 CMakeFiles/target.elf.dir/mcu/Core/Src/main.c.obj
                0x08000380                main
 *fill*         0x080003a6        0x2 
 .text.SystemClock_Config
                0x080003a8       0xd4 CMakeFiles/target.elf.dir/mcu/Core/Src/main.c.obj
                0x080003a8                SystemClock_Config
 .text.Error_Handler
                0x0800047c        0xa CMakeFiles/target.elf.dir/mcu/Core/Src/main.c.obj
                0x0800047c                Error_Handler
 *fill*         0x08000486        0x2 
 .text.HAL_MspInit
                0x08000488       0x34 CMakeFiles/target.elf.dir/mcu/Core/Src/stm32h7xx_hal_msp.c.obj
                0x08000488                HAL_MspInit
 .text.NMI_Handler
                0x080004bc        0x6 CMakeFiles/target.elf.dir/mcu/Core/Src/stm32h7xx_it.c.obj
                0x080004bc                NMI_Handler
 .text.HardFault_Handler
                0x080004c2        0x6 CMakeFiles/target.elf.dir/mcu/Core/Src/stm32h7xx_it.c.obj
                0x080004c2                HardFault_Handler
 .text.MemManage_Handler
                0x080004c8        0x6 CMakeFiles/target.elf.dir/mcu/Core/Src/stm32h7xx_it.c.obj
                0x080004c8                MemManage_Handler
 .text.BusFault_Handler
                0x080004ce        0x6 CMakeFiles/target.elf.dir/mcu/Core/Src/stm32h7xx_it.c.obj
                0x080004ce                BusFault_Handler
 .text.UsageFault_Handler
                0x080004d4        0x6 CMakeFiles/target.elf.dir/mcu/Core/Src/stm32h7xx_it.c.obj
                0x080004d4                UsageFault_Handler
 .text.SVC_Handler
                0x080004da        0xe CMakeFiles/target.elf.dir/mcu/Core/Src/stm32h7xx_it.c.obj
                0x080004da                SVC_Handler
 .text.DebugMon_Handler
                0x080004e8        0xe CMakeFiles/target.elf.dir/mcu/Core/Src/stm32h7xx_it.c.obj
                0x080004e8                DebugMon_Handler
 .text.PendSV_Handler
                0x080004f6        0xe CMakeFiles/target.elf.dir/mcu/Core/Src/stm32h7xx_it.c.obj
                0x080004f6                PendSV_Handler
 .text.SysTick_Handler
                0x08000504        0xc CMakeFiles/target.elf.dir/mcu/Core/Src/stm32h7xx_it.c.obj
                0x08000504                SysTick_Handler
 .text.SystemInit
                0x08000510      0x110 CMakeFiles/target.elf.dir/mcu/Core/Src/system_stm32h7xx.c.obj
                0x08000510                SystemInit
 .text.HAL_Init
                0x08000620       0x78 CMakeFiles/target.elf.dir/mcu/Drivers/STM32H7xx_HAL_Driver/Src/stm32h7xx_hal.c.obj
                0x08000620                HAL_Init
 .text.HAL_InitTick
                0x08000698       0x6c CMakeFiles/target.elf.dir/mcu/Drivers/STM32H7xx_HAL_Driver/Src/stm32h7xx_hal.c.obj
                0x08000698                HAL_InitTick
 .text.HAL_IncTick
                0x08000704       0x28 CMakeFiles/target.elf.dir/mcu/Drivers/STM32H7xx_HAL_Driver/Src/stm32h7xx_hal.c.obj
                0x08000704                HAL_IncTick
 .text.HAL_GetTick
                0x0800072c       0x18 CMakeFiles/target.elf.dir/mcu/Drivers/STM32H7xx_HAL_Driver/Src/stm32h7xx_hal.c.obj
                0x0800072c                HAL_GetTick
 .text.HAL_Delay
                0x08000744       0x48 CMakeFiles/target.elf.dir/mcu/Drivers/STM32H7xx_HAL_Driver/Src/stm32h7xx_hal.c.obj
                0x08000744                HAL_Delay
 .text.HAL_GetREVID
                0x0800078c       0x18 CMakeFiles/target.elf.dir/mcu/Drivers/STM32H7xx_HAL_Driver/Src/stm32h7xx_hal.c.obj
                0x0800078c                HAL_GetREVID
 .text.__NVIC_SetPriorityGrouping
                0x080007a4       0x48 CMakeFiles/target.elf.dir/mcu/Drivers/STM32H7xx_HAL_Driver/Src/stm32h7xx_hal_cortex.c.obj
 .text.__NVIC_GetPriorityGrouping
                0x080007ec       0x1c CMakeFiles/target.elf.dir/mcu/Drivers/STM32H7xx_HAL_Driver/Src/stm32h7xx_hal_cortex.c.obj
 .text.__NVIC_SetPriority
                0x08000808       0x54 CMakeFiles/target.elf.dir/mcu/Drivers/STM32H7xx_HAL_Driver/Src/stm32h7xx_hal_cortex.c.obj
 .text.NVIC_EncodePriority
                0x0800085c       0x66 CMakeFiles/target.elf.dir/mcu/Drivers/STM32H7xx_HAL_Driver/Src/stm32h7xx_hal_cortex.c.obj
 *fill*         0x080008c2        0x2 
 .text.SysTick_Config
                0x080008c4       0x44 CMakeFiles/target.elf.dir/mcu/Drivers/STM32H7xx_HAL_Driver/Src/stm32h7xx_hal_cortex.c.obj
 .text.HAL_NVIC_SetPriorityGrouping
                0x08000908       0x16 CMakeFiles/target.elf.dir/mcu/Drivers/STM32H7xx_HAL_Driver/Src/stm32h7xx_hal_cortex.c.obj
                0x08000908                HAL_NVIC_SetPriorityGrouping
 .text.HAL_NVIC_SetPriority
                0x0800091e       0x34 CMakeFiles/target.elf.dir/mcu/Drivers/STM32H7xx_HAL_Driver/Src/stm32h7xx_hal_cortex.c.obj
                0x0800091e                HAL_NVIC_SetPriority
 .text.HAL_SYSTICK_Config
                0x08000952       0x18 CMakeFiles/target.elf.dir/mcu/Drivers/STM32H7xx_HAL_Driver/Src/stm32h7xx_hal_cortex.c.obj
                0x08000952                HAL_SYSTICK_Config
 *fill*         0x0800096a        0x2 
 .text.HAL_GPIO_Init
                0x0800096c      0x360 CMakeFiles/target.elf.dir/mcu/Drivers/STM32H7xx_HAL_Driver/Src/stm32h7xx_hal_gpio.c.obj
                0x0800096c                HAL_GPIO_Init
 .text.HAL_GPIO_WritePin
                0x08000ccc       0x32 CMakeFiles/target.elf.dir/mcu/Drivers/STM32H7xx_HAL_Driver/Src/stm32h7xx_hal_gpio.c.obj
                0x08000ccc                HAL_GPIO_WritePin
 *fill*         0x08000cfe        0x2 
 .text.HAL_PWREx_ConfigSupply
                0x08000d00       0x74 CMakeFiles/target.elf.dir/mcu/Drivers/STM32H7xx_HAL_Driver/Src/stm32h7xx_hal_pwr_ex.c.obj
                0x08000d00                HAL_PWREx_ConfigSupply
 .text.HAL_RCC_OscConfig
                0x08000d74      0x8b4 CMakeFiles/target.elf.dir/mcu/Drivers/STM32H7xx_HAL_Driver/Src/stm32h7xx_hal_rcc.c.obj
                0x08000d74                HAL_RCC_OscConfig
 .text.HAL_RCC_ClockConfig
                0x08001628      0x36c CMakeFiles/target.elf.dir/mcu/Drivers/STM32H7xx_HAL_Driver/Src/stm32h7xx_hal_rcc.c.obj
                0x08001628                HAL_RCC_ClockConfig
 .text.HAL_RCC_GetSysClockFreq
                0x08001994      0x2f4 CMakeFiles/target.elf.dir/mcu/Drivers/STM32H7xx_HAL_Driver/Src/stm32h7xx_hal_rcc.c.obj
                0x08001994                HAL_RCC_GetSysClockFreq
 .text.Test     0x08001c88       0x30 CMakeFiles/target.elf.dir/app/src/test.c.obj
                0x08001c88                Test
 .text.Reset_Handler
                0x08001cb8       0x50 CMakeFiles/target.elf.dir/mcu/startup_stm32h750xx.s.obj
                0x08001cb8                Reset_Handler
 .text.Default_Handler
                0x08001d08        0x2 CMakeFiles/target.elf.dir/mcu/startup_stm32h750xx.s.obj
                0x08001d08                RTC_Alarm_IRQHandler
                0x08001d08                HASH_RNG_IRQHandler
                0x08001d08                EXTI2_IRQHandler
                0x08001d08                TIM8_CC_IRQHandler
                0x08001d08                HRTIM1_Master_IRQHandler
                0x08001d08                UART8_IRQHandler
                0x08001d08                SPI4_IRQHandler
                0x08001d08                TIM1_CC_IRQHandler
                0x08001d08                BDMA_Channel6_IRQHandler
                0x08001d08                DMA2_Stream5_IRQHandler
                0x08001d08                HRTIM1_FLT_IRQHandler
                0x08001d08                JPEG_IRQHandler
                0x08001d08                DMA1_Stream5_IRQHandler
                0x08001d08                BDMA_Channel1_IRQHandler
                0x08001d08                HRTIM1_TIMD_IRQHandler
                0x08001d08                TAMP_STAMP_IRQHandler
                0x08001d08                EXTI3_IRQHandler
                0x08001d08                LPTIM4_IRQHandler
                0x08001d08                TIM8_TRG_COM_TIM14_IRQHandler
                0x08001d08                LPTIM2_IRQHandler
                0x08001d08                DFSDM1_FLT1_IRQHandler
                0x08001d08                DMAMUX2_OVR_IRQHandler
                0x08001d08                TIM8_UP_TIM13_IRQHandler
                0x08001d08                I2C3_ER_IRQHandler
                0x08001d08                DFSDM1_FLT2_IRQHandler
                0x08001d08                MDMA_IRQHandler
                0x08001d08                LPTIM3_IRQHandler
                0x08001d08                HSEM1_IRQHandler
                0x08001d08                EXTI0_IRQHandler
                0x08001d08                I2C2_EV_IRQHandler
                0x08001d08                DMA1_Stream2_IRQHandler
                0x08001d08                FPU_IRQHandler
                0x08001d08                OTG_HS_WKUP_IRQHandler
                0x08001d08                FDCAN1_IT1_IRQHandler
                0x08001d08                LTDC_ER_IRQHandler
                0x08001d08                DMA2_Stream2_IRQHandler
                0x08001d08                HRTIM1_TIME_IRQHandler
                0x08001d08                SPI1_IRQHandler
                0x08001d08                TIM6_DAC_IRQHandler
                0x08001d08                DCMI_IRQHandler
                0x08001d08                HRTIM1_TIMC_IRQHandler
                0x08001d08                DMA2_Stream3_IRQHandler
                0x08001d08                SAI2_IRQHandler
                0x08001d08                DFSDM1_FLT3_IRQHandler
                0x08001d08                USART6_IRQHandler
                0x08001d08                TIM17_IRQHandler
                0x08001d08                USART3_IRQHandler
                0x08001d08                BDMA_Channel7_IRQHandler
                0x08001d08                CRYP_IRQHandler
                0x08001d08                LPTIM5_IRQHandler
                0x08001d08                UART5_IRQHandler
                0x08001d08                ADC3_IRQHandler
                0x08001d08                DMA2_Stream0_IRQHandler
                0x08001d08                TIM4_IRQHandler
                0x08001d08                BDMA_Channel2_IRQHandler
                0x08001d08                QUADSPI_IRQHandler
                0x08001d08                I2C1_EV_IRQHandler
                0x08001d08                DMA1_Stream6_IRQHandler
                0x08001d08                DMAMUX1_OVR_IRQHandler
                0x08001d08                DMA1_Stream1_IRQHandler
                0x08001d08                TIM16_IRQHandler
                0x08001d08                UART4_IRQHandler
                0x08001d08                BDMA_Channel5_IRQHandler
                0x08001d08                TIM3_IRQHandler
                0x08001d08                RCC_IRQHandler
                0x08001d08                TIM8_BRK_TIM12_IRQHandler
                0x08001d08                TIM1_TRG_COM_IRQHandler
                0x08001d08                Default_Handler
                0x08001d08                ECC_IRQHandler
                0x08001d08                CEC_IRQHandler
                0x08001d08                EXTI15_10_IRQHandler
                0x08001d08                BDMA_Channel0_IRQHandler
                0x08001d08                ADC_IRQHandler
                0x08001d08                DMA1_Stream7_IRQHandler
                0x08001d08                HRTIM1_TIMA_IRQHandler
                0x08001d08                SPI5_IRQHandler
                0x08001d08                TIM7_IRQHandler
                0x08001d08                SDMMC1_IRQHandler
                0x08001d08                TIM5_IRQHandler
                0x08001d08                DMA2_Stream7_IRQHandler
                0x08001d08                TIM15_IRQHandler
                0x08001d08                PVD_AVD_IRQHandler
                0x08001d08                I2C3_EV_IRQHandler
                0x08001d08                EXTI9_5_IRQHandler
                0x08001d08                RTC_WKUP_IRQHandler
                0x08001d08                LTDC_IRQHandler
                0x08001d08                SAI3_IRQHandler
                0x08001d08                ETH_WKUP_IRQHandler
                0x08001d08                SPDIF_RX_IRQHandler
                0x08001d08                SPI2_IRQHandler
                0x08001d08                OTG_HS_EP1_IN_IRQHandler
                0x08001d08                DMA1_Stream0_IRQHandler
                0x08001d08                CRS_IRQHandler
                0x08001d08                EXTI4_IRQHandler
                0x08001d08                HRTIM1_TIMB_IRQHandler
                0x08001d08                FDCAN2_IT1_IRQHandler
                0x08001d08                ETH_IRQHandler
                0x08001d08                TIM1_UP_IRQHandler
                0x08001d08                BDMA_Channel4_IRQHandler
                0x08001d08                OTG_HS_EP1_OUT_IRQHandler
                0x08001d08                WWDG_IRQHandler
                0x08001d08                SPI6_IRQHandler
                0x08001d08                MDIOS_IRQHandler
                0x08001d08                I2C4_EV_IRQHandler
                0x08001d08                FDCAN2_IT0_IRQHandler
                0x08001d08                LPUART1_IRQHandler
                0x08001d08                FDCAN1_IT0_IRQHandler
                0x08001d08                TIM2_IRQHandler
                0x08001d08                OTG_FS_WKUP_IRQHandler
                0x08001d08                OTG_HS_IRQHandler
                0x08001d08                DMA2D_IRQHandler
                0x08001d08                TIM1_BRK_IRQHandler
                0x08001d08                EXTI1_IRQHandler
                0x08001d08                SDMMC2_IRQHandler
                0x08001d08                OTG_FS_EP1_OUT_IRQHandler
                0x08001d08                BDMA_Channel3_IRQHandler
                0x08001d08                UART7_IRQHandler
                0x08001d08                MDIOS_WKUP_IRQHandler
                0x08001d08                USART2_IRQHandler
                0x08001d08                DFSDM1_FLT0_IRQHandler
                0x08001d08                SAI4_IRQHandler
                0x08001d08                I2C2_ER_IRQHandler
                0x08001d08                DMA2_Stream1_IRQHandler
                0x08001d08                FLASH_IRQHandler
                0x08001d08                DMA2_Stream4_IRQHandler
                0x08001d08                USART1_IRQHandler
                0x08001d08                OTG_FS_IRQHandler
                0x08001d08                SPI3_IRQHandler
                0x08001d08                WAKEUP_PIN_IRQHandler
                0x08001d08                DMA1_Stream4_IRQHandler
                0x08001d08                OTG_FS_EP1_IN_IRQHandler
                0x08001d08                I2C1_ER_IRQHandler
                0x08001d08                FMC_IRQHandler
                0x08001d08                FDCAN_CAL_IRQHandler
                0x08001d08                SWPMI1_IRQHandler
                0x08001d08                COMP1_IRQHandler
                0x08001d08                LPTIM1_IRQHandler
                0x08001d08                I2C4_ER_IRQHandler
                0x08001d08                DMA2_Stream6_IRQHandler
                0x08001d08                SAI1_IRQHandler
                0x08001d08                DMA1_Stream3_IRQHandler
 *fill*         0x08001d0a        0x2 
 .text.__libc_init_array
                0x08001d0c       0x48 d:/arm_none_gcc/bin/../lib/gcc/arm-none-eabi/10.3.1/../../../../arm-none-eabi/lib/thumb/v7e-m+dp/hard\libc_nano.a(lib_a-init.o)
                0x08001d0c                __libc_init_array
 .text.memset   0x08001d54       0x10 d:/arm_none_gcc/bin/../lib/gcc/arm-none-eabi/10.3.1/../../../../arm-none-eabi/lib/thumb/v7e-m+dp/hard\libc_nano.a(lib_a-memset.o)
                0x08001d54                memset
 .text.arm_cmplx_mag_f32
                0x08001d64      0x248 D:/hahahahaha/VSCODEproject/H750cmakeproject/stm32-cmake-templete-master/mcu/Drivers/CMSIS/Lib/GCC\libarm_cortexM7lfdp_math.a(arm_cmplx_mag_f32.o)
                0x08001d64                arm_cmplx_mag_f32
 .text.__errno  0x08001fac        0xc d:/arm_none_gcc/bin/../lib/gcc/arm-none-eabi/10.3.1/../../../../arm-none-eabi/lib/thumb/v7e-m+dp/hard\libc_nano.a(lib_a-errno.o)
                0x08001fac                __errno
 .text.sqrtf    0x08001fb8       0x44 d:/arm_none_gcc/bin/../lib/gcc/arm-none-eabi/10.3.1/../../../../arm-none-eabi/lib/thumb/v7e-m+dp/hard\libm.a(lib_a-wf_sqrt.o)
                0x08001fb8                sqrtf
 .text.__ieee754_sqrtf
                0x08001ffc        0x8 d:/arm_none_gcc/bin/../lib/gcc/arm-none-eabi/10.3.1/../../../../arm-none-eabi/lib/thumb/v7e-m+dp/hard\libm.a(lib_a-ef_sqrt.o)
                0x08001ffc                __ieee754_sqrtf
 *(.glue_7)
 .glue_7        0x08002004        0x0 linker stubs
 *(.glue_7t)
 .glue_7t       0x08002004        0x0 linker stubs
 *(.eh_frame)
 .eh_frame      0x08002004        0x0 d:/arm_none_gcc/bin/../lib/gcc/arm-none-eabi/10.3.1/thumb/v7e-m+dp/hard/crtbegin.o
 *(.init)
 .init          0x08002004        0x4 d:/arm_none_gcc/bin/../lib/gcc/arm-none-eabi/10.3.1/thumb/v7e-m+dp/hard/crti.o
                0x08002004                _init
 .init          0x08002008        0x8 d:/arm_none_gcc/bin/../lib/gcc/arm-none-eabi/10.3.1/thumb/v7e-m+dp/hard/crtn.o
 *(.fini)
 .fini          0x08002010        0x4 d:/arm_none_gcc/bin/../lib/gcc/arm-none-eabi/10.3.1/thumb/v7e-m+dp/hard/crti.o
                0x08002010                _fini
 .fini          0x08002014        0x8 d:/arm_none_gcc/bin/../lib/gcc/arm-none-eabi/10.3.1/thumb/v7e-m+dp/hard/crtn.o
                0x0800201c                . = ALIGN (0x4)
                0x0800201c                _etext = .

.vfp11_veneer   0x0800201c        0x0
 .vfp11_veneer  0x0800201c        0x0 linker stubs

.v4_bx          0x0800201c        0x0
 .v4_bx         0x0800201c        0x0 linker stubs

.iplt           0x0800201c        0x0
 .iplt          0x0800201c        0x0 d:/arm_none_gcc/bin/../lib/gcc/arm-none-eabi/10.3.1/thumb/v7e-m+dp/hard/crtbegin.o

.rodata         0x0800201c       0x70
                0x0800201c                . = ALIGN (0x4)
 *(.rodata)
 *(.rodata*)
 .rodata.D1CorePrescTable
                0x0800201c       0x10 CMakeFiles/target.elf.dir/mcu/Core/Src/system_stm32h7xx.c.obj
                0x0800201c                D1CorePrescTable
 .rodata.__sf_fake_stderr
                0x0800202c       0x20 d:/arm_none_gcc/bin/../lib/gcc/arm-none-eabi/10.3.1/../../../../arm-none-eabi/lib/thumb/v7e-m+dp/hard\libc_nano.a(lib_a-findfp.o)
                0x0800202c                __sf_fake_stderr
 .rodata.__sf_fake_stdin
                0x0800204c       0x20 d:/arm_none_gcc/bin/../lib/gcc/arm-none-eabi/10.3.1/../../../../arm-none-eabi/lib/thumb/v7e-m+dp/hard\libc_nano.a(lib_a-findfp.o)
                0x0800204c                __sf_fake_stdin
 .rodata.__sf_fake_stdout
                0x0800206c       0x20 d:/arm_none_gcc/bin/../lib/gcc/arm-none-eabi/10.3.1/../../../../arm-none-eabi/lib/thumb/v7e-m+dp/hard\libc_nano.a(lib_a-findfp.o)
                0x0800206c                __sf_fake_stdout
                0x0800208c                . = ALIGN (0x4)

.rel.dyn        0x0800208c        0x0
 .rel.iplt      0x0800208c        0x0 d:/arm_none_gcc/bin/../lib/gcc/arm-none-eabi/10.3.1/thumb/v7e-m+dp/hard/crtbegin.o

.ARM.extab
 *(.ARM.extab* .gnu.linkonce.armextab.*)

.ARM            0x0800208c        0x0
                0x0800208c                __exidx_start = .
 *(.ARM.exidx*)
                0x0800208c                __exidx_end = .

.preinit_array  0x0800208c        0x0
                0x0800208c                PROVIDE (__preinit_array_start = .)
 *(.preinit_array*)
                0x0800208c                PROVIDE (__preinit_array_end = .)

.init_array     0x0800208c        0x4
                0x0800208c                PROVIDE (__init_array_start = .)
 *(SORT_BY_NAME(.init_array.*))
 *(.init_array*)
 .init_array    0x0800208c        0x4 d:/arm_none_gcc/bin/../lib/gcc/arm-none-eabi/10.3.1/thumb/v7e-m+dp/hard/crtbegin.o
                0x08002090                PROVIDE (__init_array_end = .)

.fini_array     0x08002090        0x4
                [!provide]                PROVIDE (__fini_array_start = .)
 *(SORT_BY_NAME(.fini_array.*))
 *(.fini_array*)
 .fini_array    0x08002090        0x4 d:/arm_none_gcc/bin/../lib/gcc/arm-none-eabi/10.3.1/thumb/v7e-m+dp/hard/crtbegin.o
                [!provide]                PROVIDE (__fini_array_end = .)
                0x08002094                _sidata = LOADADDR (.data)

.data           0x20000000       0x74 load address 0x08002094
                0x20000000                . = ALIGN (0x4)
                0x20000000                _sdata = .
 *(.data)
 *(.data*)
 .data.SystemCoreClock
                0x20000000        0x4 CMakeFiles/target.elf.dir/mcu/Core/Src/system_stm32h7xx.c.obj
                0x20000000                SystemCoreClock
 .data.SystemD2Clock
                0x20000004        0x4 CMakeFiles/target.elf.dir/mcu/Core/Src/system_stm32h7xx.c.obj
                0x20000004                SystemD2Clock
 .data.uwTickPrio
                0x20000008        0x4 CMakeFiles/target.elf.dir/mcu/Drivers/STM32H7xx_HAL_Driver/Src/stm32h7xx_hal.c.obj
                0x20000008                uwTickPrio
 .data.uwTickFreq
                0x2000000c        0x1 CMakeFiles/target.elf.dir/mcu/Drivers/STM32H7xx_HAL_Driver/Src/stm32h7xx_hal.c.obj
                0x2000000c                uwTickFreq
 *fill*         0x2000000d        0x3 
 .data._impure_ptr
                0x20000010        0x4 d:/arm_none_gcc/bin/../lib/gcc/arm-none-eabi/10.3.1/../../../../arm-none-eabi/lib/thumb/v7e-m+dp/hard\libc_nano.a(lib_a-impure.o)
                0x20000010                _impure_ptr
 .data.impure_data
                0x20000014       0x60 d:/arm_none_gcc/bin/../lib/gcc/arm-none-eabi/10.3.1/../../../../arm-none-eabi/lib/thumb/v7e-m+dp/hard\libc_nano.a(lib_a-impure.o)
                0x20000074                . = ALIGN (0x4)
                0x20000074                _edata = .

.igot.plt       0x20000074        0x0 load address 0x08002108
 .igot.plt      0x20000074        0x0 d:/arm_none_gcc/bin/../lib/gcc/arm-none-eabi/10.3.1/thumb/v7e-m+dp/hard/crtbegin.o
                0x20000074                . = ALIGN (0x4)

.bss            0x20000074       0x20 load address 0x08002108
                0x20000074                _sbss = .
                0x20000074                __bss_start__ = _sbss
 *(.bss)
 .bss           0x20000074       0x1c d:/arm_none_gcc/bin/../lib/gcc/arm-none-eabi/10.3.1/thumb/v7e-m+dp/hard/crtbegin.o
 *(.bss*)
 .bss.uwTick    0x20000090        0x4 CMakeFiles/target.elf.dir/mcu/Drivers/STM32H7xx_HAL_Driver/Src/stm32h7xx_hal.c.obj
                0x20000090                uwTick
 *(COMMON)
                0x20000094                . = ALIGN (0x4)
                0x20000094                _ebss = .
                0x20000094                __bss_end__ = _ebss

._user_heap_stack
                0x20000094      0x604 load address 0x08002108
                0x20000098                . = ALIGN (0x8)
 *fill*         0x20000094        0x4 
                0x20000098                PROVIDE (end = .)
                [!provide]                PROVIDE (_end = .)
                0x20000298                . = (. + _Min_Heap_Size)
 *fill*         0x20000098      0x200 
                0x20000698                . = (. + _Min_Stack_Size)
 *fill*         0x20000298      0x400 
                0x20000698                . = ALIGN (0x8)

/DISCARD/
 libc.a(*)
 libm.a(*)
 libgcc.a(*)

.ARM.attributes
                0x00000000       0x2e
 *(.ARM.attributes)
 .ARM.attributes
                0x00000000       0x1e d:/arm_none_gcc/bin/../lib/gcc/arm-none-eabi/10.3.1/thumb/v7e-m+dp/hard/crti.o
 .ARM.attributes
                0x0000001e       0x32 d:/arm_none_gcc/bin/../lib/gcc/arm-none-eabi/10.3.1/thumb/v7e-m+dp/hard/crtbegin.o
 .ARM.attributes
                0x00000050       0x32 CMakeFiles/target.elf.dir/mcu/Core/Src/gpio.c.obj
 .ARM.attributes
                0x00000082       0x32 CMakeFiles/target.elf.dir/mcu/Core/Src/main.c.obj
 .ARM.attributes
                0x000000b4       0x32 CMakeFiles/target.elf.dir/mcu/Core/Src/stm32h7xx_hal_msp.c.obj
 .ARM.attributes
                0x000000e6       0x32 CMakeFiles/target.elf.dir/mcu/Core/Src/stm32h7xx_it.c.obj
 .ARM.attributes
                0x00000118       0x32 CMakeFiles/target.elf.dir/mcu/Core/Src/system_stm32h7xx.c.obj
 .ARM.attributes
                0x0000014a       0x32 CMakeFiles/target.elf.dir/mcu/Drivers/STM32H7xx_HAL_Driver/Src/stm32h7xx_hal.c.obj
 .ARM.attributes
                0x0000017c       0x32 CMakeFiles/target.elf.dir/mcu/Drivers/STM32H7xx_HAL_Driver/Src/stm32h7xx_hal_cortex.c.obj
 .ARM.attributes
                0x000001ae       0x32 CMakeFiles/target.elf.dir/mcu/Drivers/STM32H7xx_HAL_Driver/Src/stm32h7xx_hal_gpio.c.obj
 .ARM.attributes
                0x000001e0       0x32 CMakeFiles/target.elf.dir/mcu/Drivers/STM32H7xx_HAL_Driver/Src/stm32h7xx_hal_pwr_ex.c.obj
 .ARM.attributes
                0x00000212       0x32 CMakeFiles/target.elf.dir/mcu/Drivers/STM32H7xx_HAL_Driver/Src/stm32h7xx_hal_rcc.c.obj
 .ARM.attributes
                0x00000244       0x32 CMakeFiles/target.elf.dir/app/src/test.c.obj
 .ARM.attributes
                0x00000276       0x21 CMakeFiles/target.elf.dir/mcu/startup_stm32h750xx.s.obj
 .ARM.attributes
                0x00000297       0x32 d:/arm_none_gcc/bin/../lib/gcc/arm-none-eabi/10.3.1/../../../../arm-none-eabi/lib/thumb/v7e-m+dp/hard\libc_nano.a(lib_a-impure.o)
 .ARM.attributes
                0x000002c9       0x32 d:/arm_none_gcc/bin/../lib/gcc/arm-none-eabi/10.3.1/../../../../arm-none-eabi/lib/thumb/v7e-m+dp/hard\libc_nano.a(lib_a-init.o)
 .ARM.attributes
                0x000002fb       0x32 d:/arm_none_gcc/bin/../lib/gcc/arm-none-eabi/10.3.1/../../../../arm-none-eabi/lib/thumb/v7e-m+dp/hard\libc_nano.a(lib_a-memset.o)
 .ARM.attributes
                0x0000032d       0x32 D:/hahahahaha/VSCODEproject/H750cmakeproject/stm32-cmake-templete-master/mcu/Drivers/CMSIS/Lib/GCC\libarm_cortexM7lfdp_math.a(arm_cmplx_mag_f32.o)
 .ARM.attributes
                0x0000035f       0x32 d:/arm_none_gcc/bin/../lib/gcc/arm-none-eabi/10.3.1/../../../../arm-none-eabi/lib/thumb/v7e-m+dp/hard\libc_nano.a(lib_a-errno.o)
 .ARM.attributes
                0x00000391       0x32 d:/arm_none_gcc/bin/../lib/gcc/arm-none-eabi/10.3.1/../../../../arm-none-eabi/lib/thumb/v7e-m+dp/hard\libc_nano.a(lib_a-findfp.o)
 .ARM.attributes
                0x000003c3       0x1e d:/arm_none_gcc/bin/../lib/gcc/arm-none-eabi/10.3.1/thumb/v7e-m+dp/hard/crtn.o
OUTPUT(target.elf elf32-littlearm)
LOAD linker stubs
LOAD d:/arm_none_gcc/bin/../lib/gcc/arm-none-eabi/10.3.1/../../../../arm-none-eabi/lib/thumb/v7e-m+dp/hard\libc.a
LOAD d:/arm_none_gcc/bin/../lib/gcc/arm-none-eabi/10.3.1/../../../../arm-none-eabi/lib/thumb/v7e-m+dp/hard\libm.a
LOAD d:/arm_none_gcc/bin/../lib/gcc/arm-none-eabi/10.3.1/thumb/v7e-m+dp/hard\libgcc.a

.debug_info     0x00000000     0x80e7
 .debug_info    0x00000000      0x61e CMakeFiles/target.elf.dir/mcu/Core/Src/gpio.c.obj
 .debug_info    0x0000061e      0x60a CMakeFiles/target.elf.dir/mcu/Core/Src/main.c.obj
 .debug_info    0x00000c28      0x4a0 CMakeFiles/target.elf.dir/mcu/Core/Src/stm32h7xx_hal_msp.c.obj
 .debug_info    0x000010c8      0x12a CMakeFiles/target.elf.dir/mcu/Core/Src/stm32h7xx_it.c.obj
 .debug_info    0x000011f2      0xd03 CMakeFiles/target.elf.dir/mcu/Core/Src/system_stm32h7xx.c.obj
 .debug_info    0x00001ef5     0x1579 CMakeFiles/target.elf.dir/mcu/Drivers/STM32H7xx_HAL_Driver/Src/stm32h7xx_hal.c.obj
 .debug_info    0x0000346e     0x116f CMakeFiles/target.elf.dir/mcu/Drivers/STM32H7xx_HAL_Driver/Src/stm32h7xx_hal_cortex.c.obj
 .debug_info    0x000045dd      0xd24 CMakeFiles/target.elf.dir/mcu/Drivers/STM32H7xx_HAL_Driver/Src/stm32h7xx_hal_gpio.c.obj
 .debug_info    0x00005301     0x1083 CMakeFiles/target.elf.dir/mcu/Drivers/STM32H7xx_HAL_Driver/Src/stm32h7xx_hal_pwr_ex.c.obj
 .debug_info    0x00006384      0xef2 CMakeFiles/target.elf.dir/mcu/Drivers/STM32H7xx_HAL_Driver/Src/stm32h7xx_hal_rcc.c.obj
 .debug_info    0x00007276      0x195 CMakeFiles/target.elf.dir/app/src/test.c.obj
 .debug_info    0x0000740b       0x22 CMakeFiles/target.elf.dir/mcu/startup_stm32h750xx.s.obj
 .debug_info    0x0000742d      0xcba D:/hahahahaha/VSCODEproject/H750cmakeproject/stm32-cmake-templete-master/mcu/Drivers/CMSIS/Lib/GCC\libarm_cortexM7lfdp_math.a(arm_cmplx_mag_f32.o)

.debug_abbrev   0x00000000     0x14d7
 .debug_abbrev  0x00000000      0x13e CMakeFiles/target.elf.dir/mcu/Core/Src/gpio.c.obj
 .debug_abbrev  0x0000013e      0x1a2 CMakeFiles/target.elf.dir/mcu/Core/Src/main.c.obj
 .debug_abbrev  0x000002e0       0xd7 CMakeFiles/target.elf.dir/mcu/Core/Src/stm32h7xx_hal_msp.c.obj
 .debug_abbrev  0x000003b7       0x5e CMakeFiles/target.elf.dir/mcu/Core/Src/stm32h7xx_it.c.obj
 .debug_abbrev  0x00000415      0x144 CMakeFiles/target.elf.dir/mcu/Core/Src/system_stm32h7xx.c.obj
 .debug_abbrev  0x00000559      0x23e CMakeFiles/target.elf.dir/mcu/Drivers/STM32H7xx_HAL_Driver/Src/stm32h7xx_hal.c.obj
 .debug_abbrev  0x00000797      0x326 CMakeFiles/target.elf.dir/mcu/Drivers/STM32H7xx_HAL_Driver/Src/stm32h7xx_hal_cortex.c.obj
 .debug_abbrev  0x00000abd      0x1e9 CMakeFiles/target.elf.dir/mcu/Drivers/STM32H7xx_HAL_Driver/Src/stm32h7xx_hal_gpio.c.obj
 .debug_abbrev  0x00000ca6      0x264 CMakeFiles/target.elf.dir/mcu/Drivers/STM32H7xx_HAL_Driver/Src/stm32h7xx_hal_pwr_ex.c.obj
 .debug_abbrev  0x00000f0a      0x26d CMakeFiles/target.elf.dir/mcu/Drivers/STM32H7xx_HAL_Driver/Src/stm32h7xx_hal_rcc.c.obj
 .debug_abbrev  0x00001177       0xc6 CMakeFiles/target.elf.dir/app/src/test.c.obj
 .debug_abbrev  0x0000123d       0x12 CMakeFiles/target.elf.dir/mcu/startup_stm32h750xx.s.obj
 .debug_abbrev  0x0000124f      0x288 D:/hahahahaha/VSCODEproject/H750cmakeproject/stm32-cmake-templete-master/mcu/Drivers/CMSIS/Lib/GCC\libarm_cortexM7lfdp_math.a(arm_cmplx_mag_f32.o)

.debug_aranges  0x00000000      0x650
 .debug_aranges
                0x00000000       0x20 CMakeFiles/target.elf.dir/mcu/Core/Src/gpio.c.obj
 .debug_aranges
                0x00000020       0x30 CMakeFiles/target.elf.dir/mcu/Core/Src/main.c.obj
 .debug_aranges
                0x00000050       0x20 CMakeFiles/target.elf.dir/mcu/Core/Src/stm32h7xx_hal_msp.c.obj
 .debug_aranges
                0x00000070       0x60 CMakeFiles/target.elf.dir/mcu/Core/Src/stm32h7xx_it.c.obj
 .debug_aranges
                0x000000d0       0x28 CMakeFiles/target.elf.dir/mcu/Core/Src/system_stm32h7xx.c.obj
 .debug_aranges
                0x000000f8      0x198 CMakeFiles/target.elf.dir/mcu/Drivers/STM32H7xx_HAL_Driver/Src/stm32h7xx_hal.c.obj
 .debug_aranges
                0x00000290      0x120 CMakeFiles/target.elf.dir/mcu/Drivers/STM32H7xx_HAL_Driver/Src/stm32h7xx_hal_cortex.c.obj
 .debug_aranges
                0x000003b0       0x58 CMakeFiles/target.elf.dir/mcu/Drivers/STM32H7xx_HAL_Driver/Src/stm32h7xx_hal_gpio.c.obj
 .debug_aranges
                0x00000408      0x158 CMakeFiles/target.elf.dir/mcu/Drivers/STM32H7xx_HAL_Driver/Src/stm32h7xx_hal_pwr_ex.c.obj
 .debug_aranges
                0x00000560       0x88 CMakeFiles/target.elf.dir/mcu/Drivers/STM32H7xx_HAL_Driver/Src/stm32h7xx_hal_rcc.c.obj
 .debug_aranges
                0x000005e8       0x20 CMakeFiles/target.elf.dir/app/src/test.c.obj
 .debug_aranges
                0x00000608       0x28 CMakeFiles/target.elf.dir/mcu/startup_stm32h750xx.s.obj
 .debug_aranges
                0x00000630       0x20 D:/hahahahaha/VSCODEproject/H750cmakeproject/stm32-cmake-templete-master/mcu/Drivers/CMSIS/Lib/GCC\libarm_cortexM7lfdp_math.a(arm_cmplx_mag_f32.o)

.debug_ranges   0x00000000      0x658
 .debug_ranges  0x00000000       0x10 CMakeFiles/target.elf.dir/mcu/Core/Src/gpio.c.obj
 .debug_ranges  0x00000010       0x20 CMakeFiles/target.elf.dir/mcu/Core/Src/main.c.obj
 .debug_ranges  0x00000030       0x10 CMakeFiles/target.elf.dir/mcu/Core/Src/stm32h7xx_hal_msp.c.obj
 .debug_ranges  0x00000040       0x50 CMakeFiles/target.elf.dir/mcu/Core/Src/stm32h7xx_it.c.obj
 .debug_ranges  0x00000090       0x18 CMakeFiles/target.elf.dir/mcu/Core/Src/system_stm32h7xx.c.obj
 .debug_ranges  0x000000a8      0x188 CMakeFiles/target.elf.dir/mcu/Drivers/STM32H7xx_HAL_Driver/Src/stm32h7xx_hal.c.obj
 .debug_ranges  0x00000230      0x110 CMakeFiles/target.elf.dir/mcu/Drivers/STM32H7xx_HAL_Driver/Src/stm32h7xx_hal_cortex.c.obj
 .debug_ranges  0x00000340       0x48 CMakeFiles/target.elf.dir/mcu/Drivers/STM32H7xx_HAL_Driver/Src/stm32h7xx_hal_gpio.c.obj
 .debug_ranges  0x00000388      0x148 CMakeFiles/target.elf.dir/mcu/Drivers/STM32H7xx_HAL_Driver/Src/stm32h7xx_hal_pwr_ex.c.obj
 .debug_ranges  0x000004d0       0x78 CMakeFiles/target.elf.dir/mcu/Drivers/STM32H7xx_HAL_Driver/Src/stm32h7xx_hal_rcc.c.obj
 .debug_ranges  0x00000548       0x10 CMakeFiles/target.elf.dir/app/src/test.c.obj
 .debug_ranges  0x00000558       0x20 CMakeFiles/target.elf.dir/mcu/startup_stm32h750xx.s.obj
 .debug_ranges  0x00000578       0xe0 D:/hahahahaha/VSCODEproject/H750cmakeproject/stm32-cmake-templete-master/mcu/Drivers/CMSIS/Lib/GCC\libarm_cortexM7lfdp_math.a(arm_cmplx_mag_f32.o)

.debug_line     0x00000000     0x4458
 .debug_line    0x00000000      0x22e CMakeFiles/target.elf.dir/mcu/Core/Src/gpio.c.obj
 .debug_line    0x0000022e      0x3af CMakeFiles/target.elf.dir/mcu/Core/Src/main.c.obj
 .debug_line    0x000005dd      0x1a3 CMakeFiles/target.elf.dir/mcu/Core/Src/stm32h7xx_hal_msp.c.obj
 .debug_line    0x00000780      0x153 CMakeFiles/target.elf.dir/mcu/Core/Src/stm32h7xx_it.c.obj
 .debug_line    0x000008d3      0x414 CMakeFiles/target.elf.dir/mcu/Core/Src/system_stm32h7xx.c.obj
 .debug_line    0x00000ce7      0x87a CMakeFiles/target.elf.dir/mcu/Drivers/STM32H7xx_HAL_Driver/Src/stm32h7xx_hal.c.obj
 .debug_line    0x00001561      0x869 CMakeFiles/target.elf.dir/mcu/Drivers/STM32H7xx_HAL_Driver/Src/stm32h7xx_hal_cortex.c.obj
 .debug_line    0x00001dca      0x6bb CMakeFiles/target.elf.dir/mcu/Drivers/STM32H7xx_HAL_Driver/Src/stm32h7xx_hal_gpio.c.obj
 .debug_line    0x00002485      0x994 CMakeFiles/target.elf.dir/mcu/Drivers/STM32H7xx_HAL_Driver/Src/stm32h7xx_hal_pwr_ex.c.obj
 .debug_line    0x00002e19      0xe38 CMakeFiles/target.elf.dir/mcu/Drivers/STM32H7xx_HAL_Driver/Src/stm32h7xx_hal_rcc.c.obj
 .debug_line    0x00003c51      0x217 CMakeFiles/target.elf.dir/app/src/test.c.obj
 .debug_line    0x00003e68       0xc3 CMakeFiles/target.elf.dir/mcu/startup_stm32h750xx.s.obj
 .debug_line    0x00003f2b      0x52d D:/hahahahaha/VSCODEproject/H750cmakeproject/stm32-cmake-templete-master/mcu/Drivers/CMSIS/Lib/GCC\libarm_cortexM7lfdp_math.a(arm_cmplx_mag_f32.o)

.debug_str      0x00000000     0x30f2
 .debug_str     0x00000000      0x470 CMakeFiles/target.elf.dir/mcu/Core/Src/gpio.c.obj
                                0x4d1 (size before relaxing)
 .debug_str     0x00000470      0x2e4 CMakeFiles/target.elf.dir/mcu/Core/Src/main.c.obj
                                0x4bd (size before relaxing)
 .debug_str     0x00000754       0x76 CMakeFiles/target.elf.dir/mcu/Core/Src/stm32h7xx_hal_msp.c.obj
                                0x440 (size before relaxing)
 .debug_str     0x000007ca       0xf5 CMakeFiles/target.elf.dir/mcu/Core/Src/stm32h7xx_it.c.obj
                                0x281 (size before relaxing)
 .debug_str     0x000008bf      0x398 CMakeFiles/target.elf.dir/mcu/Core/Src/system_stm32h7xx.c.obj
                                0x77d (size before relaxing)
 .debug_str     0x00000c57      0xf59 CMakeFiles/target.elf.dir/mcu/Drivers/STM32H7xx_HAL_Driver/Src/stm32h7xx_hal.c.obj
                               0x14b0 (size before relaxing)
 .debug_str     0x00001bb0      0x504 CMakeFiles/target.elf.dir/mcu/Drivers/STM32H7xx_HAL_Driver/Src/stm32h7xx_hal_cortex.c.obj
                               0x10a5 (size before relaxing)
 .debug_str     0x000020b4      0x167 CMakeFiles/target.elf.dir/mcu/Drivers/STM32H7xx_HAL_Driver/Src/stm32h7xx_hal_gpio.c.obj
                                0x722 (size before relaxing)
 .debug_str     0x0000221b      0x59a CMakeFiles/target.elf.dir/mcu/Drivers/STM32H7xx_HAL_Driver/Src/stm32h7xx_hal_pwr_ex.c.obj
                                0xa77 (size before relaxing)
 .debug_str     0x000027b5      0x21a CMakeFiles/target.elf.dir/mcu/Drivers/STM32H7xx_HAL_Driver/Src/stm32h7xx_hal_rcc.c.obj
                                0xa34 (size before relaxing)
 .debug_str     0x000029cf       0x5d CMakeFiles/target.elf.dir/app/src/test.c.obj
                                0x25f (size before relaxing)
 .debug_str     0x00002a2c       0x71 CMakeFiles/target.elf.dir/mcu/startup_stm32h750xx.s.obj
                                 0xc0 (size before relaxing)
 .debug_str     0x00002a9d      0x655 D:/hahahahaha/VSCODEproject/H750cmakeproject/stm32-cmake-templete-master/mcu/Drivers/CMSIS/Lib/GCC\libarm_cortexM7lfdp_math.a(arm_cmplx_mag_f32.o)
                                0x734 (size before relaxing)

.comment        0x00000000       0xbe
 .comment       0x00000000       0x49 CMakeFiles/target.elf.dir/mcu/Core/Src/gpio.c.obj
                                 0x4a (size before relaxing)
 .comment       0x00000049       0x4a CMakeFiles/target.elf.dir/mcu/Core/Src/main.c.obj
 .comment       0x00000049       0x4a CMakeFiles/target.elf.dir/mcu/Core/Src/stm32h7xx_hal_msp.c.obj
 .comment       0x00000049       0x4a CMakeFiles/target.elf.dir/mcu/Core/Src/stm32h7xx_it.c.obj
 .comment       0x00000049       0x4a CMakeFiles/target.elf.dir/mcu/Core/Src/system_stm32h7xx.c.obj
 .comment       0x00000049       0x4a CMakeFiles/target.elf.dir/mcu/Drivers/STM32H7xx_HAL_Driver/Src/stm32h7xx_hal.c.obj
 .comment       0x00000049       0x4a CMakeFiles/target.elf.dir/mcu/Drivers/STM32H7xx_HAL_Driver/Src/stm32h7xx_hal_cortex.c.obj
 .comment       0x00000049       0x4a CMakeFiles/target.elf.dir/mcu/Drivers/STM32H7xx_HAL_Driver/Src/stm32h7xx_hal_gpio.c.obj
 .comment       0x00000049       0x4a CMakeFiles/target.elf.dir/mcu/Drivers/STM32H7xx_HAL_Driver/Src/stm32h7xx_hal_pwr_ex.c.obj
 .comment       0x00000049       0x4a CMakeFiles/target.elf.dir/mcu/Drivers/STM32H7xx_HAL_Driver/Src/stm32h7xx_hal_rcc.c.obj
 .comment       0x00000049       0x4a CMakeFiles/target.elf.dir/app/src/test.c.obj
 .comment       0x00000049       0x75 D:/hahahahaha/VSCODEproject/H750cmakeproject/stm32-cmake-templete-master/mcu/Drivers/CMSIS/Lib/GCC\libarm_cortexM7lfdp_math.a(arm_cmplx_mag_f32.o)
                                 0x76 (size before relaxing)

.debug_frame    0x00000000     0x1870
 .debug_frame   0x00000000       0x34 CMakeFiles/target.elf.dir/mcu/Core/Src/gpio.c.obj
 .debug_frame   0x00000034       0x6c CMakeFiles/target.elf.dir/mcu/Core/Src/main.c.obj
 .debug_frame   0x000000a0       0x38 CMakeFiles/target.elf.dir/mcu/Core/Src/stm32h7xx_hal_msp.c.obj
 .debug_frame   0x000000d8      0x104 CMakeFiles/target.elf.dir/mcu/Core/Src/stm32h7xx_it.c.obj
 .debug_frame   0x000001dc       0x58 CMakeFiles/target.elf.dir/mcu/Core/Src/system_stm32h7xx.c.obj
 .debug_frame   0x00000234      0x690 CMakeFiles/target.elf.dir/mcu/Drivers/STM32H7xx_HAL_Driver/Src/stm32h7xx_hal.c.obj
 .debug_frame   0x000008c4      0x4b8 CMakeFiles/target.elf.dir/mcu/Drivers/STM32H7xx_HAL_Driver/Src/stm32h7xx_hal_cortex.c.obj
 .debug_frame   0x00000d7c      0x14c CMakeFiles/target.elf.dir/mcu/Drivers/STM32H7xx_HAL_Driver/Src/stm32h7xx_hal_gpio.c.obj
 .debug_frame   0x00000ec8      0x580 CMakeFiles/target.elf.dir/mcu/Drivers/STM32H7xx_HAL_Driver/Src/stm32h7xx_hal_pwr_ex.c.obj
 .debug_frame   0x00001448      0x1f8 CMakeFiles/target.elf.dir/mcu/Drivers/STM32H7xx_HAL_Driver/Src/stm32h7xx_hal_rcc.c.obj
 .debug_frame   0x00001640       0x2c CMakeFiles/target.elf.dir/app/src/test.c.obj
 .debug_frame   0x0000166c       0x2c d:/arm_none_gcc/bin/../lib/gcc/arm-none-eabi/10.3.1/../../../../arm-none-eabi/lib/thumb/v7e-m+dp/hard\libc_nano.a(lib_a-init.o)
 .debug_frame   0x00001698       0x20 d:/arm_none_gcc/bin/../lib/gcc/arm-none-eabi/10.3.1/../../../../arm-none-eabi/lib/thumb/v7e-m+dp/hard\libc_nano.a(lib_a-memset.o)
 .debug_frame   0x000016b8       0x4c D:/hahahahaha/VSCODEproject/H750cmakeproject/stm32-cmake-templete-master/mcu/Drivers/CMSIS/Lib/GCC\libarm_cortexM7lfdp_math.a(arm_cmplx_mag_f32.o)
 .debug_frame   0x00001704       0x20 d:/arm_none_gcc/bin/../lib/gcc/arm-none-eabi/10.3.1/../../../../arm-none-eabi/lib/thumb/v7e-m+dp/hard\libc_nano.a(lib_a-errno.o)
 .debug_frame   0x00001724      0x14c d:/arm_none_gcc/bin/../lib/gcc/arm-none-eabi/10.3.1/../../../../arm-none-eabi/lib/thumb/v7e-m+dp/hard\libc_nano.a(lib_a-findfp.o)

.debug_loc      0x00000000      0xa27
 .debug_loc     0x00000000      0xa27 D:/hahahahaha/VSCODEproject/H750cmakeproject/stm32-cmake-templete-master/mcu/Drivers/CMSIS/Lib/GCC\libarm_cortexM7lfdp_math.a(arm_cmplx_mag_f32.o)
